Archive member included to satisfy reference by file (symbol)

e:/compiler/bin/../lib/gcc/arm-none-eabi/10.2.1/thumb/v7e-m+fp/hard\libgcc.a(_arm_muldf3.o)
                              CMakeFiles/TwisterDriver.elf.dir/UserApp/FOC/FOC.c.obj (__aeabi_dmul)
e:/compiler/bin/../lib/gcc/arm-none-eabi/10.2.1/thumb/v7e-m+fp/hard\libgcc.a(_arm_addsubdf3.o)
                              CMakeFiles/TwisterDriver.elf.dir/UserApp/FOC/Filter.c.obj (__aeabi_dsub)
e:/compiler/bin/../lib/gcc/arm-none-eabi/10.2.1/thumb/v7e-m+fp/hard\libgcc.a(_arm_muldivdf3.o)
                              CMakeFiles/TwisterDriver.elf.dir/UserApp/FOC/FOC.c.obj (__aeabi_ddiv)
e:/compiler/bin/../lib/gcc/arm-none-eabi/10.2.1/thumb/v7e-m+fp/hard\libgcc.a(_arm_cmpdf2.o)
                              CMakeFiles/TwisterDriver.elf.dir/UserApp/cJSON/cJSON.c.obj (__aeabi_dcmpeq)
e:/compiler/bin/../lib/gcc/arm-none-eabi/10.2.1/thumb/v7e-m+fp/hard\libgcc.a(_arm_unorddf2.o)
                              CMakeFiles/TwisterDriver.elf.dir/UserApp/cJSON/cJSON.c.obj (__aeabi_dcmpun)
e:/compiler/bin/../lib/gcc/arm-none-eabi/10.2.1/thumb/v7e-m+fp/hard\libgcc.a(_arm_fixdfsi.o)
                              CMakeFiles/TwisterDriver.elf.dir/UserApp/FOC/FOC.c.obj (__aeabi_d2iz)
e:/compiler/bin/../lib/gcc/arm-none-eabi/10.2.1/thumb/v7e-m+fp/hard\libgcc.a(_arm_truncdfsf2.o)
                              CMakeFiles/TwisterDriver.elf.dir/UserApp/FOC/FOC.c.obj (__aeabi_d2f)
e:/compiler/bin/../lib/gcc/arm-none-eabi/10.2.1/thumb/v7e-m+fp/hard\libgcc.a(_aeabi_uldivmod.o)
                              CMakeFiles/TwisterDriver.elf.dir/Drivers/STM32G4xx_HAL_Driver/Src/stm32g4xx_hal_uart.c.obj (__aeabi_uldivmod)
e:/compiler/bin/../lib/gcc/arm-none-eabi/10.2.1/thumb/v7e-m+fp/hard\libgcc.a(_udivmoddi4.o)
                              e:/compiler/bin/../lib/gcc/arm-none-eabi/10.2.1/thumb/v7e-m+fp/hard\libgcc.a(_aeabi_uldivmod.o) (__udivmoddi4)
e:/compiler/bin/../lib/gcc/arm-none-eabi/10.2.1/thumb/v7e-m+fp/hard\libgcc.a(_dvmd_tls.o)
                              e:/compiler/bin/../lib/gcc/arm-none-eabi/10.2.1/thumb/v7e-m+fp/hard\libgcc.a(_aeabi_uldivmod.o) (__aeabi_ldiv0)
e:/compiler/bin/../lib/gcc/arm-none-eabi/10.2.1/../../../../arm-none-eabi/lib/thumb/v7e-m+fp/hard\libg.a(lib_a-atof.o)
                              CMakeFiles/TwisterDriver.elf.dir/UserApp/retarget/retarget.c.obj (atof)
e:/compiler/bin/../lib/gcc/arm-none-eabi/10.2.1/../../../../arm-none-eabi/lib/thumb/v7e-m+fp/hard\libg.a(lib_a-ctype_.o)
                              CMakeFiles/TwisterDriver.elf.dir/UserApp/cJSON/cJSON.c.obj (_ctype_)
e:/compiler/bin/../lib/gcc/arm-none-eabi/10.2.1/../../../../arm-none-eabi/lib/thumb/v7e-m+fp/hard\libg.a(lib_a-errno.o)
                              CMakeFiles/TwisterDriver.elf.dir/Core/Src/syscalls.c.obj (__errno)
e:/compiler/bin/../lib/gcc/arm-none-eabi/10.2.1/../../../../arm-none-eabi/lib/thumb/v7e-m+fp/hard\libg.a(lib_a-exit.o)
                              e:/compiler/bin/../lib/gcc/arm-none-eabi/10.2.1/../../../../arm-none-eabi/lib/thumb/v7e-m+fp/hard/crt0.o (exit)
e:/compiler/bin/../lib/gcc/arm-none-eabi/10.2.1/../../../../arm-none-eabi/lib/thumb/v7e-m+fp/hard\libg.a(lib_a-impure.o)
                              e:/compiler/bin/../lib/gcc/arm-none-eabi/10.2.1/../../../../arm-none-eabi/lib/thumb/v7e-m+fp/hard\libg.a(lib_a-exit.o) (_global_impure_ptr)
e:/compiler/bin/../lib/gcc/arm-none-eabi/10.2.1/../../../../arm-none-eabi/lib/thumb/v7e-m+fp/hard\libg.a(lib_a-init.o)
                              e:/compiler/bin/../lib/gcc/arm-none-eabi/10.2.1/../../../../arm-none-eabi/lib/thumb/v7e-m+fp/hard/crt0.o (__libc_init_array)
e:/compiler/bin/../lib/gcc/arm-none-eabi/10.2.1/../../../../arm-none-eabi/lib/thumb/v7e-m+fp/hard\libg.a(lib_a-itoa.o)
                              CMakeFiles/TwisterDriver.elf.dir/UserApp/LCD/gui.c.obj (itoa)
e:/compiler/bin/../lib/gcc/arm-none-eabi/10.2.1/../../../../arm-none-eabi/lib/thumb/v7e-m+fp/hard\libg.a(lib_a-malloc.o)
                              CMakeFiles/TwisterDriver.elf.dir/UserApp/LCD/st7735.c.obj (malloc)
e:/compiler/bin/../lib/gcc/arm-none-eabi/10.2.1/../../../../arm-none-eabi/lib/thumb/v7e-m+fp/hard\libg.a(lib_a-mallocr.o)
                              e:/compiler/bin/../lib/gcc/arm-none-eabi/10.2.1/../../../../arm-none-eabi/lib/thumb/v7e-m+fp/hard\libg.a(lib_a-malloc.o) (_malloc_r)
e:/compiler/bin/../lib/gcc/arm-none-eabi/10.2.1/../../../../arm-none-eabi/lib/thumb/v7e-m+fp/hard\libg.a(lib_a-memcpy.o)
                              CMakeFiles/TwisterDriver.elf.dir/Core/Src/main.c.obj (memcpy)
e:/compiler/bin/../lib/gcc/arm-none-eabi/10.2.1/../../../../arm-none-eabi/lib/thumb/v7e-m+fp/hard\libg.a(lib_a-memset.o)
                              e:/compiler/bin/../lib/gcc/arm-none-eabi/10.2.1/../../../../arm-none-eabi/lib/thumb/v7e-m+fp/hard/crt0.o (memset)
e:/compiler/bin/../lib/gcc/arm-none-eabi/10.2.1/../../../../arm-none-eabi/lib/thumb/v7e-m+fp/hard\libg.a(lib_a-mlock.o)
[...]
Memory Configuration

Name             Origin             Length             Attributes
RAM              0x20000000         0x00008000         xrw
FLASH            0x08000000         0x00020000         xr
*default*        0x00000000         0xffffffff

Linker script and memory map

LOAD e:/compiler/bin/../lib/gcc/arm-none-eabi/10.2.1/thumb/v7e-m+fp/hard/crti.o
LOAD e:/compiler/bin/../lib/gcc/arm-none-eabi/10.2.1/thumb/v7e-m+fp/hard/crtbegin.o
LOAD e:/compiler/bin/../lib/gcc/arm-none-eabi/10.2.1/../../../../arm-none-eabi/lib/thumb/v7e-m+fp/hard/crt0.o
LOAD CMakeFiles/TwisterDriver.elf.dir/Core/Src/app_freertos.c.obj
LOAD CMakeFiles/TwisterDriver.elf.dir/Core/Src/main.c.obj
LOAD CMakeFiles/TwisterDriver.elf.dir/Core/Src/stm32g4xx_hal_msp.c.obj
LOAD CMakeFiles/TwisterDriver.elf.dir/Core/Src/stm32g4xx_it.c.obj
LOAD CMakeFiles/TwisterDriver.elf.dir/Core/Src/syscalls.c.obj
LOAD CMakeFiles/TwisterDriver.elf.dir/Core/Src/sysmem.c.obj
LOAD CMakeFiles/TwisterDriver.elf.dir/Core/Src/system_stm32g4xx.c.obj
LOAD CMakeFiles/TwisterDriver.elf.dir/Core/Startup/startup_stm32g431rbtx.s.obj
LOAD CMakeFiles/TwisterDriver.elf.dir/Drivers/STM32G4xx_HAL_Driver/Src/stm32g4xx_hal.c.obj
LOAD CMakeFiles/TwisterDriver.elf.dir/Drivers/STM32G4xx_HAL_Driver/Src/stm32g4xx_hal_adc.c.obj
LOAD CMakeFiles/TwisterDriver.elf.dir/Drivers/STM32G4xx_HAL_Driver/Src/stm32g4xx_hal_adc_ex.c.obj
LOAD CMakeFiles/TwisterDriver.elf.dir/Drivers/STM32G4xx_HAL_Driver/Src/stm32g4xx_hal_cortex.c.obj
LOAD CMakeFiles/TwisterDriver.elf.dir/Drivers/STM32G4xx_HAL_Driver/Src/stm32g4xx_hal_dma.c.obj
LOAD CMakeFiles/TwisterDriver.elf.dir/Drivers/STM32G4xx_HAL_Driver/Src/stm32g4xx_hal_dma_ex.c.obj
LOAD CMakeFiles/TwisterDriver.elf.dir/Drivers/STM32G4xx_HAL_Driver/Src/stm32g4xx_hal_exti.c.obj
LOAD CMakeFiles/TwisterDriver.elf.dir/Drivers/STM32G4xx_HAL_Driver/Src/stm32g4xx_hal_fdcan.c.obj
LOAD CMakeFiles/TwisterDriver.elf.dir/Drivers/STM32G4xx_HAL_Driver/Src/stm32g4xx_hal_flash.c.obj
LOAD CMakeFiles/TwisterDriver.elf.dir/Drivers/STM32G4xx_HAL_Driver/Src/stm32g4xx_hal_flash_ex.c.obj
LOAD CMakeFiles/TwisterDriver.elf.dir/Drivers/STM32G4xx_HAL_Driver/Src/stm32g4xx_hal_flash_ramfunc.c.obj
LOAD CMakeFiles/TwisterDriver.elf.dir/Drivers/STM32G4xx_HAL_Driver/Src/stm32g4xx_hal_gpio.c.obj
LOAD CMakeFiles/TwisterDriver.elf.dir/Drivers/STM32G4xx_HAL_Driver/Src/stm32g4xx_hal_i2c.c.obj
LOAD CMakeFiles/TwisterDriver.elf.dir/Drivers/STM32G4xx_HAL_Driver/Src/stm32g4xx_hal_i2c_ex.c.obj
LOAD CMakeFiles/TwisterDriver.elf.dir/Drivers/STM32G4xx_HAL_Driver/Src/stm32g4xx_hal_pwr.c.obj
LOAD CMakeFiles/TwisterDriver.elf.dir/Drivers/STM32G4xx_HAL_Driver/Src/stm32g4xx_hal_pwr_ex.c.obj
LOAD CMakeFiles/TwisterDriver.elf.dir/Drivers/STM32G4xx_HAL_Driver/Src/stm32g4xx_hal_rcc.c.obj
LOAD CMakeFiles/TwisterDriver.elf.dir/Drivers/STM32G4xx_HAL_Driver/Src/stm32g4xx_hal_rcc_ex.c.obj
LOAD CMakeFiles/TwisterDriver.elf.dir/Drivers/STM32G4xx_HAL_Driver/Src/stm32g4xx_hal_spi.c.obj
LOAD CMakeFiles/TwisterDriver.elf.dir/Drivers/STM32G4xx_HAL_Driver/Src/stm32g4xx_hal_spi_ex.c.obj
LOAD CMakeFiles/TwisterDriver.elf.dir/Drivers/STM32G4xx_HAL_Driver/Src/stm32g4xx_hal_tim.c.obj
LOAD CMakeFiles/TwisterDriver.elf.dir/Drivers/STM32G4xx_HAL_Driver/Src/stm32g4xx_hal_tim_ex.c.obj
LOAD CMakeFiles/TwisterDriver.elf.dir/Drivers/STM32G4xx_HAL_Driver/Src/stm32g4xx_hal_uart.c.obj
LOAD CMakeFiles/TwisterDriver.elf.dir/Drivers/STM32G4xx_HAL_Driver/Src/stm32g4xx_hal_uart_ex.c.obj
LOAD CMakeFiles/TwisterDriver.elf.dir/Drivers/STM32G4xx_HAL_Driver/Src/stm32g4xx_ll_adc.c.obj
LOAD CMakeFiles/TwisterDriver.elf.dir/Middlewares/Third_Party/FreeRTOS/Source/CMSIS_RTOS/cmsis_os.c.obj
LOAD CMakeFiles/TwisterDriver.elf.dir/Middlewares/Third_Party/FreeRTOS/Source/croutine.c.obj
LOAD CMakeFiles/TwisterDriver.elf.dir/Middlewares/Third_Party/FreeRTOS/Source/event_groups.c.obj
LOAD CMakeFiles/TwisterDriver.elf.dir/Middlewares/Third_Party/FreeRTOS/Source/list.c.obj
LOAD CMakeFiles/TwisterDriver.elf.dir/Middlewares/Third_Party/FreeRTOS/Source/portable/GCC/ARM_CM4F/port.c.obj
LOAD CMakeFiles/TwisterDriver.elf.dir/Middlewares/Third_Party/FreeRTOS/Source/portable/MemMang/heap_4.c.obj
LOAD CMakeFiles/TwisterDriver.elf.dir/Middlewares/Third_Party/FreeRTOS/Source/queue.c.obj
LOAD CMakeFiles/TwisterDriver.elf.dir/Middlewares/Third_Party/FreeRTOS/Source/stream_buffer.c.obj
LOAD CMakeFiles/TwisterDriver.elf.dir/Middlewares/Third_Party/FreeRTOS/Source/tasks.c.obj
LOAD CMakeFiles/TwisterDriver.elf.dir/Middlewares/Third_Party/FreeRTOS/Source/timers.c.obj
LOAD CMakeFiles/TwisterDriver.elf.dir/UserApp/FOC/FOC.c.obj
LOAD CMakeFiles/TwisterDriver.elf.dir/UserApp/FOC/FOC_math.c.obj
LOAD CMakeFiles/TwisterDriver.elf.dir/UserApp/FOC/Filter.c.obj
LOAD CMakeFiles/TwisterDriver.elf.dir/UserApp/FOC/hardware_api.c.obj
LOAD CMakeFiles/TwisterDriver.elf.dir/UserApp/FOC/my_PID.c.obj
LOAD CMakeFiles/TwisterDriver.elf.dir/UserApp/LCD/fonts.c.obj
LOAD CMakeFiles/TwisterDriver.elf.dir/UserApp/LCD/gui.c.obj
LOAD CMakeFiles/TwisterDriver.elf.dir/UserApp/LCD/image.c.obj
LOAD CMakeFiles/TwisterDriver.elf.dir/UserApp/LCD/st7735.c.obj
LOAD CMakeFiles/TwisterDriver.elf.dir/UserApp/MT6701/MT6701.c.obj
LOAD CMakeFiles/TwisterDriver.elf.dir/UserApp/Servo/Servo.c.obj
LOAD CMakeFiles/TwisterDriver.elf.dir/UserApp/cJSON/cJSON.c.obj
LOAD CMakeFiles/TwisterDriver.elf.dir/UserApp/cJSON/cJSON_Utils.c.obj
LOAD CMakeFiles/TwisterDriver.elf.dir/UserApp/cJsonParse/cmd_Parse.c.obj
LOAD CMakeFiles/TwisterDriver.elf.dir/UserApp/multiBotton/multi_button.c.obj
LOAD CMakeFiles/TwisterDriver.elf.dir/UserApp/retarget/retarget.c.obj
START GROUP
LOAD e:/compiler/bin/../lib/gcc/arm-none-eabi/10.2.1/thumb/v7e-m+fp/hard\libgcc.a
LOAD e:/compiler/bin/../lib/gcc/arm-none-eabi/10.2.1/../../../../arm-none-eabi/lib/thumb/v7e-m+fp/hard\libg.a
LOAD e:/compiler/bin/../lib/gcc/arm-none-eabi/10.2.1/../../../../arm-none-eabi/lib/thumb/v7e-m+fp/hard\libc.a
END GROUP
LOAD e:/compiler/bin/../lib/gcc/arm-none-eabi/10.2.1/thumb/v7e-m+fp/hard/crtend.o
LOAD e:/compiler/bin/../lib/gcc/arm-none-eabi/10.2.1/thumb/v7e-m+fp/hard/crtn.o
                0x20008000                _estack = (ORIGIN (RAM) + LENGTH (RAM))
                0x00000200                _Min_Heap_Size = 0x200
                0x00000400                _Min_Stack_Size = 0x400

.isr_vector     0x08000000      0x1d8
                0x08000000                . = ALIGN (0x4)
 *(.isr_vector)
 .isr_vector    0x08000000      0x1d8 CMakeFiles/TwisterDriver.elf.dir/Core/Startup/startup_stm32g431rbtx.s.obj
                0x08000000                g_pfnVectors
                0x080001d8                . = ALIGN (0x4)

.text           0x08000200    0x17244
                0x08000200                . = ALIGN (0x4)
 *(.text)
 .text          0x08000200       0x40 e:/compiler/bin/../lib/gcc/arm-none-eabi/10.2.1/thumb/v7e-m+fp/hard/crtbegin.o
 .text          0x08000240      0x378 e:/compiler/bin/../lib/gcc/arm-none-eabi/10.2.1/thumb/v7e-m+fp/hard\libgcc.a(_arm_addsubdf3.o)
                0x08000240                __aeabi_drsub
                0x08000248                __aeabi_dsub
                0x08000248                __subdf3
                0x0800024c                __aeabi_dadd
                0x0800024c                __adddf3
                0x080004c4                __floatunsidf
                0x080004c4                __aeabi_ui2d
                0x080004e4                __floatsidf
                0x080004e4                __aeabi_i2d
                0x08000508                __aeabi_f2d
                0x08000508                __extendsfdf2
                0x0800054c                __floatundidf
                0x0800054c                __aeabi_ul2d
                0x0800055c                __floatdidf
                0x0800055c                __aeabi_l2d
 .text          0x080005b8      0x424 e:/compiler/bin/../lib/gcc/arm-none-eabi/10.2.1/thumb/v7e-m+fp/hard\libgcc.a(_arm_muldivdf3.o)
                0x080005b8                __aeabi_dmul
                0x080005b8                __muldf3
                0x0800080c                __divdf3
                0x0800080c                __aeabi_ddiv
 .text          0x080009dc      0x110 e:/compiler/bin/../lib/gcc/arm-none-eabi/10.2.1/thumb/v7e-m+fp/hard\libgcc.a(_arm_cmpdf2.o)
                0x080009dc                __gtdf2
                0x080009dc                __gedf2
                0x080009e4                __ltdf2
                0x080009e4                __ledf2
                0x080009ec                __nedf2
                0x080009ec                __eqdf2
                0x080009ec                __cmpdf2
                0x08000a68                __aeabi_cdrcmple
                0x08000a78                __aeabi_cdcmpeq
                0x08000a78                __aeabi_cdcmple
                0x08000a88                __aeabi_dcmpeq
                0x08000a9c                __aeabi_dcmplt
                0x08000ab0                __aeabi_dcmple
                0x08000ac4                __aeabi_dcmpge
                0x08000ad8                __aeabi_dcmpgt
 .text          0x08000aec       0x2c e:/compiler/bin/../lib/gcc/arm-none-eabi/10.2.1/thumb/v7e-m+fp/hard\libgcc.a(_arm_unorddf2.o)
                0x08000aec                __unorddf2
                0x08000aec                __aeabi_dcmpun
 .text          0x08000b18       0x50 e:/compiler/bin/../lib/gcc/arm-none-eabi/10.2.1/thumb/v7e-m+fp/hard\libgcc.a(_arm_fixdfsi.o)
                0x08000b18                __aeabi_d2iz
                0x08000b18                __fixdfsi
 .text          0x08000b68       0xa0 e:/compiler/bin/../lib/gcc/arm-none-eabi/10.2.1/thumb/v7e-m+fp/hard\libgcc.a(_arm_truncdfsf2.o)
                0x08000b68                __truncdfsf2
                0x08000b68                __aeabi_d2f
 .text          0x08000c08       0x30 e:/compiler/bin/../lib/gcc/arm-none-eabi/10.2.1/thumb/v7e-m+fp/hard\libgcc.a(_aeabi_uldivmod.o)
                0x08000c08                __aeabi_uldivmod
 .text          0x08000c38      0x2d0 e:/compiler/bin/../lib/gcc/arm-none-eabi/10.2.1/thumb/v7e-m+fp/hard\libgcc.a(_udivmoddi4.o)
                0x08000c38                __udivmoddi4
 .text          0x08000f08        0x4 e:/compiler/bin/../lib/gcc/arm-none-eabi/10.2.1/thumb/v7e-m+fp/hard\libgcc.a(_dvmd_tls.o)
                0x08000f08                __aeabi_idiv0
                0x08000f08                __aeabi_ldiv0
 .text          0x08000f0c      0x134 e:/compiler/bin/../lib/gcc/arm-none-eabi/10.2.1/../../../../arm-none-eabi/lib/thumb/v7e-m+fp/hard\libg.a(lib_a-memcpy.o)
                0x08000f0c                memcpy
 .text          0x08001040      0x2dc e:/compiler/bin/../lib/gcc/arm-none-eabi/10.2.1/../../../../arm-none-eabi/lib/thumb/v7e-m+fp/hard\libg.a(lib_a-strcmp.o)
                0x08001048                strcmp
 *fill*         0x0800131c       0x24 
 .text          0x08001340       0xdc e:/compiler/bin/../lib/gcc/arm-none-eabi/10.2.1/../../../../arm-none-eabi/lib/thumb/v7e-m+fp/hard\libg.a(lib_a-strlen.o)
                0x08001340                strlen
 *fill*         0x0800141c        0x4 
 .text          0x08001420       0xa0 e:/compiler/bin/../lib/gcc/arm-none-eabi/10.2.1/../../../../arm-none-eabi/lib/thumb/v7e-m+fp/hard\libg.a(lib_a-memchr.o)
                0x08001420                memchr
 .text          0x080014c0       0x40 e:/compiler/bin/../lib/gcc/arm-none-eabi/10.2.1/thumb/v7e-m+fp/hard\libgcc.a(_arm_fixunsdfsi.o)
                0x080014c0                __aeabi_d2uiz
                0x080014c0                __fixunsdfsi
 .text          0x08001500       0x30 e:/compiler/bin/../lib/gcc/arm-none-eabi/10.2.1/thumb/v7e-m+fp/hard\libgcc.a(_fixdfdi.o)
                0x08001500                __fixdfdi
                0x08001500                __aeabi_d2lz
 .text          0x08001530       0x3c e:/compiler/bin/../lib/gcc/arm-none-eabi/10.2.1/thumb/v7e-m+fp/hard\libgcc.a(_fixunsdfdi.o)
                0x08001530                __fixunsdfdi
                0x08001530                __aeabi_d2ulz
 *(.text*)
 .text.FOC_LeftTask
                0x0800156c       0x54 CMakeFiles/TwisterDriver.elf.dir/Core/Src/app_freertos.c.obj
                0x0800156c                FOC_LeftTask
 .text.FOC_RightTask
                0x080015c0       0x28 CMakeFiles/TwisterDriver.elf.dir/Core/Src/app_freertos.c.obj
                0x080015c0                FOC_RightTask
 .text.ServoTask
                0x080015e8       0x98 CMakeFiles/TwisterDriver.elf.dir/Core/Src/app_freertos.c.obj
                0x080015e8                ServoTask
 .text.UARTTask
                0x08001680       0x54 CMakeFiles/TwisterDriver.elf.dir/Core/Src/app_freertos.c.obj
                0x08001680                UARTTask
 .text.ButtonTask
                0x080016d4      0x104 CMakeFiles/TwisterDriver.elf.dir/Core/Src/app_freertos.c.obj
                0x080016d4                ButtonTask
 .text.MX_GPIO_Init
                0x080017d8       0xcc CMakeFiles/TwisterDriver.elf.dir/Core/Src/main.c.obj
 .text.MX_DMA_Init
                0x080018a4       0x64 CMakeFiles/TwisterDriver.elf.dir/Core/Src/main.c.obj
 .text.StartDefaultTask
                0x08001908       0xec CMakeFiles/TwisterDriver.elf.dir/Core/Src/main.c.obj
                0x08001908                StartDefaultTask
 .text.HAL_UART_RxCpltCallback
                0x080019f4       0xb4 CMakeFiles/TwisterDriver.elf.dir/Core/Src/main.c.obj
                0x080019f4                HAL_UART_RxCpltCallback
 .text.Error_Handler
                0x08001aa8        0x4 CMakeFiles/TwisterDriver.elf.dir/Core/Src/main.c.obj
                0x08001aa8                Error_Handler
 .text.MX_ADC1_Init
                0x08001aac       0xd4 CMakeFiles/TwisterDriver.elf.dir/Core/Src/main.c.obj
 .text.MX_ADC2_Init
                0x08001b80       0xbc CMakeFiles/TwisterDriver.elf.dir/Core/Src/main.c.obj
 .text.MX_FDCAN1_Init
                0x08001c3c       0x48 CMakeFiles/TwisterDriver.elf.dir/Core/Src/main.c.obj
 .text.MX_I2C2_Init
                0x08001c84       0x54 CMakeFiles/TwisterDriver.elf.dir/Core/Src/main.c.obj
 .text.MX_SPI1_Init
                0x08001cd8       0x4c CMakeFiles/TwisterDriver.elf.dir/Core/Src/main.c.obj
 .text.MX_TIM1_Init
                0x08001d24       0xe8 CMakeFiles/TwisterDriver.elf.dir/Core/Src/main.c.obj
 .text.MX_TIM2_Init
                0x08001e0c       0x9c CMakeFiles/TwisterDriver.elf.dir/Core/Src/main.c.obj
 .text.MX_USART1_UART_Init
                0x08001ea8       0x60 CMakeFiles/TwisterDriver.elf.dir/Core/Src/main.c.obj
 .text.MX_TIM3_Init
                0x08001f08       0x60 CMakeFiles/TwisterDriver.elf.dir/Core/Src/main.c.obj
 .text.MX_I2C3_Init
                0x08001f68       0x54 CMakeFiles/TwisterDriver.elf.dir/Core/Src/main.c.obj
 .text.MX_TIM8_Init
                0x08001fbc       0xd4 CMakeFiles/TwisterDriver.elf.dir/Core/Src/main.c.obj
 .text.MX_USART3_UART_Init
                0x08002090       0x60 CMakeFiles/TwisterDriver.elf.dir/Core/Src/main.c.obj
 .text.SystemClock_Config
                0x080020f0       0x6e CMakeFiles/TwisterDriver.elf.dir/Core/Src/main.c.obj
                0x080020f0                SystemClock_Config
 *fill*         0x0800215e        0x2 
 .text.main     0x08002160       0xa8 CMakeFiles/TwisterDriver.elf.dir/Core/Src/main.c.obj
                0x08002160                main
 .text.HAL_MspInit
                0x08002208       0x44 CMakeFiles/TwisterDriver.elf.dir/Core/Src/stm32g4xx_hal_msp.c.obj
                0x08002208                HAL_MspInit
 .text.HAL_ADC_MspInit
                0x0800224c      0x16c CMakeFiles/TwisterDriver.elf.dir/Core/Src/stm32g4xx_hal_msp.c.obj
                0x0800224c                HAL_ADC_MspInit
 .text.HAL_FDCAN_MspInit
                0x080023b8       0x90 CMakeFiles/TwisterDriver.elf.dir/Core/Src/stm32g4xx_hal_msp.c.obj
                0x080023b8                HAL_FDCAN_MspInit
 .text.HAL_I2C_MspInit
                0x08002448      0x114 CMakeFiles/TwisterDriver.elf.dir/Core/Src/stm32g4xx_hal_msp.c.obj
                0x08002448                HAL_I2C_MspInit
 .text.HAL_SPI_MspInit
                0x0800255c       0xa0 CMakeFiles/TwisterDriver.elf.dir/Core/Src/stm32g4xx_hal_msp.c.obj
                0x0800255c                HAL_SPI_MspInit
 .text.HAL_TIM_PWM_MspInit
                0x080025fc       0x6c CMakeFiles/TwisterDriver.elf.dir/Core/Src/stm32g4xx_hal_msp.c.obj
                0x080025fc                HAL_TIM_PWM_MspInit
 .text.HAL_TIM_Encoder_MspInit
                0x08002668       0x68 CMakeFiles/TwisterDriver.elf.dir/Core/Src/stm32g4xx_hal_msp.c.obj
                0x08002668                HAL_TIM_Encoder_MspInit
 .text.HAL_TIM_MspPostInit
                0x080026d0      0x118 CMakeFiles/TwisterDriver.elf.dir/Core/Src/stm32g4xx_hal_msp.c.obj
                0x080026d0                HAL_TIM_MspPostInit
 .text.HAL_UART_MspInit
                0x080027e8      0x140 CMakeFiles/TwisterDriver.elf.dir/Core/Src/stm32g4xx_hal_msp.c.obj
                0x080027e8                HAL_UART_MspInit
 .text.NMI_Handler
                0x08002928        0x2 CMakeFiles/TwisterDriver.elf.dir/Core/Src/stm32g4xx_it.c.obj
                0x08002928                NMI_Handler
 .text.HardFault_Handler
                0x0800292a        0x2 CMakeFiles/TwisterDriver.elf.dir/Core/Src/stm32g4xx_it.c.obj
                0x0800292a                HardFault_Handler
 .text.MemManage_Handler
                0x0800292c        0x2 CMakeFiles/TwisterDriver.elf.dir/Core/Src/stm32g4xx_it.c.obj
                0x0800292c                MemManage_Handler
 .text.BusFault_Handler
                0x0800292e        0x2 CMakeFiles/TwisterDriver.elf.dir/Core/Src/stm32g4xx_it.c.obj
                0x0800292e                BusFault_Handler
 .text.UsageFault_Handler
                0x08002930        0x2 CMakeFiles/TwisterDriver.elf.dir/Core/Src/stm32g4xx_it.c.obj
                0x08002930                UsageFault_Handler
 .text.DebugMon_Handler
                0x08002932        0x2 CMakeFiles/TwisterDriver.elf.dir/Core/Src/stm32g4xx_it.c.obj
                0x08002932                DebugMon_Handler
 .text.SysTick_Handler
                0x08002934       0x16 CMakeFiles/TwisterDriver.elf.dir/Core/Src/stm32g4xx_it.c.obj
                0x08002934                SysTick_Handler
 *fill*         0x0800294a        0x2 
 .text.DMA1_Channel1_IRQHandler
                0x0800294c       0x10 CMakeFiles/TwisterDriver.elf.dir/Core/Src/stm32g4xx_it.c.obj
                0x0800294c                DMA1_Channel1_IRQHandler
 .text.DMA1_Channel2_IRQHandler
                0x0800295c       0x10 CMakeFiles/TwisterDriver.elf.dir/Core/Src/stm32g4xx_it.c.obj
                0x0800295c                DMA1_Channel2_IRQHandler
 .text.DMA1_Channel4_IRQHandler
                0x0800296c       0x10 CMakeFiles/TwisterDriver.elf.dir/Core/Src/stm32g4xx_it.c.obj
                0x0800296c                DMA1_Channel4_IRQHandler
 .text.USART1_IRQHandler
                0x0800297c       0x10 CMakeFiles/TwisterDriver.elf.dir/Core/Src/stm32g4xx_it.c.obj
                0x0800297c                USART1_IRQHandler
 .text.USART3_IRQHandler
                0x0800298c       0x10 CMakeFiles/TwisterDriver.elf.dir/Core/Src/stm32g4xx_it.c.obj
                0x0800298c                USART3_IRQHandler
 .text._getpid  0x0800299c        0x4 CMakeFiles/TwisterDriver.elf.dir/Core/Src/syscalls.c.obj
                0x0800299c                _getpid
 .text._kill    0x080029a0       0x10 CMakeFiles/TwisterDriver.elf.dir/Core/Src/syscalls.c.obj
                0x080029a0                _kill
 .text._exit    0x080029b0        0xc CMakeFiles/TwisterDriver.elf.dir/Core/Src/syscalls.c.obj
                0x080029b0                _exit
 .text._read    0x080029bc       0x20 CMakeFiles/TwisterDriver.elf.dir/Core/Src/syscalls.c.obj
                0x080029bc                _read
 .text._write   0x080029dc       0x1c CMakeFiles/TwisterDriver.elf.dir/Core/Src/syscalls.c.obj
                0x080029dc                _write
 .text._close   0x080029f8        0x6 CMakeFiles/TwisterDriver.elf.dir/Core/Src/syscalls.c.obj
                0x080029f8                _close
 .text._fstat   0x080029fe        0xa CMakeFiles/TwisterDriver.elf.dir/Core/Src/syscalls.c.obj
                0x080029fe                _fstat
 .text._isatty  0x08002a08        0x4 CMakeFiles/TwisterDriver.elf.dir/Core/Src/syscalls.c.obj
                0x08002a08                _isatty
 .text._lseek   0x08002a0c        0x4 CMakeFiles/TwisterDriver.elf.dir/Core/Src/syscalls.c.obj
                0x08002a0c                _lseek
 .text._sbrk    0x08002a10       0x48 CMakeFiles/TwisterDriver.elf.dir/Core/Src/sysmem.c.obj
                0x08002a10                _sbrk
 .text.SystemInit
                0x08002a58       0x14 CMakeFiles/TwisterDriver.elf.dir/Core/Src/system_stm32g4xx.c.obj
                0x08002a58                SystemInit
 .text.Reset_Handler
                0x08002a6c       0x50 CMakeFiles/TwisterDriver.elf.dir/Core/Startup/startup_stm32g431rbtx.s.obj
                0x08002a6c                Reset_Handler
 .text.Default_Handler
                0x08002abc        0x2 CMakeFiles/TwisterDriver.elf.dir/Core/Startup/startup_stm32g431rbtx.s.obj
                0x08002abc                RTC_Alarm_IRQHandler
                0x08002abc                EXTI2_IRQHandler
                0x08002abc                TIM8_TRG_COM_IRQHandler
                0x08002abc                TIM8_CC_IRQHandler
                0x08002abc                TIM1_CC_IRQHandler
                0x08002abc                USB_HP_IRQHandler
                0x08002abc                CORDIC_IRQHandler
                0x08002abc                EXTI3_IRQHandler
                0x08002abc                I2C3_ER_IRQHandler
                0x08002abc                EXTI0_IRQHandler
                0x08002abc                I2C2_EV_IRQHandler
                0x08002abc                FPU_IRQHandler
                0x08002abc                FDCAN1_IT1_IRQHandler
                0x08002abc                TIM1_UP_TIM16_IRQHandler
                0x08002abc                ADC1_2_IRQHandler
                0x08002abc                SPI1_IRQHandler
                0x08002abc                TIM6_DAC_IRQHandler
                0x08002abc                TIM8_UP_IRQHandler
                0x08002abc                DMA2_Channel2_IRQHandler
                0x08002abc                TIM4_IRQHandler
                0x08002abc                DMA2_Channel1_IRQHandler
                0x08002abc                I2C1_EV_IRQHandler
                0x08002abc                DMA1_Channel6_IRQHandler
                0x08002abc                UART4_IRQHandler
                0x08002abc                DMA2_Channel4_IRQHandler
                0x08002abc                TIM3_IRQHandler
                0x08002abc                RCC_IRQHandler
                0x08002abc                Default_Handler
                0x08002abc                RTC_TAMP_LSECSS_IRQHandler
                0x08002abc                FMAC_IRQHandler
                0x08002abc                EXTI15_10_IRQHandler
                0x08002abc                TIM7_IRQHandler
                0x08002abc                UCPD1_IRQHandler
                0x08002abc                I2C3_EV_IRQHandler
                0x08002abc                EXTI9_5_IRQHandler
                0x08002abc                RTC_WKUP_IRQHandler
                0x08002abc                PVD_PVM_IRQHandler
                0x08002abc                SPI2_IRQHandler
                0x08002abc                DMA2_Channel5_IRQHandler
                0x08002abc                CRS_IRQHandler
                0x08002abc                DMA1_Channel5_IRQHandler
                0x08002abc                USB_LP_IRQHandler
                0x08002abc                EXTI4_IRQHandler
                0x08002abc                RNG_IRQHandler
                0x08002abc                TIM1_TRG_COM_TIM17_IRQHandler
                0x08002abc                DMA1_Channel3_IRQHandler
                0x08002abc                WWDG_IRQHandler
                0x08002abc                LPUART1_IRQHandler
                0x08002abc                DMA2_Channel6_IRQHandler
                0x08002abc                FDCAN1_IT0_IRQHandler
                0x08002abc                TIM2_IRQHandler
                0x08002abc                COMP1_2_3_IRQHandler
                0x08002abc                EXTI1_IRQHandler
                0x08002abc                USART2_IRQHandler
                0x08002abc                I2C2_ER_IRQHandler
                0x08002abc                TIM8_BRK_IRQHandler
                0x08002abc                FLASH_IRQHandler
                0x08002abc                SPI3_IRQHandler
                0x08002abc                I2C1_ER_IRQHandler
                0x08002abc                LPTIM1_IRQHandler
                0x08002abc                DMAMUX_OVR_IRQHandler
                0x08002abc                USBWakeUp_IRQHandler
                0x08002abc                SAI1_IRQHandler
                0x08002abc                DMA2_Channel3_IRQHandler
                0x08002abc                COMP4_IRQHandler
                0x08002abc                TIM1_BRK_TIM15_IRQHandler
 *fill*         0x08002abe        0x2 
 .text.HAL_InitTick
                0x08002ac0       0x50 CMakeFiles/TwisterDriver.elf.dir/Drivers/STM32G4xx_HAL_Driver/Src/stm32g4xx_hal.c.obj
                0x08002ac0                HAL_InitTick
 .text.HAL_Init
                0x08002b10       0x1e CMakeFiles/TwisterDriver.elf.dir/Drivers/STM32G4xx_HAL_Driver/Src/stm32g4xx_hal.c.obj
                0x08002b10                HAL_Init
 *fill*         0x08002b2e        0x2 
 .text.HAL_IncTick
                0x08002b30       0x18 CMakeFiles/TwisterDriver.elf.dir/Drivers/STM32G4xx_HAL_Driver/Src/stm32g4xx_hal.c.obj
                0x08002b30                HAL_IncTick
 .text.HAL_GetTick
                0x08002b48        0xc CMakeFiles/TwisterDriver.elf.dir/Drivers/STM32G4xx_HAL_Driver/Src/stm32g4xx_hal.c.obj
                0x08002b48                HAL_GetTick
 .text.HAL_Delay
                0x08002b54       0x28 CMakeFiles/TwisterDriver.elf.dir/Drivers/STM32G4xx_HAL_Driver/Src/stm32g4xx_hal.c.obj
                0x08002b54                HAL_Delay
 .text.HAL_ADC_Init
                0x08002b7c      0x240 CMakeFiles/TwisterDriver.elf.dir/Drivers/STM32G4xx_HAL_Driver/Src/stm32g4xx_hal_adc.c.obj
                0x08002b7c                HAL_ADC_Init
 .text.HAL_ADC_PollForConversion
                0x08002dbc      0x110 CMakeFiles/TwisterDriver.elf.dir/Drivers/STM32G4xx_HAL_Driver/Src/stm32g4xx_hal_adc.c.obj
                0x08002dbc                HAL_ADC_PollForConversion
 .text.HAL_ADC_GetValue
                0x08002ecc        0x6 CMakeFiles/TwisterDriver.elf.dir/Drivers/STM32G4xx_HAL_Driver/Src/stm32g4xx_hal_adc.c.obj
                0x08002ecc                HAL_ADC_GetValue
 *fill*         0x08002ed2        0x2 
 .text.HAL_ADC_ConfigChannel
                0x08002ed4      0x4e4 CMakeFiles/TwisterDriver.elf.dir/Drivers/STM32G4xx_HAL_Driver/Src/stm32g4xx_hal_adc.c.obj
                0x08002ed4                HAL_ADC_ConfigChannel
 .text.HAL_ADC_GetState
                0x080033b8        0x4 CMakeFiles/TwisterDriver.elf.dir/Drivers/STM32G4xx_HAL_Driver/Src/stm32g4xx_hal_adc.c.obj
                0x080033b8                HAL_ADC_GetState
 .text.ADC_ConversionStop
                0x080033bc      0x100 CMakeFiles/TwisterDriver.elf.dir/Drivers/STM32G4xx_HAL_Driver/Src/stm32g4xx_hal_adc.c.obj
                0x080033bc                ADC_ConversionStop
 .text.ADC_Enable
                0x080034bc       0x98 CMakeFiles/TwisterDriver.elf.dir/Drivers/STM32G4xx_HAL_Driver/Src/stm32g4xx_hal_adc.c.obj
                0x080034bc                ADC_Enable
 .text.HAL_ADC_Start
                0x08003554       0xf4 CMakeFiles/TwisterDriver.elf.dir/Drivers/STM32G4xx_HAL_Driver/Src/stm32g4xx_hal_adc.c.obj
                0x08003554                HAL_ADC_Start
 .text.ADC_Disable
                0x08003648       0x94 CMakeFiles/TwisterDriver.elf.dir/Drivers/STM32G4xx_HAL_Driver/Src/stm32g4xx_hal_adc.c.obj
                0x08003648                ADC_Disable
 .text.HAL_ADC_Stop
                0x080036dc       0x42 CMakeFiles/TwisterDriver.elf.dir/Drivers/STM32G4xx_HAL_Driver/Src/stm32g4xx_hal_adc.c.obj
                0x080036dc                HAL_ADC_Stop
 *fill*         0x0800371e        0x2 
 .text.HAL_ADCEx_Calibration_Start
                0x08003720       0x9c CMakeFiles/TwisterDriver.elf.dir/Drivers/STM32G4xx_HAL_Driver/Src/stm32g4xx_hal_adc_ex.c.obj
                0x08003720                HAL_ADCEx_Calibration_Start
 .text.HAL_ADCEx_MultiModeConfigChannel
                0x080037bc      0x114 CMakeFiles/TwisterDriver.elf.dir/Drivers/STM32G4xx_HAL_Driver/Src/stm32g4xx_hal_adc_ex.c.obj
                0x080037bc                HAL_ADCEx_MultiModeConfigChannel
 .text.HAL_NVIC_SetPriorityGrouping
                0x080038d0       0x24 CMakeFiles/TwisterDriver.elf.dir/Drivers/STM32G4xx_HAL_Driver/Src/stm32g4xx_hal_cortex.c.obj
                0x080038d0                HAL_NVIC_SetPriorityGrouping
 .text.HAL_NVIC_SetPriority
                0x080038f4       0x70 CMakeFiles/TwisterDriver.elf.dir/Drivers/STM32G4xx_HAL_Driver/Src/stm32g4xx_hal_cortex.c.obj
                0x080038f4                HAL_NVIC_SetPriority
 .text.HAL_NVIC_EnableIRQ
                0x08003964       0x1c CMakeFiles/TwisterDriver.elf.dir/Drivers/STM32G4xx_HAL_Driver/Src/stm32g4xx_hal_cortex.c.obj
                0x08003964                HAL_NVIC_EnableIRQ
 .text.HAL_SYSTICK_Config
                0x08003980       0x28 CMakeFiles/TwisterDriver.elf.dir/Drivers/STM32G4xx_HAL_Driver/Src/stm32g4xx_hal_cortex.c.obj
                0x08003980                HAL_SYSTICK_Config
 .text.DMA_CalcDMAMUXChannelBaseAndMask
                0x080039a8       0x48 CMakeFiles/TwisterDriver.elf.dir/Drivers/STM32G4xx_HAL_Driver/Src/stm32g4xx_hal_dma.c.obj
 .text.DMA_CalcDMAMUXRequestGenBaseAndMask
                0x080039f0       0x28 CMakeFiles/TwisterDriver.elf.dir/Drivers/STM32G4xx_HAL_Driver/Src/stm32g4xx_hal_dma.c.obj
 .text.HAL_DMA_Init
                0x08003a18       0xd8 CMakeFiles/TwisterDriver.elf.dir/Drivers/STM32G4xx_HAL_Driver/Src/stm32g4xx_hal_dma.c.obj
                0x08003a18                HAL_DMA_Init
 .text.HAL_DMA_Abort
                0x08003af0       0x6c CMakeFiles/TwisterDriver.elf.dir/Drivers/STM32G4xx_HAL_Driver/Src/stm32g4xx_hal_dma.c.obj
                0x08003af0                HAL_DMA_Abort
 .text.HAL_DMA_Abort_IT
                0x08003b5c       0x7e CMakeFiles/TwisterDriver.elf.dir/Drivers/STM32G4xx_HAL_Driver/Src/stm32g4xx_hal_dma.c.obj
                0x08003b5c                HAL_DMA_Abort_IT
 .text.HAL_DMA_IRQHandler
                0x08003bda       0xc4 CMakeFiles/TwisterDriver.elf.dir/Drivers/STM32G4xx_HAL_Driver/Src/stm32g4xx_hal_dma.c.obj
                0x08003bda                HAL_DMA_IRQHandler
 *fill*         0x08003c9e        0x2 
 .text.FDCAN_CalcultateRamBlockAddresses
                0x08003ca0       0x68 CMakeFiles/TwisterDriver.elf.dir/Drivers/STM32G4xx_HAL_Driver/Src/stm32g4xx_hal_fdcan.c.obj
 .text.HAL_FDCAN_Init
                0x08003d08      0x1d4 CMakeFiles/TwisterDriver.elf.dir/Drivers/STM32G4xx_HAL_Driver/Src/stm32g4xx_hal_fdcan.c.obj
                0x08003d08                HAL_FDCAN_Init
 .text.HAL_GPIO_Init
                0x08003edc      0x1d4 CMakeFiles/TwisterDriver.elf.dir/Drivers/STM32G4xx_HAL_Driver/Src/stm32g4xx_hal_gpio.c.obj
                0x08003edc                HAL_GPIO_Init
 .text.HAL_GPIO_ReadPin
                0x080040b0        0xe CMakeFiles/TwisterDriver.elf.dir/Drivers/STM32G4xx_HAL_Driver/Src/stm32g4xx_hal_gpio.c.obj
                0x080040b0                HAL_GPIO_ReadPin
 .text.HAL_GPIO_WritePin
                0x080040be        0xa CMakeFiles/TwisterDriver.elf.dir/Drivers/STM32G4xx_HAL_Driver/Src/stm32g4xx_hal_gpio.c.obj
                0x080040be                HAL_GPIO_WritePin
 .text.HAL_GPIO_TogglePin
                0x080040c8       0x12 CMakeFiles/TwisterDriver.elf.dir/Drivers/STM32G4xx_HAL_Driver/Src/stm32g4xx_hal_gpio.c.obj
                0x080040c8                HAL_GPIO_TogglePin
 .text.I2C_Flush_TXDR
                0x080040da       0x22 CMakeFiles/TwisterDriver.elf.dir/Drivers/STM32G4xx_HAL_Driver/Src/stm32g4xx_hal_i2c.c.obj
 .text.I2C_TransferConfig
                0x080040fc       0x3c CMakeFiles/TwisterDriver.elf.dir/Drivers/STM32G4xx_HAL_Driver/Src/stm32g4xx_hal_i2c.c.obj
 .text.I2C_IsErrorOccurred
                0x08004138      0x12c CMakeFiles/TwisterDriver.elf.dir/Drivers/STM32G4xx_HAL_Driver/Src/stm32g4xx_hal_i2c.c.obj
 .text.I2C_WaitOnTXISFlagUntilTimeout
                0x08004264       0x56 CMakeFiles/TwisterDriver.elf.dir/Drivers/STM32G4xx_HAL_Driver/Src/stm32g4xx_hal_i2c.c.obj
 .text.I2C_WaitOnFlagUntilTimeout
                0x080042ba       0x5a CMakeFiles/TwisterDriver.elf.dir/Drivers/STM32G4xx_HAL_Driver/Src/stm32g4xx_hal_i2c.c.obj
 .text.I2C_RequestMemoryRead
                0x08004314       0x78 CMakeFiles/TwisterDriver.elf.dir/Drivers/STM32G4xx_HAL_Driver/Src/stm32g4xx_hal_i2c.c.obj
 .text.I2C_WaitOnSTOPFlagUntilTimeout
                0x0800438c       0x50 CMakeFiles/TwisterDriver.elf.dir/Drivers/STM32G4xx_HAL_Driver/Src/stm32g4xx_hal_i2c.c.obj
 .text.HAL_I2C_Init
                0x080043dc       0xbc CMakeFiles/TwisterDriver.elf.dir/Drivers/STM32G4xx_HAL_Driver/Src/stm32g4xx_hal_i2c.c.obj
                0x080043dc                HAL_I2C_Init
 .text.HAL_I2C_Mem_Read
                0x08004498      0x1b0 CMakeFiles/TwisterDriver.elf.dir/Drivers/STM32G4xx_HAL_Driver/Src/stm32g4xx_hal_i2c.c.obj
                0x08004498                HAL_I2C_Mem_Read
 .text.HAL_I2CEx_ConfigAnalogFilter
                0x08004648       0x5c CMakeFiles/TwisterDriver.elf.dir/Drivers/STM32G4xx_HAL_Driver/Src/stm32g4xx_hal_i2c_ex.c.obj
                0x08004648                HAL_I2CEx_ConfigAnalogFilter
 .text.HAL_I2CEx_ConfigDigitalFilter
                0x080046a4       0x58 CMakeFiles/TwisterDriver.elf.dir/Drivers/STM32G4xx_HAL_Driver/Src/stm32g4xx_hal_i2c_ex.c.obj
                0x080046a4                HAL_I2CEx_ConfigDigitalFilter
 .text.HAL_PWREx_ControlVoltageScaling
                0x080046fc      0x10c CMakeFiles/TwisterDriver.elf.dir/Drivers/STM32G4xx_HAL_Driver/Src/stm32g4xx_hal_pwr_ex.c.obj
                0x080046fc                HAL_PWREx_ControlVoltageScaling
 .text.HAL_PWREx_DisableUCPDDeadBattery
                0x08004808       0x10 CMakeFiles/TwisterDriver.elf.dir/Drivers/STM32G4xx_HAL_Driver/Src/stm32g4xx_hal_pwr_ex.c.obj
                0x08004808                HAL_PWREx_DisableUCPDDeadBattery
 .text.RCC_GetSysClockFreqFromPLLSource
                0x08004818       0x58 CMakeFiles/TwisterDriver.elf.dir/Drivers/STM32G4xx_HAL_Driver/Src/stm32g4xx_hal_rcc.c.obj
 .text.HAL_RCC_OscConfig
                0x08004870      0x4e8 CMakeFiles/TwisterDriver.elf.dir/Drivers/STM32G4xx_HAL_Driver/Src/stm32g4xx_hal_rcc.c.obj
                0x08004870                HAL_RCC_OscConfig
 .text.HAL_RCC_GetSysClockFreq
                0x08004d58       0x88 CMakeFiles/TwisterDriver.elf.dir/Drivers/STM32G4xx_HAL_Driver/Src/stm32g4xx_hal_rcc.c.obj
                0x08004d58                HAL_RCC_GetSysClockFreq
 .text.HAL_RCC_ClockConfig
                0x08004de0      0x1f8 CMakeFiles/TwisterDriver.elf.dir/Drivers/STM32G4xx_HAL_Driver/Src/stm32g4xx_hal_rcc.c.obj
                0x08004de0                HAL_RCC_ClockConfig
 .text.HAL_RCC_GetHCLKFreq
                0x08004fd8        0xc CMakeFiles/TwisterDriver.elf.dir/Drivers/STM32G4xx_HAL_Driver/Src/stm32g4xx_hal_rcc.c.obj
                0x08004fd8                HAL_RCC_GetHCLKFreq
 .text.HAL_RCC_GetPCLK1Freq
                0x08004fe4       0x24 CMakeFiles/TwisterDriver.elf.dir/Drivers/STM32G4xx_HAL_Driver/Src/stm32g4xx_hal_rcc.c.obj
                0x08004fe4                HAL_RCC_GetPCLK1Freq
 .text.HAL_RCC_GetPCLK2Freq
                0x08005008       0x24 CMakeFiles/TwisterDriver.elf.dir/Drivers/STM32G4xx_HAL_Driver/Src/stm32g4xx_hal_rcc.c.obj
                0x08005008                HAL_RCC_GetPCLK2Freq
 .text.HAL_RCCEx_PeriphCLKConfig
                0x0800502c      0x2e4 CMakeFiles/TwisterDriver.elf.dir/Drivers/STM32G4xx_HAL_Driver/Src/stm32g4xx_hal_rcc_ex.c.obj
                0x0800502c                HAL_RCCEx_PeriphCLKConfig
 .text.HAL_SPI_Init
                0x08005310       0xe8 CMakeFiles/TwisterDriver.elf.dir/Drivers/STM32G4xx_HAL_Driver/Src/stm32g4xx_hal_spi.c.obj
                0x08005310                HAL_SPI_Init
 .text.TIM_OC1_SetConfig
                0x080053f8       0xa0 CMakeFiles/TwisterDriver.elf.dir/Drivers/STM32G4xx_HAL_Driver/Src/stm32g4xx_hal_tim.c.obj
 .text.TIM_OC3_SetConfig
                0x08005498       0x8c CMakeFiles/TwisterDriver.elf.dir/Drivers/STM32G4xx_HAL_Driver/Src/stm32g4xx_hal_tim.c.obj
 .text.TIM_OC4_SetConfig
                0x08005524       0x8c CMakeFiles/TwisterDriver.elf.dir/Drivers/STM32G4xx_HAL_Driver/Src/stm32g4xx_hal_tim.c.obj
 .text.TIM_OC5_SetConfig
                0x080055b0       0x68 CMakeFiles/TwisterDriver.elf.dir/Drivers/STM32G4xx_HAL_Driver/Src/stm32g4xx_hal_tim.c.obj
 .text.TIM_OC6_SetConfig
                0x08005618       0x6c CMakeFiles/TwisterDriver.elf.dir/Drivers/STM32G4xx_HAL_Driver/Src/stm32g4xx_hal_tim.c.obj
 .text.TIM_Base_SetConfig
                0x08005684       0xb8 CMakeFiles/TwisterDriver.elf.dir/Drivers/STM32G4xx_HAL_Driver/Src/stm32g4xx_hal_tim.c.obj
                0x08005684                TIM_Base_SetConfig
 .text.HAL_TIM_PWM_Init
                0x0800573c       0x60 CMakeFiles/TwisterDriver.elf.dir/Drivers/STM32G4xx_HAL_Driver/Src/stm32g4xx_hal_tim.c.obj
                0x0800573c                HAL_TIM_PWM_Init
 .text.HAL_TIM_Encoder_Init
                0x0800579c       0xb6 CMakeFiles/TwisterDriver.elf.dir/Drivers/STM32G4xx_HAL_Driver/Src/stm32g4xx_hal_tim.c.obj
                0x0800579c                HAL_TIM_Encoder_Init
 *fill*         0x08005852        0x2 
 .text.TIM_OC2_SetConfig
                0x08005854       0x8c CMakeFiles/TwisterDriver.elf.dir/Drivers/STM32G4xx_HAL_Driver/Src/stm32g4xx_hal_tim.c.obj
                0x08005854                TIM_OC2_SetConfig
 .text.HAL_TIM_PWM_ConfigChannel
                0x080058e0      0x13a CMakeFiles/TwisterDriver.elf.dir/Drivers/STM32G4xx_HAL_Driver/Src/stm32g4xx_hal_tim.c.obj
                0x080058e0                HAL_TIM_PWM_ConfigChannel
 .text.TIM_CCxChannelCmd
                0x08005a1a       0x1e CMakeFiles/TwisterDriver.elf.dir/Drivers/STM32G4xx_HAL_Driver/Src/stm32g4xx_hal_tim.c.obj
                0x08005a1a                TIM_CCxChannelCmd
 .text.HAL_TIM_PWM_Start
                0x08005a38      0x158 CMakeFiles/TwisterDriver.elf.dir/Drivers/STM32G4xx_HAL_Driver/Src/stm32g4xx_hal_tim.c.obj
                0x08005a38                HAL_TIM_PWM_Start
 .text.HAL_TIMEx_MasterConfigSynchronization
                0x08005b90       0x94 CMakeFiles/TwisterDriver.elf.dir/Drivers/STM32G4xx_HAL_Driver/Src/stm32g4xx_hal_tim_ex.c.obj
                0x08005b90                HAL_TIMEx_MasterConfigSynchronization
 .text.HAL_TIMEx_ConfigBreakDeadTime
                0x08005c24       0xbc CMakeFiles/TwisterDriver.elf.dir/Drivers/STM32G4xx_HAL_Driver/Src/stm32g4xx_hal_tim_ex.c.obj
                0x08005c24                HAL_TIMEx_ConfigBreakDeadTime
 .text.UART_EndRxTransfer
                0x08005ce0       0x56 CMakeFiles/TwisterDriver.elf.dir/Drivers/STM32G4xx_HAL_Driver/Src/stm32g4xx_hal_uart.c.obj
 .text.HAL_UART_TxCpltCallback
                0x08005d36        0x2 CMakeFiles/TwisterDriver.elf.dir/Drivers/STM32G4xx_HAL_Driver/Src/stm32g4xx_hal_uart.c.obj
                0x08005d36                HAL_UART_TxCpltCallback
 .text.UART_EndTransmit_IT
                0x08005d38       0x24 CMakeFiles/TwisterDriver.elf.dir/Drivers/STM32G4xx_HAL_Driver/Src/stm32g4xx_hal_uart.c.obj
 .text.HAL_UART_ErrorCallback
                0x08005d5c        0x2 CMakeFiles/TwisterDriver.elf.dir/Drivers/STM32G4xx_HAL_Driver/Src/stm32g4xx_hal_uart.c.obj
                0x08005d5c                HAL_UART_ErrorCallback
 .text.UART_DMAAbortOnError
                0x08005d5e       0x14 CMakeFiles/TwisterDriver.elf.dir/Drivers/STM32G4xx_HAL_Driver/Src/stm32g4xx_hal_uart.c.obj
 .text.HAL_UARTEx_RxEventCallback
                0x08005d72        0x2 CMakeFiles/TwisterDriver.elf.dir/Drivers/STM32G4xx_HAL_Driver/Src/stm32g4xx_hal_uart.c.obj
                0x08005d72                HAL_UARTEx_RxEventCallback
 .text.HAL_UART_IRQHandler
                0x08005d74      0x334 CMakeFiles/TwisterDriver.elf.dir/Drivers/STM32G4xx_HAL_Driver/Src/stm32g4xx_hal_uart.c.obj
                0x08005d74                HAL_UART_IRQHandler
 .text.UART_RxISR_8BIT
                0x080060a8       0xb2 CMakeFiles/TwisterDriver.elf.dir/Drivers/STM32G4xx_HAL_Driver/Src/stm32g4xx_hal_uart.c.obj
 .text.UART_RxISR_16BIT
                0x0800615a       0xb0 CMakeFiles/TwisterDriver.elf.dir/Drivers/STM32G4xx_HAL_Driver/Src/stm32g4xx_hal_uart.c.obj
 *fill*         0x0800620a        0x2 
 .text.UART_RxISR_8BIT_FIFOEN
                0x0800620c      0x1a0 CMakeFiles/TwisterDriver.elf.dir/Drivers/STM32G4xx_HAL_Driver/Src/stm32g4xx_hal_uart.c.obj
 .text.UART_RxISR_16BIT_FIFOEN
                0x080063ac      0x1a0 CMakeFiles/TwisterDriver.elf.dir/Drivers/STM32G4xx_HAL_Driver/Src/stm32g4xx_hal_uart.c.obj
 .text.UART_SetConfig
                0x0800654c      0x344 CMakeFiles/TwisterDriver.elf.dir/Drivers/STM32G4xx_HAL_Driver/Src/stm32g4xx_hal_uart.c.obj
                0x0800654c                UART_SetConfig
 .text.UART_AdvFeatureConfig
                0x08006890       0xca CMakeFiles/TwisterDriver.elf.dir/Drivers/STM32G4xx_HAL_Driver/Src/stm32g4xx_hal_uart.c.obj
                0x08006890                UART_AdvFeatureConfig
 .text.UART_WaitOnFlagUntilTimeout
                0x0800695a       0xdc CMakeFiles/TwisterDriver.elf.dir/Drivers/STM32G4xx_HAL_Driver/Src/stm32g4xx_hal_uart.c.obj
                0x0800695a                UART_WaitOnFlagUntilTimeout
 .text.HAL_UART_Transmit
                0x08006a36       0xde CMakeFiles/TwisterDriver.elf.dir/Drivers/STM32G4xx_HAL_Driver/Src/stm32g4xx_hal_uart.c.obj
                0x08006a36                HAL_UART_Transmit
 .text.UART_CheckIdleState
                0x08006b14       0x74 CMakeFiles/TwisterDriver.elf.dir/Drivers/STM32G4xx_HAL_Driver/Src/stm32g4xx_hal_uart.c.obj
                0x08006b14                UART_CheckIdleState
 .text.HAL_UART_Init
                0x08006b88       0x66 CMakeFiles/TwisterDriver.elf.dir/Drivers/STM32G4xx_HAL_Driver/Src/stm32g4xx_hal_uart.c.obj
                0x08006b88                HAL_UART_Init
 *fill*         0x08006bee        0x2 
 .text.UART_Start_Receive_IT
                0x08006bf0      0x148 CMakeFiles/TwisterDriver.elf.dir/Drivers/STM32G4xx_HAL_Driver/Src/stm32g4xx_hal_uart.c.obj
                0x08006bf0                UART_Start_Receive_IT
 .text.HAL_UART_Receive_IT
                0x08006d38       0x5c CMakeFiles/TwisterDriver.elf.dir/Drivers/STM32G4xx_HAL_Driver/Src/stm32g4xx_hal_uart.c.obj
                0x08006d38                HAL_UART_Receive_IT
 .text.UARTEx_SetNbDataToProcess
                0x08006d94       0x4c CMakeFiles/TwisterDriver.elf.dir/Drivers/STM32G4xx_HAL_Driver/Src/stm32g4xx_hal_uart_ex.c.obj
 .text.HAL_UARTEx_WakeupCallback
                0x08006de0        0x2 CMakeFiles/TwisterDriver.elf.dir/Drivers/STM32G4xx_HAL_Driver/Src/stm32g4xx_hal_uart_ex.c.obj
                0x08006de0                HAL_UARTEx_WakeupCallback
 .text.HAL_UARTEx_RxFifoFullCallback
                0x08006de2        0x2 CMakeFiles/TwisterDriver.elf.dir/Drivers/STM32G4xx_HAL_Driver/Src/stm32g4xx_hal_uart_ex.c.obj
                0x08006de2                HAL_UARTEx_RxFifoFullCallback
 .text.HAL_UARTEx_TxFifoEmptyCallback
                0x08006de4        0x2 CMakeFiles/TwisterDriver.elf.dir/Drivers/STM32G4xx_HAL_Driver/Src/stm32g4xx_hal_uart_ex.c.obj
                0x08006de4                HAL_UARTEx_TxFifoEmptyCallback
 .text.HAL_UARTEx_DisableFifoMode
                0x08006de6       0x3e CMakeFiles/TwisterDriver.elf.dir/Drivers/STM32G4xx_HAL_Driver/Src/stm32g4xx_hal_uart_ex.c.obj
                0x08006de6                HAL_UARTEx_DisableFifoMode
 .text.HAL_UARTEx_SetTxFifoThreshold
                0x08006e24       0x4a CMakeFiles/TwisterDriver.elf.dir/Drivers/STM32G4xx_HAL_Driver/Src/stm32g4xx_hal_uart_ex.c.obj
                0x08006e24                HAL_UARTEx_SetTxFifoThreshold
 .text.HAL_UARTEx_SetRxFifoThreshold
                0x08006e6e       0x4a CMakeFiles/TwisterDriver.elf.dir/Drivers/STM32G4xx_HAL_Driver/Src/stm32g4xx_hal_uart_ex.c.obj
                0x08006e6e                HAL_UARTEx_SetRxFifoThreshold
 .text.makeFreeRtosPriority
                0x08006eb8        0xc CMakeFiles/TwisterDriver.elf.dir/Middlewares/Third_Party/FreeRTOS/Source/CMSIS_RTOS/cmsis_os.c.obj
 .text.inHandlerMode
                0x08006ec4        0xc CMakeFiles/TwisterDriver.elf.dir/Middlewares/Third_Party/FreeRTOS/Source/CMSIS_RTOS/cmsis_os.c.obj
 .text.osKernelStart
                0x08006ed0        0xa CMakeFiles/TwisterDriver.elf.dir/Middlewares/Third_Party/FreeRTOS/Source/CMSIS_RTOS/cmsis_os.c.obj
                0x08006ed0                osKernelStart
 .text.osThreadCreate
                0x08006eda       0x34 CMakeFiles/TwisterDriver.elf.dir/Middlewares/Third_Party/FreeRTOS/Source/CMSIS_RTOS/cmsis_os.c.obj
                0x08006eda                osThreadCreate
 .text.osDelay  0x08006f0e        0xe CMakeFiles/TwisterDriver.elf.dir/Middlewares/Third_Party/FreeRTOS/Source/CMSIS_RTOS/cmsis_os.c.obj
                0x08006f0e                osDelay
 .text.osMutexCreate
                0x08006f1c        0xa CMakeFiles/TwisterDriver.elf.dir/Middlewares/Third_Party/FreeRTOS/Source/CMSIS_RTOS/cmsis_os.c.obj
                0x08006f1c                osMutexCreate
 .text.osMutexWait
                0x08006f26       0x60 CMakeFiles/TwisterDriver.elf.dir/Middlewares/Third_Party/FreeRTOS/Source/CMSIS_RTOS/cmsis_os.c.obj
                0x08006f26                osMutexWait
 .text.osMutexRelease
                0x08006f86       0x5a CMakeFiles/TwisterDriver.elf.dir/Middlewares/Third_Party/FreeRTOS/Source/CMSIS_RTOS/cmsis_os.c.obj
                0x08006f86                osMutexRelease
 .text.osPoolCreate
                0x08006fe0       0x6c CMakeFiles/TwisterDriver.elf.dir/Middlewares/Third_Party/FreeRTOS/Source/CMSIS_RTOS/cmsis_os.c.obj
                0x08006fe0                osPoolCreate
 .text.osPoolAlloc
                0x0800704c       0x6e CMakeFiles/TwisterDriver.elf.dir/Middlewares/Third_Party/FreeRTOS/Source/CMSIS_RTOS/cmsis_os.c.obj
                0x0800704c                osPoolAlloc
 .text.osPoolFree
                0x080070ba       0x40 CMakeFiles/TwisterDriver.elf.dir/Middlewares/Third_Party/FreeRTOS/Source/CMSIS_RTOS/cmsis_os.c.obj
                0x080070ba                osPoolFree
 .text.osMessageCreate
                0x080070fa        0xe CMakeFiles/TwisterDriver.elf.dir/Middlewares/Third_Party/FreeRTOS/Source/CMSIS_RTOS/cmsis_os.c.obj
                0x080070fa                osMessageCreate
 .text.osMessagePut
                0x08007108       0x66 CMakeFiles/TwisterDriver.elf.dir/Middlewares/Third_Party/FreeRTOS/Source/CMSIS_RTOS/cmsis_os.c.obj
                0x08007108                osMessagePut
 .text.osMessageGet
                0x0800716e       0x88 CMakeFiles/TwisterDriver.elf.dir/Middlewares/Third_Party/FreeRTOS/Source/CMSIS_RTOS/cmsis_os.c.obj
                0x0800716e                osMessageGet
 .text.vListInitialise
                0x080071f6       0x16 CMakeFiles/TwisterDriver.elf.dir/Middlewares/Third_Party/FreeRTOS/Source/list.c.obj
                0x080071f6                vListInitialise
 .text.vListInitialiseItem
                0x0800720c        0x6 CMakeFiles/TwisterDriver.elf.dir/Middlewares/Third_Party/FreeRTOS/Source/list.c.obj
                0x0800720c                vListInitialiseItem
 .text.vListInsertEnd
                0x08007212       0x16 CMakeFiles/TwisterDriver.elf.dir/Middlewares/Third_Party/FreeRTOS/Source/list.c.obj
                0x08007212                vListInsertEnd
 .text.vListInsert
                0x08007228       0x32 CMakeFiles/TwisterDriver.elf.dir/Middlewares/Third_Party/FreeRTOS/Source/list.c.obj
                0x08007228                vListInsert
 .text.uxListRemove
                0x0800725a       0x26 CMakeFiles/TwisterDriver.elf.dir/Middlewares/Third_Party/FreeRTOS/Source/list.c.obj
                0x0800725a                uxListRemove
 .text.prvTaskExitError
                0x08007280       0x40 CMakeFiles/TwisterDriver.elf.dir/Middlewares/Third_Party/FreeRTOS/Source/portable/GCC/ARM_CM4F/port.c.obj
 .text.prvPortStartFirstTask
                0x080072c0       0x28 CMakeFiles/TwisterDriver.elf.dir/Middlewares/Third_Party/FreeRTOS/Source/portable/GCC/ARM_CM4F/port.c.obj
 .text.vPortEnableVFP
                0x080072e8       0x14 CMakeFiles/TwisterDriver.elf.dir/Middlewares/Third_Party/FreeRTOS/Source/portable/GCC/ARM_CM4F/port.c.obj
 .text.pxPortInitialiseStack
                0x080072fc       0x2c CMakeFiles/TwisterDriver.elf.dir/Middlewares/Third_Party/FreeRTOS/Source/portable/GCC/ARM_CM4F/port.c.obj
                0x080072fc                pxPortInitialiseStack
 *fill*         0x08007328        0x8 
 .text.SVC_Handler
                0x08007330       0x24 CMakeFiles/TwisterDriver.elf.dir/Middlewares/Third_Party/FreeRTOS/Source/portable/GCC/ARM_CM4F/port.c.obj
                0x08007330                SVC_Handler
 .text.vPortEnterCritical
                0x08007354       0x44 CMakeFiles/TwisterDriver.elf.dir/Middlewares/Third_Party/FreeRTOS/Source/portable/GCC/ARM_CM4F/port.c.obj
                0x08007354                vPortEnterCritical
 .text.vPortExitCritical
                0x08007398       0x2c CMakeFiles/TwisterDriver.elf.dir/Middlewares/Third_Party/FreeRTOS/Source/portable/GCC/ARM_CM4F/port.c.obj
                0x08007398                vPortExitCritical
 *fill*         0x080073c4        0xc 
 .text.PendSV_Handler
                0x080073d0       0x64 CMakeFiles/TwisterDriver.elf.dir/Middlewares/Third_Party/FreeRTOS/Source/portable/GCC/ARM_CM4F/port.c.obj
                0x080073d0                PendSV_Handler
 .text.xPortSysTickHandler
                0x08007434       0x2c CMakeFiles/TwisterDriver.elf.dir/Middlewares/Third_Party/FreeRTOS/Source/portable/GCC/ARM_CM4F/port.c.obj
                0x08007434                xPortSysTickHandler
 .text.vPortSetupTimerInterrupt
                0x08007460       0x28 CMakeFiles/TwisterDriver.elf.dir/Middlewares/Third_Party/FreeRTOS/Source/portable/GCC/ARM_CM4F/port.c.obj
                0x08007460                vPortSetupTimerInterrupt
 .text.xPortStartScheduler
                0x08007488      0x118 CMakeFiles/TwisterDriver.elf.dir/Middlewares/Third_Party/FreeRTOS/Source/portable/GCC/ARM_CM4F/port.c.obj
                0x08007488                xPortStartScheduler
 .text.vPortValidateInterruptPriority
                0x080075a0       0x5c CMakeFiles/TwisterDriver.elf.dir/Middlewares/Third_Party/FreeRTOS/Source/portable/GCC/ARM_CM4F/port.c.obj
                0x080075a0                vPortValidateInterruptPriority
 .text.prvHeapInit
                0x080075fc       0x64 CMakeFiles/TwisterDriver.elf.dir/Middlewares/Third_Party/FreeRTOS/Source/portable/MemMang/heap_4.c.obj
 .text.prvInsertBlockIntoFreeList
                0x08007660       0x64 CMakeFiles/TwisterDriver.elf.dir/Middlewares/Third_Party/FreeRTOS/Source/portable/MemMang/heap_4.c.obj
 .text.pvPortMalloc
                0x080076c4       0xfc CMakeFiles/TwisterDriver.elf.dir/Middlewares/Third_Party/FreeRTOS/Source/portable/MemMang/heap_4.c.obj
                0x080076c4                pvPortMalloc
 .text.vPortFree
                0x080077c0       0x7c CMakeFiles/TwisterDriver.elf.dir/Middlewares/Third_Party/FreeRTOS/Source/portable/MemMang/heap_4.c.obj
                0x080077c0                vPortFree
 .text.prvGetDisinheritPriorityAfterTimeout
                0x0800783c       0x10 CMakeFiles/TwisterDriver.elf.dir/Middlewares/Third_Party/FreeRTOS/Source/queue.c.obj
 .text.prvIsQueueFull
                0x0800784c       0x1e CMakeFiles/TwisterDriver.elf.dir/Middlewares/Third_Party/FreeRTOS/Source/queue.c.obj
 .text.prvIsQueueEmpty
                0x0800786a       0x1a CMakeFiles/TwisterDriver.elf.dir/Middlewares/Third_Party/FreeRTOS/Source/queue.c.obj
 .text.prvCopyDataToQueue
                0x08007884       0x76 CMakeFiles/TwisterDriver.elf.dir/Middlewares/Third_Party/FreeRTOS/Source/queue.c.obj
 .text.prvCopyDataFromQueue
                0x080078fa       0x24 CMakeFiles/TwisterDriver.elf.dir/Middlewares/Third_Party/FreeRTOS/Source/queue.c.obj
 .text.prvUnlockQueue
                0x0800791e       0x6e CMakeFiles/TwisterDriver.elf.dir/Middlewares/Third_Party/FreeRTOS/Source/queue.c.obj
 .text.xQueueGenericReset
                0x0800798c       0x84 CMakeFiles/TwisterDriver.elf.dir/Middlewares/Third_Party/FreeRTOS/Source/queue.c.obj
                0x0800798c                xQueueGenericReset
 .text.prvInitialiseNewQueue
                0x08007a10       0x1c CMakeFiles/TwisterDriver.elf.dir/Middlewares/Third_Party/FreeRTOS/Source/queue.c.obj
 .text.xQueueGenericCreate
                0x08007a2c       0x42 CMakeFiles/TwisterDriver.elf.dir/Middlewares/Third_Party/FreeRTOS/Source/queue.c.obj
                0x08007a2c                xQueueGenericCreate
 .text.xQueueGenericSend
                0x08007a6e      0x188 CMakeFiles/TwisterDriver.elf.dir/Middlewares/Third_Party/FreeRTOS/Source/queue.c.obj
                0x08007a6e                xQueueGenericSend
 .text.prvInitialiseMutex
                0x08007bf6       0x18 CMakeFiles/TwisterDriver.elf.dir/Middlewares/Third_Party/FreeRTOS/Source/queue.c.obj
 .text.xQueueCreateMutex
                0x08007c0e       0x16 CMakeFiles/TwisterDriver.elf.dir/Middlewares/Third_Party/FreeRTOS/Source/queue.c.obj
                0x08007c0e                xQueueCreateMutex
 .text.xQueueGenericSendFromISR
                0x08007c24       0xce CMakeFiles/TwisterDriver.elf.dir/Middlewares/Third_Party/FreeRTOS/Source/queue.c.obj
                0x08007c24                xQueueGenericSendFromISR
 .text.xQueueGiveFromISR
                0x08007cf2       0xb2 CMakeFiles/TwisterDriver.elf.dir/Middlewares/Third_Party/FreeRTOS/Source/queue.c.obj
                0x08007cf2                xQueueGiveFromISR
 .text.xQueueReceive
                0x08007da4      0x15e CMakeFiles/TwisterDriver.elf.dir/Middlewares/Third_Party/FreeRTOS/Source/queue.c.obj
                0x08007da4                xQueueReceive
 .text.xQueueSemaphoreTake
                0x08007f02      0x1a6 CMakeFiles/TwisterDriver.elf.dir/Middlewares/Third_Party/FreeRTOS/Source/queue.c.obj
                0x08007f02                xQueueSemaphoreTake
 .text.xQueueReceiveFromISR
                0x080080a8       0xa8 CMakeFiles/TwisterDriver.elf.dir/Middlewares/Third_Party/FreeRTOS/Source/queue.c.obj
                0x080080a8                xQueueReceiveFromISR
 .text.prvResetNextTaskUnblockTime
                0x08008150       0x2c CMakeFiles/TwisterDriver.elf.dir/Middlewares/Third_Party/FreeRTOS/Source/tasks.c.obj
 .text.prvDeleteTCB
                0x0800817c       0x12 CMakeFiles/TwisterDriver.elf.dir/Middlewares/Third_Party/FreeRTOS/Source/tasks.c.obj
 .text.prvInitialiseNewTask
                0x0800818e       0xa2 CMakeFiles/TwisterDriver.elf.dir/Middlewares/Third_Party/FreeRTOS/Source/tasks.c.obj
 .text.prvInitialiseTaskLists
                0x08008230       0x68 CMakeFiles/TwisterDriver.elf.dir/Middlewares/Third_Party/FreeRTOS/Source/tasks.c.obj
 .text.prvAddNewTaskToReadyList
                0x08008298       0xa8 CMakeFiles/TwisterDriver.elf.dir/Middlewares/Third_Party/FreeRTOS/Source/tasks.c.obj
 .text.prvCheckTasksWaitingTermination
                0x08008340       0x4c CMakeFiles/TwisterDriver.elf.dir/Middlewares/Third_Party/FreeRTOS/Source/tasks.c.obj
 .text.prvIdleTask
                0x0800838c       0x28 CMakeFiles/TwisterDriver.elf.dir/Middlewares/Third_Party/FreeRTOS/Source/tasks.c.obj
 .text.prvAddCurrentTaskToDelayedList
                0x080083b4       0x98 CMakeFiles/TwisterDriver.elf.dir/Middlewares/Third_Party/FreeRTOS/Source/tasks.c.obj
 .text.xTaskCreate
                0x0800844c       0x64 CMakeFiles/TwisterDriver.elf.dir/Middlewares/Third_Party/FreeRTOS/Source/tasks.c.obj
                0x0800844c                xTaskCreate
 .text.vTaskStartScheduler
                0x080084b0       0x7c CMakeFiles/TwisterDriver.elf.dir/Middlewares/Third_Party/FreeRTOS/Source/tasks.c.obj
                0x080084b0                vTaskStartScheduler
 .text.vTaskSuspendAll
                0x0800852c       0x10 CMakeFiles/TwisterDriver.elf.dir/Middlewares/Third_Party/FreeRTOS/Source/tasks.c.obj
                0x0800852c                vTaskSuspendAll
 .text.xTaskIncrementTick
                0x0800853c      0x118 CMakeFiles/TwisterDriver.elf.dir/Middlewares/Third_Party/FreeRTOS/Source/tasks.c.obj
                0x0800853c                xTaskIncrementTick
 .text.xTaskResumeAll
                0x08008654       0xf8 CMakeFiles/TwisterDriver.elf.dir/Middlewares/Third_Party/FreeRTOS/Source/tasks.c.obj
                0x08008654                xTaskResumeAll
 .text.vTaskDelay
                0x0800874c       0x4c CMakeFiles/TwisterDriver.elf.dir/Middlewares/Third_Party/FreeRTOS/Source/tasks.c.obj
                0x0800874c                vTaskDelay
 .text.vTaskSwitchContext
                0x08008798       0x98 CMakeFiles/TwisterDriver.elf.dir/Middlewares/Third_Party/FreeRTOS/Source/tasks.c.obj
                0x08008798                vTaskSwitchContext
 .text.vTaskPlaceOnEventList
                0x08008830       0x30 CMakeFiles/TwisterDriver.elf.dir/Middlewares/Third_Party/FreeRTOS/Source/tasks.c.obj
                0x08008830                vTaskPlaceOnEventList
 .text.xTaskRemoveFromEventList
                0x08008860       0x8c CMakeFiles/TwisterDriver.elf.dir/Middlewares/Third_Party/FreeRTOS/Source/tasks.c.obj
                0x08008860                xTaskRemoveFromEventList
 .text.vTaskInternalSetTimeOutState
                0x080088ec       0x18 CMakeFiles/TwisterDriver.elf.dir/Middlewares/Third_Party/FreeRTOS/Source/tasks.c.obj
                0x080088ec                vTaskInternalSetTimeOutState
 .text.xTaskCheckForTimeOut
                0x08008904       0x84 CMakeFiles/TwisterDriver.elf.dir/Middlewares/Third_Party/FreeRTOS/Source/tasks.c.obj
                0x08008904                xTaskCheckForTimeOut
 .text.vTaskMissedYield
                0x08008988        0xc CMakeFiles/TwisterDriver.elf.dir/Middlewares/Third_Party/FreeRTOS/Source/tasks.c.obj
                0x08008988                vTaskMissedYield
 .text.xTaskGetSchedulerState
                0x08008994       0x20 CMakeFiles/TwisterDriver.elf.dir/Middlewares/Third_Party/FreeRTOS/Source/tasks.c.obj
                0x08008994                xTaskGetSchedulerState
 .text.xTaskPriorityInherit
                0x080089b4       0xac CMakeFiles/TwisterDriver.elf.dir/Middlewares/Third_Party/FreeRTOS/Source/tasks.c.obj
                0x080089b4                xTaskPriorityInherit
 .text.xTaskPriorityDisinherit
                0x08008a60       0xb4 CMakeFiles/TwisterDriver.elf.dir/Middlewares/Third_Party/FreeRTOS/Source/tasks.c.obj
                0x08008a60                xTaskPriorityDisinherit
 .text.vTaskPriorityDisinheritAfterTimeout
                0x08008b14       0xb4 CMakeFiles/TwisterDriver.elf.dir/Middlewares/Third_Party/FreeRTOS/Source/tasks.c.obj
                0x08008b14                vTaskPriorityDisinheritAfterTimeout
 .text.pvTaskIncrementMutexHeldCount
                0x08008bc8       0x1c CMakeFiles/TwisterDriver.elf.dir/Middlewares/Third_Party/FreeRTOS/Source/tasks.c.obj
                0x08008bc8                pvTaskIncrementMutexHeldCount
 .text.FOC_Vbus
                0x08008be4       0x28 CMakeFiles/TwisterDriver.elf.dir/UserApp/FOC/FOC.c.obj
                0x08008be4                FOC_Vbus
 .text.setPWM   0x08008c0c       0xf4 CMakeFiles/TwisterDriver.elf.dir/UserApp/FOC/FOC.c.obj
                0x08008c0c                setPWM
 .text.FOC_VEL_PID
                0x08008d00       0x10 CMakeFiles/TwisterDriver.elf.dir/UserApp/FOC/FOC.c.obj
                0x08008d00                FOC_VEL_PID
 .text.FOC_ANGLE_PID
                0x08008d10       0x10 CMakeFiles/TwisterDriver.elf.dir/UserApp/FOC/FOC.c.obj
                0x08008d10                FOC_ANGLE_PID
 .text.FOC_getVelocity
                0x08008d20       0x9c CMakeFiles/TwisterDriver.elf.dir/UserApp/FOC/FOC.c.obj
                0x08008d20                FOC_getVelocity
 *fill*         0x08008dbc        0x4 
 .text._normalizeAngle
                0x08008dc0       0x44 CMakeFiles/TwisterDriver.elf.dir/UserApp/FOC/FOC.c.obj
                0x08008dc0                _normalizeAngle
 .text.setTorque
                0x08008e04       0xd0 CMakeFiles/TwisterDriver.elf.dir/UserApp/FOC/FOC.c.obj
                0x08008e04                setTorque
 .text._electricalAngle
                0x08008ed4       0x22 CMakeFiles/TwisterDriver.elf.dir/UserApp/FOC/FOC.c.obj
                0x08008ed4                _electricalAngle
 *fill*         0x08008ef6        0x2 
 .text.FOC_alignSensor
                0x08008ef8       0x74 CMakeFiles/TwisterDriver.elf.dir/UserApp/FOC/FOC.c.obj
                0x08008ef8                FOC_alignSensor
 *fill*         0x08008f6c        0x4 
 .text.FOC_SVPWM
                0x08008f70      0x218 CMakeFiles/TwisterDriver.elf.dir/UserApp/FOC/FOC.c.obj
                0x08008f70                FOC_SVPWM
 .text.FOC_setVelocity
                0x08009188       0xa4 CMakeFiles/TwisterDriver.elf.dir/UserApp/FOC/FOC.c.obj
                0x08009188                FOC_setVelocity
 *fill*         0x0800922c        0x4 
 .text.FOC_setVelocityAngle
                0x08009230       0xc4 CMakeFiles/TwisterDriver.elf.dir/UserApp/FOC/FOC.c.obj
                0x08009230                FOC_setVelocityAngle
 .text.movingAverageFilter
                0x080092f4       0x3e CMakeFiles/TwisterDriver.elf.dir/UserApp/FOC/Filter.c.obj
                0x080092f4                movingAverageFilter
 *fill*         0x08009332        0x2 
 .text.Low_Pass_Filter
                0x08009334       0x74 CMakeFiles/TwisterDriver.elf.dir/UserApp/FOC/Filter.c.obj
                0x08009334                Low_Pass_Filter
 .text._init3PWM
                0x080093a8       0x40 CMakeFiles/TwisterDriver.elf.dir/UserApp/FOC/hardware_api.c.obj
                0x080093a8                _init3PWM
 .text._writeDutyCycle3PWM_1
                0x080093e8       0x38 CMakeFiles/TwisterDriver.elf.dir/UserApp/FOC/hardware_api.c.obj
                0x080093e8                _writeDutyCycle3PWM_1
 .text._writeDutyCycle3PWM_2
                0x08009420       0x38 CMakeFiles/TwisterDriver.elf.dir/UserApp/FOC/hardware_api.c.obj
                0x08009420                _writeDutyCycle3PWM_2
 .text._initCurrentSample
                0x08009458       0x30 CMakeFiles/TwisterDriver.elf.dir/UserApp/FOC/hardware_api.c.obj
                0x08009458                _initCurrentSample
 .text._getCurrentZeroValue
                0x08009488       0xa0 CMakeFiles/TwisterDriver.elf.dir/UserApp/FOC/hardware_api.c.obj
                0x08009488                _getCurrentZeroValue
 .text._currentGetValue
                0x08009528       0x84 CMakeFiles/TwisterDriver.elf.dir/UserApp/FOC/hardware_api.c.obj
                0x08009528                _currentGetValue
 .text._currentGetValue2
                0x080095ac       0x84 CMakeFiles/TwisterDriver.elf.dir/UserApp/FOC/hardware_api.c.obj
                0x080095ac                _currentGetValue2
 .text.Pid_Init
                0x08009630        0xe CMakeFiles/TwisterDriver.elf.dir/UserApp/FOC/my_PID.c.obj
                0x08009630                Pid_Init
 *fill*         0x0800963e        0x2 
 .text.Pid_Value_Init
                0x08009640      0x124 CMakeFiles/TwisterDriver.elf.dir/UserApp/FOC/my_PID.c.obj
                0x08009640                Pid_Value_Init
 .text.Position_Pid_Calculate
                0x08009764       0xea CMakeFiles/TwisterDriver.elf.dir/UserApp/FOC/my_PID.c.obj
                0x08009764                Position_Pid_Calculate
 *fill*         0x0800984e        0x2 
 .text.mt6701_read_reg
                0x08009850       0x24 CMakeFiles/TwisterDriver.elf.dir/UserApp/MT6701/MT6701.c.obj
                0x08009850                mt6701_read_reg
 .text.mt6701_read_reg_2
                0x08009874       0x24 CMakeFiles/TwisterDriver.elf.dir/UserApp/MT6701/MT6701.c.obj
                0x08009874                mt6701_read_reg_2
 .text.i2c_mt6701_get_angle
                0x08009898       0x60 CMakeFiles/TwisterDriver.elf.dir/UserApp/MT6701/MT6701.c.obj
                0x08009898                i2c_mt6701_get_angle
 .text.i2c2_mt6701_get_angle
                0x080098f8       0x60 CMakeFiles/TwisterDriver.elf.dir/UserApp/MT6701/MT6701.c.obj
                0x080098f8                i2c2_mt6701_get_angle
 .text.getAngle2Pulse
                0x08009958        0x6 CMakeFiles/TwisterDriver.elf.dir/UserApp/Servo/Servo.c.obj
                0x08009958                getAngle2Pulse
 .text.move2TargetAngle
                0x0800995e       0x80 CMakeFiles/TwisterDriver.elf.dir/UserApp/Servo/Servo.c.obj
                0x0800995e                move2TargetAngle
 *fill*         0x080099de        0x2 
 .text.setAngle_180
                0x080099e0       0x98 CMakeFiles/TwisterDriver.elf.dir/UserApp/Servo/Servo.c.obj
                0x080099e0                setAngle_180
 .text.setAngle_270
                0x08009a78       0x98 CMakeFiles/TwisterDriver.elf.dir/UserApp/Servo/Servo.c.obj
                0x08009a78                setAngle_270
 .text.Servo_Create
                0x08009b10       0x40 CMakeFiles/TwisterDriver.elf.dir/UserApp/Servo/Servo.c.obj
                0x08009b10                Servo_Create
 .text.Servo_init
                0x08009b50       0x94 CMakeFiles/TwisterDriver.elf.dir/UserApp/Servo/Servo.c.obj
                0x08009b50                Servo_init
 .text.case_insensitive_strcmp
                0x08009be4       0x60 CMakeFiles/TwisterDriver.elf.dir/UserApp/cJSON/cJSON.c.obj
 .text.get_decimal_point
                0x08009c44        0x4 CMakeFiles/TwisterDriver.elf.dir/UserApp/cJSON/cJSON.c.obj
 .text.compare_double
                0x08009c48       0x60 CMakeFiles/TwisterDriver.elf.dir/UserApp/cJSON/cJSON.c.obj
 .text.parse_hex4
                0x08009ca8       0x4c CMakeFiles/TwisterDriver.elf.dir/UserApp/cJSON/cJSON.c.obj
 .text.utf16_literal_to_utf8
                0x08009cf4       0xec CMakeFiles/TwisterDriver.elf.dir/UserApp/cJSON/cJSON.c.obj
 .text.parse_string
                0x08009de0      0x15c CMakeFiles/TwisterDriver.elf.dir/UserApp/cJSON/cJSON.c.obj
 .text.buffer_skip_whitespace
                0x08009f3c       0x3e CMakeFiles/TwisterDriver.elf.dir/UserApp/cJSON/cJSON.c.obj
 .text.suffix_object
                0x08009f7a        0x6 CMakeFiles/TwisterDriver.elf.dir/UserApp/cJSON/cJSON.c.obj
 .text.add_item_to_array
                0x08009f80       0x3c CMakeFiles/TwisterDriver.elf.dir/UserApp/cJSON/cJSON.c.obj
 .text.cast_away_const
                0x08009fbc        0x2 CMakeFiles/TwisterDriver.elf.dir/UserApp/cJSON/cJSON.c.obj
 .text.update_offset
                0x08009fbe       0x1a CMakeFiles/TwisterDriver.elf.dir/UserApp/cJSON/cJSON.c.obj
 .text.cJSON_strdup
                0x08009fd8       0x28 CMakeFiles/TwisterDriver.elf.dir/UserApp/cJSON/cJSON.c.obj
 .text.add_item_to_object
                0x0800a000       0x72 CMakeFiles/TwisterDriver.elf.dir/UserApp/cJSON/cJSON.c.obj
 .text.ensure   0x0800a072       0xa6 CMakeFiles/TwisterDriver.elf.dir/UserApp/cJSON/cJSON.c.obj
 .text.cJSON_New_Item
                0x0800a118       0x18 CMakeFiles/TwisterDriver.elf.dir/UserApp/cJSON/cJSON.c.obj
 .text.skip_utf8_bom
                0x0800a130       0x38 CMakeFiles/TwisterDriver.elf.dir/UserApp/cJSON/cJSON.c.obj
 .text.parse_number
                0x0800a168      0x164 CMakeFiles/TwisterDriver.elf.dir/UserApp/cJSON/cJSON.c.obj
 .text.print_string_ptr
                0x0800a2cc      0x14c CMakeFiles/TwisterDriver.elf.dir/UserApp/cJSON/cJSON.c.obj
 .text.print_string
                0x0800a418        0xa CMakeFiles/TwisterDriver.elf.dir/UserApp/cJSON/cJSON.c.obj
 *fill*         0x0800a422        0x2 
 .text.print_number
                0x0800a424      0x13c CMakeFiles/TwisterDriver.elf.dir/UserApp/cJSON/cJSON.c.obj
 .text.print_value
                0x0800a560      0x114 CMakeFiles/TwisterDriver.elf.dir/UserApp/cJSON/cJSON.c.obj
 .text.print    0x0800a674       0xa4 CMakeFiles/TwisterDriver.elf.dir/UserApp/cJSON/cJSON.c.obj
 .text.print_array
                0x0800a718       0xa8 CMakeFiles/TwisterDriver.elf.dir/UserApp/cJSON/cJSON.c.obj
 .text.print_object
                0x0800a7c0      0x16a CMakeFiles/TwisterDriver.elf.dir/UserApp/cJSON/cJSON.c.obj
 .text.get_object_item
                0x0800a92a       0x4a CMakeFiles/TwisterDriver.elf.dir/UserApp/cJSON/cJSON.c.obj
 .text.cJSON_GetErrorPtr
                0x0800a974       0x10 CMakeFiles/TwisterDriver.elf.dir/UserApp/cJSON/cJSON.c.obj
                0x0800a974                cJSON_GetErrorPtr
 .text.cJSON_Delete
                0x0800a984       0x54 CMakeFiles/TwisterDriver.elf.dir/UserApp/cJSON/cJSON.c.obj
                0x0800a984                cJSON_Delete
 .text.parse_object
                0x0800a9d8      0x130 CMakeFiles/TwisterDriver.elf.dir/UserApp/cJSON/cJSON.c.obj
 .text.parse_value
                0x0800ab08      0x108 CMakeFiles/TwisterDriver.elf.dir/UserApp/cJSON/cJSON.c.obj
 .text.parse_array
                0x0800ac10       0xec CMakeFiles/TwisterDriver.elf.dir/UserApp/cJSON/cJSON.c.obj
 .text.cJSON_ParseWithLengthOpts
                0x0800acfc       0xcc CMakeFiles/TwisterDriver.elf.dir/UserApp/cJSON/cJSON.c.obj
                0x0800acfc                cJSON_ParseWithLengthOpts
 .text.cJSON_ParseWithOpts
                0x0800adc8       0x1c CMakeFiles/TwisterDriver.elf.dir/UserApp/cJSON/cJSON.c.obj
                0x0800adc8                cJSON_ParseWithOpts
 .text.cJSON_Parse
                0x0800ade4        0xc CMakeFiles/TwisterDriver.elf.dir/UserApp/cJSON/cJSON.c.obj
                0x0800ade4                cJSON_Parse
 .text.cJSON_Print
                0x0800adf0       0x10 CMakeFiles/TwisterDriver.elf.dir/UserApp/cJSON/cJSON.c.obj
                0x0800adf0                cJSON_Print
 .text.cJSON_GetObjectItem
                0x0800ae00        0xa CMakeFiles/TwisterDriver.elf.dir/UserApp/cJSON/cJSON.c.obj
                0x0800ae00                cJSON_GetObjectItem
 *fill*         0x0800ae0a        0x2 
 .text.cJSON_AddItemToObject
                0x0800ae0c       0x18 CMakeFiles/TwisterDriver.elf.dir/UserApp/cJSON/cJSON.c.obj
                0x0800ae0c                cJSON_AddItemToObject
 *fill*         0x0800ae24        0x4 
 .text.cJSON_CreateNumber
                0x0800ae28       0x68 CMakeFiles/TwisterDriver.elf.dir/UserApp/cJSON/cJSON.c.obj
                0x0800ae28                cJSON_CreateNumber
 .text.cJSON_CreateString
                0x0800ae90       0x34 CMakeFiles/TwisterDriver.elf.dir/UserApp/cJSON/cJSON.c.obj
                0x0800ae90                cJSON_CreateString
 .text.cJSON_CreateObject
                0x0800aec4       0x14 CMakeFiles/TwisterDriver.elf.dir/UserApp/cJSON/cJSON.c.obj
                0x0800aec4                cJSON_CreateObject
 .text.res_sendHeartBeat
                0x0800aed8       0x90 CMakeFiles/TwisterDriver.elf.dir/UserApp/cJsonParse/cmd_Parse.c.obj
                0x0800aed8                res_sendHeartBeat
 .text.cmd_setAngularDeviation
                0x0800af68       0x90 CMakeFiles/TwisterDriver.elf.dir/UserApp/cJsonParse/cmd_Parse.c.obj
                0x0800af68                cmd_setAngularDeviation
 .text.cmd_setMotorAngle
                0x0800aff8       0xf4 CMakeFiles/TwisterDriver.elf.dir/UserApp/cJsonParse/cmd_Parse.c.obj
                0x0800aff8                cmd_setMotorAngle
 *fill*         0x0800b0ec        0x4 
 .text.cmd_setServoAngle
                0x0800b0f0      0x100 CMakeFiles/TwisterDriver.elf.dir/UserApp/cJsonParse/cmd_Parse.c.obj
                0x0800b0f0                cmd_setServoAngle
 .text.cmd_getMotorSpeed
                0x0800b1f0       0x6c CMakeFiles/TwisterDriver.elf.dir/UserApp/cJsonParse/cmd_Parse.c.obj
                0x0800b1f0                cmd_getMotorSpeed
 *fill*         0x0800b25c        0x4 
 .text.cmd_getMotorAngle
                0x0800b260       0x6c CMakeFiles/TwisterDriver.elf.dir/UserApp/cJsonParse/cmd_Parse.c.obj
                0x0800b260                cmd_getMotorAngle
 *fill*         0x0800b2cc        0x4 
 .text.cmd_getMotorCurrent
                0x0800b2d0       0x6c CMakeFiles/TwisterDriver.elf.dir/UserApp/cJsonParse/cmd_Parse.c.obj
                0x0800b2d0                cmd_getMotorCurrent
 *fill*         0x0800b33c        0x4 
 .text.cmd_getSystemMode
                0x0800b340       0x6c CMakeFiles/TwisterDriver.elf.dir/UserApp/cJsonParse/cmd_Parse.c.obj
                0x0800b340                cmd_getSystemMode
 *fill*         0x0800b3ac        0x4 
 .text.cmd_setHeartBeat
                0x0800b3b0       0x98 CMakeFiles/TwisterDriver.elf.dir/UserApp/cJsonParse/cmd_Parse.c.obj
                0x0800b3b0                cmd_setHeartBeat
 .text.cmd_setFOCMode
                0x0800b448       0x70 CMakeFiles/TwisterDriver.elf.dir/UserApp/cJsonParse/cmd_Parse.c.obj
                0x0800b448                cmd_setFOCMode
 .text.cmd_startParse
                0x0800b4b8       0x8c CMakeFiles/TwisterDriver.elf.dir/UserApp/cJsonParse/cmd_Parse.c.obj
                0x0800b4b8                cmd_startParse
 .text.angleReduce
                0x0800b544       0x44 CMakeFiles/TwisterDriver.elf.dir/UserApp/multiBotton/multi_button.c.obj
 .text.angleIncrease
                0x0800b588       0x2c CMakeFiles/TwisterDriver.elf.dir/UserApp/multiBotton/multi_button.c.obj
 .text.speedReduce
                0x0800b5b4       0x30 CMakeFiles/TwisterDriver.elf.dir/UserApp/multiBotton/multi_button.c.obj
 .text.speedIncrease
                0x0800b5e4       0x30 CMakeFiles/TwisterDriver.elf.dir/UserApp/multiBotton/multi_button.c.obj
 .text.speedClean
                0x0800b614       0x14 CMakeFiles/TwisterDriver.elf.dir/UserApp/multiBotton/multi_button.c.obj
 .text.speedReverse
                0x0800b628       0x28 CMakeFiles/TwisterDriver.elf.dir/UserApp/multiBotton/multi_button.c.obj
 .text.button_init
                0x0800b650       0x30 CMakeFiles/TwisterDriver.elf.dir/UserApp/multiBotton/multi_button.c.obj
                0x0800b650                button_init
 .text.button_attach
                0x0800b680        0x8 CMakeFiles/TwisterDriver.elf.dir/UserApp/multiBotton/multi_button.c.obj
                0x0800b680                button_attach
 .text.button_handler
                0x0800b688      0x210 CMakeFiles/TwisterDriver.elf.dir/UserApp/multiBotton/multi_button.c.obj
                0x0800b688                button_handler
 .text.button_start
                0x0800b898       0x24 CMakeFiles/TwisterDriver.elf.dir/UserApp/multiBotton/multi_button.c.obj
                0x0800b898                button_start
 .text.button_ticks
                0x0800b8bc       0x1c CMakeFiles/TwisterDriver.elf.dir/UserApp/multiBotton/multi_button.c.obj
                0x0800b8bc                button_ticks
 .text.read_KEY1_GPIO
                0x0800b8d8       0x14 CMakeFiles/TwisterDriver.elf.dir/UserApp/multiBotton/multi_button.c.obj
                0x0800b8d8                read_KEY1_GPIO
 .text.read_KEY2_GPIO
                0x0800b8ec       0x14 CMakeFiles/TwisterDriver.elf.dir/UserApp/multiBotton/multi_button.c.obj
                0x0800b8ec                read_KEY2_GPIO
 .text.read_KEY3_GPIO
                0x0800b900       0x14 CMakeFiles/TwisterDriver.elf.dir/UserApp/multiBotton/multi_button.c.obj
                0x0800b900                read_KEY3_GPIO
 .text.read_KEY4_GPIO
                0x0800b914       0x14 CMakeFiles/TwisterDriver.elf.dir/UserApp/multiBotton/multi_button.c.obj
                0x0800b914                read_KEY4_GPIO
 .text.read_KEY5_GPIO
                0x0800b928       0x14 CMakeFiles/TwisterDriver.elf.dir/UserApp/multiBotton/multi_button.c.obj
                0x0800b928                read_KEY5_GPIO
 .text.read_KEY6_GPIO
                0x0800b93c       0x10 CMakeFiles/TwisterDriver.elf.dir/UserApp/multiBotton/multi_button.c.obj
                0x0800b93c                read_KEY6_GPIO
 .text.KEY1_PRESS_DOWN_Handler
                0x0800b94c        0x8 CMakeFiles/TwisterDriver.elf.dir/UserApp/multiBotton/multi_button.c.obj
                0x0800b94c                KEY1_PRESS_DOWN_Handler
 .text.KEY2_PRESS_DOWN_Handler
                0x0800b954        0x8 CMakeFiles/TwisterDriver.elf.dir/UserApp/multiBotton/multi_button.c.obj
                0x0800b954                KEY2_PRESS_DOWN_Handler
 .text.KEY3_PRESS_DOWN_Handler
                0x0800b95c        0x8 CMakeFiles/TwisterDriver.elf.dir/UserApp/multiBotton/multi_button.c.obj
                0x0800b95c                KEY3_PRESS_DOWN_Handler
 .text.KEY4_PRESS_DOWN_Handler
                0x0800b964        0x8 CMakeFiles/TwisterDriver.elf.dir/UserApp/multiBotton/multi_button.c.obj
                0x0800b964                KEY4_PRESS_DOWN_Handler
 .text.KEY5_PRESS_DOWN_Handler
                0x0800b96c        0x8 CMakeFiles/TwisterDriver.elf.dir/UserApp/multiBotton/multi_button.c.obj
                0x0800b96c                KEY5_PRESS_DOWN_Handler
 .text.KEY6_PRESS_DOWN_Handler
                0x0800b974        0x8 CMakeFiles/TwisterDriver.elf.dir/UserApp/multiBotton/multi_button.c.obj
                0x0800b974                KEY6_PRESS_DOWN_Handler
 .text.uart_printf
                0x0800b97c       0x48 CMakeFiles/TwisterDriver.elf.dir/UserApp/retarget/retarget.c.obj
                0x0800b97c                uart_printf
 .text.uart3_printf
                0x0800b9c4       0x64 CMakeFiles/TwisterDriver.elf.dir/UserApp/retarget/retarget.c.obj
                0x0800b9c4                uart3_printf
 .text.__errno  0x0800ba28        0xc e:/compiler/bin/../lib/gcc/arm-none-eabi/10.2.1/../../../../arm-none-eabi/lib/thumb/v7e-m+fp/hard\libg.a(lib_a-errno.o)
                0x0800ba28                __errno
 .text.__libc_init_array
                0x0800ba34       0x48 e:/compiler/bin/../lib/gcc/arm-none-eabi/10.2.1/../../../../arm-none-eabi/lib/thumb/v7e-m+fp/hard\libg.a(lib_a-init.o)
                0x0800ba34                __libc_init_array
 .text.malloc   0x0800ba7c       0x10 e:/compiler/bin/../lib/gcc/arm-none-eabi/10.2.1/../../../../arm-none-eabi/lib/thumb/v7e-m+fp/hard\libg.a(lib_a-malloc.o)
                0x0800ba7c                malloc
 .text.free     0x0800ba8c       0x10 e:/compiler/bin/../lib/gcc/arm-none-eabi/10.2.1/../../../../arm-none-eabi/lib/thumb/v7e-m+fp/hard\libg.a(lib_a-malloc.o)
                0x0800ba8c                free
 .text._malloc_r
                0x0800ba9c      0x560 e:/compiler/bin/../lib/gcc/arm-none-eabi/10.2.1/../../../../arm-none-eabi/lib/thumb/v7e-m+fp/hard\libg.a(lib_a-mallocr.o)
                0x0800ba9c                _malloc_r
 .text.memset   0x0800bffc       0xa4 e:/compiler/bin/../lib/gcc/arm-none-eabi/10.2.1/../../../../arm-none-eabi/lib/thumb/v7e-m+fp/hard\libg.a(lib_a-memset.o)
                0x0800bffc                memset
 .text.__malloc_lock
                0x0800c0a0        0xc e:/compiler/bin/../lib/gcc/arm-none-eabi/10.2.1/../../../../arm-none-eabi/lib/thumb/v7e-m+fp/hard\libg.a(lib_a-mlock.o)
                0x0800c0a0                __malloc_lock
 .text.__malloc_unlock
                0x0800c0ac        0xc e:/compiler/bin/../lib/gcc/arm-none-eabi/10.2.1/../../../../arm-none-eabi/lib/thumb/v7e-m+fp/hard\libg.a(lib_a-mlock.o)
                0x0800c0ac                __malloc_unlock
 .text.realloc  0x0800c0b8       0x18 e:/compiler/bin/../lib/gcc/arm-none-eabi/10.2.1/../../../../arm-none-eabi/lib/thumb/v7e-m+fp/hard\libg.a(lib_a-realloc.o)
                0x0800c0b8                realloc
 .text._realloc_r
                0x0800c0d0      0x3d8 e:/compiler/bin/../lib/gcc/arm-none-eabi/10.2.1/../../../../arm-none-eabi/lib/thumb/v7e-m+fp/hard\libg.a(lib_a-reallocr.o)
                0x0800c0d0                _realloc_r
 .text._sbrk_r  0x0800c4a8       0x24 e:/compiler/bin/../lib/gcc/arm-none-eabi/10.2.1/../../../../arm-none-eabi/lib/thumb/v7e-m+fp/hard\libg.a(lib_a-sbrkr.o)
                0x0800c4a8                _sbrk_r
 .text.sprintf  0x0800c4cc       0x40 e:/compiler/bin/../lib/gcc/arm-none-eabi/10.2.1/../../../../arm-none-eabi/lib/thumb/v7e-m+fp/hard\libg.a(lib_a-sprintf.o)
                0x0800c4cc                sprintf
 .text.sscanf   0x0800c50c       0x58 e:/compiler/bin/../lib/gcc/arm-none-eabi/10.2.1/../../../../arm-none-eabi/lib/thumb/v7e-m+fp/hard\libg.a(lib_a-sscanf.o)
                0x0800c50c                sscanf
 .text.__sread  0x0800c564       0x24 e:/compiler/bin/../lib/gcc/arm-none-eabi/10.2.1/../../../../arm-none-eabi/lib/thumb/v7e-m+fp/hard\libg.a(lib_a-stdio.o)
                0x0800c564                __sread
 .text.__seofread
                0x0800c588        0x4 e:/compiler/bin/../lib/gcc/arm-none-eabi/10.2.1/../../../../arm-none-eabi/lib/thumb/v7e-m+fp/hard\libg.a(lib_a-stdio.o)
                0x0800c588                __seofread
 .text.__swrite
                0x0800c58c       0x40 e:/compiler/bin/../lib/gcc/arm-none-eabi/10.2.1/../../../../arm-none-eabi/lib/thumb/v7e-m+fp/hard\libg.a(lib_a-stdio.o)
                0x0800c58c                __swrite
 .text.__sseek  0x0800c5cc       0x20 e:/compiler/bin/../lib/gcc/arm-none-eabi/10.2.1/../../../../arm-none-eabi/lib/thumb/v7e-m+fp/hard\libg.a(lib_a-stdio.o)
                0x0800c5cc                __sseek
 .text.__sclose
                0x0800c5ec        0x8 e:/compiler/bin/../lib/gcc/arm-none-eabi/10.2.1/../../../../arm-none-eabi/lib/thumb/v7e-m+fp/hard\libg.a(lib_a-stdio.o)
                0x0800c5ec                __sclose
 .text.strncmp  0x0800c5f4       0x80 e:/compiler/bin/../lib/gcc/arm-none-eabi/10.2.1/../../../../arm-none-eabi/lib/thumb/v7e-m+fp/hard\libg.a(lib_a-strncmp.o)
                0x0800c5f4                strncmp
 .text.strncpy  0x0800c674       0x64 e:/compiler/bin/../lib/gcc/arm-none-eabi/10.2.1/../../../../arm-none-eabi/lib/thumb/v7e-m+fp/hard\libg.a(lib_a-strncpy.o)
                0x0800c674                strncpy
 .text._strtod_l
                0x0800c6d8      0xf50 e:/compiler/bin/../lib/gcc/arm-none-eabi/10.2.1/../../../../arm-none-eabi/lib/thumb/v7e-m+fp/hard\libg.a(lib_a-strtod.o)
                0x0800c6d8                _strtod_l
 .text._strtod_r
                0x0800d628        0xc e:/compiler/bin/../lib/gcc/arm-none-eabi/10.2.1/../../../../arm-none-eabi/lib/thumb/v7e-m+fp/hard\libg.a(lib_a-strtod.o)
                0x0800d628                _strtod_r
 .text.strtod   0x0800d634       0x20 e:/compiler/bin/../lib/gcc/arm-none-eabi/10.2.1/../../../../arm-none-eabi/lib/thumb/v7e-m+fp/hard\libg.a(lib_a-strtod.o)
                0x0800d634                strtod
 *fill*         0x0800d654        0x4 
 .text._svfprintf_r
                0x0800d658     0x1adc e:/compiler/bin/../lib/gcc/arm-none-eabi/10.2.1/../../../../arm-none-eabi/lib/thumb/v7e-m+fp/hard\libg.a(lib_a-svfprintf.o)
                0x0800d658                _svfprintf_r
 .text.__ssvfscanf_r
                0x0800f134     0x16dc e:/compiler/bin/../lib/gcc/arm-none-eabi/10.2.1/../../../../arm-none-eabi/lib/thumb/v7e-m+fp/hard\libg.a(lib_a-svfscanf.o)
                0x0800f134                __ssvfscanf_r
 .text.vsnprintf
                0x08010810       0x70 e:/compiler/bin/../lib/gcc/arm-none-eabi/10.2.1/../../../../arm-none-eabi/lib/thumb/v7e-m+fp/hard\libg.a(lib_a-vsnprintf.o)
                0x08010810                vsnprintf
 .text._write_r
                0x08010880       0x2c e:/compiler/bin/../lib/gcc/arm-none-eabi/10.2.1/../../../../arm-none-eabi/lib/thumb/v7e-m+fp/hard\libg.a(lib_a-writer.o)
                0x08010880                _write_r
 .text.startup.register_fini
                0x080108ac       0x14 e:/compiler/bin/../lib/gcc/arm-none-eabi/10.2.1/../../../../arm-none-eabi/lib/thumb/v7e-m+fp/hard\libg.a(lib_a-__call_atexit.o)
 .text.atexit   0x080108c0        0xc e:/compiler/bin/../lib/gcc/arm-none-eabi/10.2.1/../../../../arm-none-eabi/lib/thumb/v7e-m+fp/hard\libg.a(lib_a-atexit.o)
                0x080108c0                atexit
 .text._close_r
                0x080108cc       0x24 e:/compiler/bin/../lib/gcc/arm-none-eabi/10.2.1/../../../../arm-none-eabi/lib/thumb/v7e-m+fp/hard\libg.a(lib_a-closer.o)
                0x080108cc                _close_r
 .text.quorem   0x080108f0      0x128 e:/compiler/bin/../lib/gcc/arm-none-eabi/10.2.1/../../../../arm-none-eabi/lib/thumb/v7e-m+fp/hard\libg.a(lib_a-dtoa.o)
 .text._dtoa_r  0x08010a18      0xf40 e:/compiler/bin/../lib/gcc/arm-none-eabi/10.2.1/../../../../arm-none-eabi/lib/thumb/v7e-m+fp/hard\libg.a(lib_a-dtoa.o)
                0x08010a18                _dtoa_r
 .text.__libc_fini_array
                0x08011958       0x2c e:/compiler/bin/../lib/gcc/arm-none-eabi/10.2.1/../../../../arm-none-eabi/lib/thumb/v7e-m+fp/hard\libg.a(lib_a-fini.o)
                0x08011958                __libc_fini_array
 .text._malloc_trim_r
                0x08011984       0xa0 e:/compiler/bin/../lib/gcc/arm-none-eabi/10.2.1/../../../../arm-none-eabi/lib/thumb/v7e-m+fp/hard\libg.a(lib_a-freer.o)
                0x08011984                _malloc_trim_r
 .text._free_r  0x08011a24      0x20c e:/compiler/bin/../lib/gcc/arm-none-eabi/10.2.1/../../../../arm-none-eabi/lib/thumb/v7e-m+fp/hard\libg.a(lib_a-freer.o)
                0x08011a24                _free_r
 .text.rshift   0x08011c30       0xa4 e:/compiler/bin/../lib/gcc/arm-none-eabi/10.2.1/../../../../arm-none-eabi/lib/thumb/v7e-m+fp/hard\libg.a(lib_a-gdtoa-gethex.o)
 .text.__gethex
                0x08011cd4      0x5dc e:/compiler/bin/../lib/gcc/arm-none-eabi/10.2.1/../../../../arm-none-eabi/lib/thumb/v7e-m+fp/hard\libg.a(lib_a-gdtoa-gethex.o)
                0x08011cd4                __gethex
 .text.__match  0x080122b0       0x38 e:/compiler/bin/../lib/gcc/arm-none-eabi/10.2.1/../../../../arm-none-eabi/lib/thumb/v7e-m+fp/hard\libg.a(lib_a-gdtoa-hexnan.o)
                0x080122b0                __match
 .text.__hexnan
                0x080122e8      0x1ac e:/compiler/bin/../lib/gcc/arm-none-eabi/10.2.1/../../../../arm-none-eabi/lib/thumb/v7e-m+fp/hard\libg.a(lib_a-gdtoa-hexnan.o)
                0x080122e8                __hexnan
 .text.iswspace
                0x08012494        0x8 e:/compiler/bin/../lib/gcc/arm-none-eabi/10.2.1/../../../../arm-none-eabi/lib/thumb/v7e-m+fp/hard\libg.a(lib_a-iswspace.o)
                0x08012494                iswspace
 .text.iswspace_l
                0x0801249c       0x14 e:/compiler/bin/../lib/gcc/arm-none-eabi/10.2.1/../../../../arm-none-eabi/lib/thumb/v7e-m+fp/hard\libg.a(lib_a-iswspace_l.o)
                0x0801249c                iswspace_l
 .text.__locale_mb_cur_max
                0x080124b0        0xc e:/compiler/bin/../lib/gcc/arm-none-eabi/10.2.1/../../../../arm-none-eabi/lib/thumb/v7e-m+fp/hard\libg.a(lib_a-locale.o)
                0x080124b0                __locale_mb_cur_max
 .text._localeconv_r
                0x080124bc        0x8 e:/compiler/bin/../lib/gcc/arm-none-eabi/10.2.1/../../../../arm-none-eabi/lib/thumb/v7e-m+fp/hard\libg.a(lib_a-localeconv.o)
                0x080124bc                _localeconv_r
 .text.__retarget_lock_init_recursive
                0x080124c4        0x4 e:/compiler/bin/../lib/gcc/arm-none-eabi/10.2.1/../../../../arm-none-eabi/lib/thumb/v7e-m+fp/hard\libg.a(lib_a-lock.o)
                0x080124c4                __retarget_lock_init_recursive
 .text.__retarget_lock_close_recursive
                0x080124c8        0x4 e:/compiler/bin/../lib/gcc/arm-none-eabi/10.2.1/../../../../arm-none-eabi/lib/thumb/v7e-m+fp/hard\libg.a(lib_a-lock.o)
                0x080124c8                __retarget_lock_close_recursive
 .text.__retarget_lock_acquire_recursive
                0x080124cc        0x4 e:/compiler/bin/../lib/gcc/arm-none-eabi/10.2.1/../../../../arm-none-eabi/lib/thumb/v7e-m+fp/hard\libg.a(lib_a-lock.o)
                0x080124cc                __retarget_lock_acquire_recursive
 .text.__retarget_lock_release_recursive
                0x080124d0        0x4 e:/compiler/bin/../lib/gcc/arm-none-eabi/10.2.1/../../../../arm-none-eabi/lib/thumb/v7e-m+fp/hard\libg.a(lib_a-lock.o)
                0x080124d0                __retarget_lock_release_recursive
 .text._lseek_r
                0x080124d4       0x2c e:/compiler/bin/../lib/gcc/arm-none-eabi/10.2.1/../../../../arm-none-eabi/lib/thumb/v7e-m+fp/hard\libg.a(lib_a-lseekr.o)
                0x080124d4                _lseek_r
 .text._mbrtowc_r
                0x08012500       0x44 e:/compiler/bin/../lib/gcc/arm-none-eabi/10.2.1/../../../../arm-none-eabi/lib/thumb/v7e-m+fp/hard\libg.a(lib_a-mbrtowc.o)
                0x08012500                _mbrtowc_r
 .text.__ascii_mbtowc
                0x08012544       0x2c e:/compiler/bin/../lib/gcc/arm-none-eabi/10.2.1/../../../../arm-none-eabi/lib/thumb/v7e-m+fp/hard\libg.a(lib_a-mbtowc_r.o)
                0x08012544                __ascii_mbtowc
 .text.memmove  0x08012570       0xf8 e:/compiler/bin/../lib/gcc/arm-none-eabi/10.2.1/../../../../arm-none-eabi/lib/thumb/v7e-m+fp/hard\libg.a(lib_a-memmove.o)
                0x08012570                memmove
 .text._Balloc  0x08012668       0x4c e:/compiler/bin/../lib/gcc/arm-none-eabi/10.2.1/../../../../arm-none-eabi/lib/thumb/v7e-m+fp/hard\libg.a(lib_a-mprec.o)
                0x08012668                _Balloc
 .text._Bfree   0x080126b4       0x14 e:/compiler/bin/../lib/gcc/arm-none-eabi/10.2.1/../../../../arm-none-eabi/lib/thumb/v7e-m+fp/hard\libg.a(lib_a-mprec.o)
                0x080126b4                _Bfree
 .text.__multadd
                0x080126c8       0xa8 e:/compiler/bin/../lib/gcc/arm-none-eabi/10.2.1/../../../../arm-none-eabi/lib/thumb/v7e-m+fp/hard\libg.a(lib_a-mprec.o)
                0x080126c8                __multadd
 .text.__s2b    0x08012770       0xb4 e:/compiler/bin/../lib/gcc/arm-none-eabi/10.2.1/../../../../arm-none-eabi/lib/thumb/v7e-m+fp/hard\libg.a(lib_a-mprec.o)
                0x08012770                __s2b
 .text.__hi0bits
                0x08012824       0x40 e:/compiler/bin/../lib/gcc/arm-none-eabi/10.2.1/../../../../arm-none-eabi/lib/thumb/v7e-m+fp/hard\libg.a(lib_a-mprec.o)
                0x08012824                __hi0bits
 .text.__lo0bits
                0x08012864       0x60 e:/compiler/bin/../lib/gcc/arm-none-eabi/10.2.1/../../../../arm-none-eabi/lib/thumb/v7e-m+fp/hard\libg.a(lib_a-mprec.o)
                0x08012864                __lo0bits
 .text.__i2b    0x080128c4       0x5c e:/compiler/bin/../lib/gcc/arm-none-eabi/10.2.1/../../../../arm-none-eabi/lib/thumb/v7e-m+fp/hard\libg.a(lib_a-mprec.o)
                0x080128c4                __i2b
 .text.__multiply
                0x08012920      0x158 e:/compiler/bin/../lib/gcc/arm-none-eabi/10.2.1/../../../../arm-none-eabi/lib/thumb/v7e-m+fp/hard\libg.a(lib_a-mprec.o)
                0x08012920                __multiply
 .text.__pow5mult
                0x08012a78       0xc0 e:/compiler/bin/../lib/gcc/arm-none-eabi/10.2.1/../../../../arm-none-eabi/lib/thumb/v7e-m+fp/hard\libg.a(lib_a-mprec.o)
                0x08012a78                __pow5mult
 .text.__lshift
                0x08012b38       0xf0 e:/compiler/bin/../lib/gcc/arm-none-eabi/10.2.1/../../../../arm-none-eabi/lib/thumb/v7e-m+fp/hard\libg.a(lib_a-mprec.o)
                0x08012b38                __lshift
 .text.__mcmp   0x08012c28       0x44 e:/compiler/bin/../lib/gcc/arm-none-eabi/10.2.1/../../../../arm-none-eabi/lib/thumb/v7e-m+fp/hard\libg.a(lib_a-mprec.o)
                0x08012c28                __mcmp
 .text.__mdiff  0x08012c6c      0x14c e:/compiler/bin/../lib/gcc/arm-none-eabi/10.2.1/../../../../arm-none-eabi/lib/thumb/v7e-m+fp/hard\libg.a(lib_a-mprec.o)
                0x08012c6c                __mdiff
 .text.__ulp    0x08012db8       0x60 e:/compiler/bin/../lib/gcc/arm-none-eabi/10.2.1/../../../../arm-none-eabi/lib/thumb/v7e-m+fp/hard\libg.a(lib_a-mprec.o)
                0x08012db8                __ulp
 .text.__b2d    0x08012e18       0xc0 e:/compiler/bin/../lib/gcc/arm-none-eabi/10.2.1/../../../../arm-none-eabi/lib/thumb/v7e-m+fp/hard\libg.a(lib_a-mprec.o)
                0x08012e18                __b2d
 .text.__d2b    0x08012ed8       0xd0 e:/compiler/bin/../lib/gcc/arm-none-eabi/10.2.1/../../../../arm-none-eabi/lib/thumb/v7e-m+fp/hard\libg.a(lib_a-mprec.o)
                0x08012ed8                __d2b
 .text.__ratio  0x08012fa8       0x5c e:/compiler/bin/../lib/gcc/arm-none-eabi/10.2.1/../../../../arm-none-eabi/lib/thumb/v7e-m+fp/hard\libg.a(lib_a-mprec.o)
                0x08012fa8                __ratio
 .text.__copybits
                0x08013004       0x5c e:/compiler/bin/../lib/gcc/arm-none-eabi/10.2.1/../../../../arm-none-eabi/lib/thumb/v7e-m+fp/hard\libg.a(lib_a-mprec.o)
                0x08013004                __copybits
 .text.__any_on
                0x08013060       0x64 e:/compiler/bin/../lib/gcc/arm-none-eabi/10.2.1/../../../../arm-none-eabi/lib/thumb/v7e-m+fp/hard\libg.a(lib_a-mprec.o)
                0x08013060                __any_on
 .text._read_r  0x080130c4       0x2c e:/compiler/bin/../lib/gcc/arm-none-eabi/10.2.1/../../../../arm-none-eabi/lib/thumb/v7e-m+fp/hard\libg.a(lib_a-readr.o)
                0x080130c4                _read_r
 .text.frexp    0x080130f0       0x6c e:/compiler/bin/../lib/gcc/arm-none-eabi/10.2.1/../../../../arm-none-eabi/lib/thumb/v7e-m+fp/hard\libg.a(lib_a-s_frexp.o)
                0x080130f0                frexp
 *fill*         0x0801315c        0x4 
 .text.nan      0x08013160       0x10 e:/compiler/bin/../lib/gcc/arm-none-eabi/10.2.1/../../../../arm-none-eabi/lib/thumb/v7e-m+fp/hard\libg.a(lib_a-s_nan.o)
                0x08013160                nan
 .text.__sccl   0x08013170       0x8c e:/compiler/bin/../lib/gcc/arm-none-eabi/10.2.1/../../../../arm-none-eabi/lib/thumb/v7e-m+fp/hard\libg.a(lib_a-sccl.o)
                0x08013170                __sccl