Archive member included to satisfy reference by file (symbol)

e:/compiler/bin/../lib/gcc/arm-none-eabi/10.2.1/thumb/v7e-m+fp/hard\libgcc.a(_arm_muldf3.o)
                              CMakeFiles/TwisterDriver.elf.dir/UserApp/FOC/FOC.c.obj (__aeabi_dmul)
e:/compiler/bin/../lib/gcc/arm-none-eabi/10.2.1/thumb/v7e-m+fp/hard\libgcc.a(_arm_addsubdf3.o)
                              CMakeFiles/TwisterDriver.elf.dir/UserApp/FOC/Filter.c.obj (__aeabi_dsub)
e:/compiler/bin/../lib/gcc/arm-none-eabi/10.2.1/thumb/v7e-m+fp/hard\libgcc.a(_arm_muldivdf3.o)
                              CMakeFiles/TwisterDriver.elf.dir/UserApp/FOC/FOC.c.obj (__aeabi_ddiv)
e:/compiler/bin/../lib/gcc/arm-none-eabi/10.2.1/thumb/v7e-m+fp/hard\libgcc.a(_arm_cmpdf2.o)
                              CMakeFiles/TwisterDriver.elf.dir/UserApp/cJSON/cJSON.c.obj (__aeabi_dcmpeq)
e:/compiler/bin/../lib/gcc/arm-none-eabi/10.2.1/thumb/v7e-m+fp/hard\libgcc.a(_arm_unorddf2.o)
                              CMakeFiles/TwisterDriver.elf.dir/UserApp/cJSON/cJSON.c.obj (__aeabi_dcmpun)
e:/compiler/bin/../lib/gcc/arm-none-eabi/10.2.1/thumb/v7e-m+fp/hard\libgcc.a(_arm_fixdfsi.o)
                              CMakeFiles/TwisterDriver.elf.dir/UserApp/FOC/FOC.c.obj (__aeabi_d2iz)
e:/compiler/bin/../lib/gcc/arm-none-eabi/10.2.1/thumb/v7e-m+fp/hard\libgcc.a(_arm_truncdfsf2.o)
                              CMakeFiles/TwisterDriver.elf.dir/UserApp/FOC/FOC.c.obj (__aeabi_d2f)
e:/compiler/bin/../lib/gcc/arm-none-eabi/10.2.1/thumb/v7e-m+fp/hard\libgcc.a(_aeabi_uldivmod.o)
                              CMakeFiles/TwisterDriver.elf.dir/Drivers/STM32G4xx_HAL_Driver/Src/stm32g4xx_hal_uart.c.obj (__aeabi_uldivmod)
e:/compiler/bin/../lib/gcc/arm-none-eabi/10.2.1/thumb/v7e-m+fp/hard\libgcc.a(_udivmoddi4.o)
                              e:/compiler/bin/../lib/gcc/arm-none-eabi/10.2.1/thumb/v7e-m+fp/hard\libgcc.a(_aeabi_uldivmod.o) (__udivmoddi4)
e:/compiler/bin/../lib/gcc/arm-none-eabi/10.2.1/thumb/v7e-m+fp/hard\libgcc.a(_dvmd_tls.o)
                              e:/compiler/bin/../lib/gcc/arm-none-eabi/10.2.1/thumb/v7e-m+fp/hard\libgcc.a(_aeabi_uldivmod.o) (__aeabi_ldiv0)
e:/compiler/bin/../lib/gcc/arm-none-eabi/10.2.1/../../../../arm-none-eabi/lib/thumb/v7e-m+fp/hard\libg.a(lib_a-atof.o)
                              CMakeFiles/TwisterDriver.elf.dir/UserApp/retarget/retarget.c.obj (atof)
e:/compiler/bin/../lib/gcc/arm-none-eabi/10.2.1/../../../../arm-none-eabi/lib/thumb/v7e-m+fp/hard\libg.a(lib_a-ctype_.o)
                              CMakeFiles/TwisterDriver.elf.dir/UserApp/cJSON/cJSON.c.obj (_ctype_)
e:/compiler/bin/../lib/gcc/arm-none-eabi/10.2.1/../../../../arm-none-eabi/lib/thumb/v7e-m+fp/hard\libg.a(lib_a-errno.o)
                              CMakeFiles/TwisterDriver.elf.dir/Core/Src/syscalls.c.obj (__errno)
e:/compiler/bin/../lib/gcc/arm-none-eabi/10.2.1/../../../../arm-none-eabi/lib/thumb/v7e-m+fp/hard\libg.a(lib_a-exit.o)
                              e:/compiler/bin/../lib/gcc/arm-none-eabi/10.2.1/../../../../arm-none-eabi/lib/thumb/v7e-m+fp/hard/crt0.o (exit)
e:/compiler/bin/../lib/gcc/arm-none-eabi/10.2.1/../../../../arm-none-eabi/lib/thumb/v7e-m+fp/hard\libg.a(lib_a-impure.o)
                              e:/compiler/bin/../lib/gcc/arm-none-eabi/10.2.1/../../../../arm-none-eabi/lib/thumb/v7e-m+fp/hard\libg.a(lib_a-exit.o) (_global_impure_ptr)
e:/compiler/bin/../lib/gcc/arm-none-eabi/10.2.1/../../../../arm-none-eabi/lib/thumb/v7e-m+fp/hard\libg.a(lib_a-init.o)
                              e:/compiler/bin/../lib/gcc/arm-none-eabi/10.2.1/../../../../arm-none-eabi/lib/thumb/v7e-m+fp/hard/crt0.o (__libc_init_array)
e:/compiler/bin/../lib/gcc/arm-none-eabi/10.2.1/../../../../arm-none-eabi/lib/thumb/v7e-m+fp/hard\libg.a(lib_a-itoa.o)
                              CMakeFiles/TwisterDriver.elf.dir/UserApp/LCD/gui.c.obj (itoa)
e:/compiler/bin/../lib/gcc/arm-none-eabi/10.2.1/../../../../arm-none-eabi/lib/thumb/v7e-m+fp/hard\libg.a(lib_a-malloc.o)
                              CMakeFiles/TwisterDriver.elf.dir/UserApp/LCD/st7735.c.obj (malloc)
e:/compiler/bin/../lib/gcc/arm-none-eabi/10.2.1/../../../../arm-none-eabi/lib/thumb/v7e-m+fp/hard\libg.a(lib_a-mallocr.o)
                              e:/compiler/bin/../lib/gcc/arm-none-eabi/10.2.1/../../../../arm-none-eabi/lib/thumb/v7e-m+fp/hard\libg.a(lib_a-malloc.o) (_malloc_r)
e:/compiler/bin/../lib/gcc/arm-none-eabi/10.2.1/../../../../arm-none-eabi/lib/thumb/v7e-m+fp/hard\libg.a(lib_a-memcpy.o)
                              CMakeFiles/TwisterDriver.elf.dir/Core/Src/main.c.obj (memcpy)
e:/compiler/bin/../lib/gcc/arm-none-eabi/10.2.1/../../../../arm-none-eabi/lib/thumb/v7e-m+fp/hard\libg.a(lib_a-memset.o)
                              e:/compiler/bin/../lib/gcc/arm-none-eabi/10.2.1/../../../../arm-none-eabi/lib/thumb/v7e-m+fp/hard/crt0.o (memset)
e:/compiler/bin/../lib/gcc/arm-none-eabi/10.2.1/../../../../arm-none-eabi/lib/thumb/v7e-m+fp/hard\libg.a(lib_a-mlock.o)
[...]
Memory Configuration

Name             Origin             Length             Attributes
RAM              0x20000000         0x00008000         xrw
FLASH            0x08000000         0x00020000         xr
*default*        0x00000000         0xffffffff

Linker script and memory map

LOAD e:/compiler/bin/../lib/gcc/arm-none-eabi/10.2.1/thumb/v7e-m+fp/hard/crti.o
LOAD e:/compiler/bin/../lib/gcc/arm-none-eabi/10.2.1/thumb/v7e-m+fp/hard/crtbegin.o
LOAD e:/compiler/bin/../lib/gcc/arm-none-eabi/10.2.1/../../../../arm-none-eabi/lib/thumb/v7e-m+fp/hard/crt0.o
LOAD CMakeFiles/TwisterDriver.elf.dir/Core/Src/app_freertos.c.obj
LOAD CMakeFiles/TwisterDriver.elf.dir/Core/Src/main.c.obj
LOAD CMakeFiles/TwisterDriver.elf.dir/Core/Src/stm32g4xx_hal_msp.c.obj
LOAD CMakeFiles/TwisterDriver.elf.dir/Core/Src/stm32g4xx_it.c.obj
LOAD CMakeFiles/TwisterDriver.elf.dir/Core/Src/syscalls.c.obj
LOAD CMakeFiles/TwisterDriver.elf.dir/Core/Src/sysmem.c.obj
LOAD CMakeFiles/TwisterDriver.elf.dir/Core/Src/system_stm32g4xx.c.obj
LOAD CMakeFiles/TwisterDriver.elf.dir/Core/Startup/startup_stm32g431rbtx.s.obj
LOAD CMakeFiles/TwisterDriver.elf.dir/Drivers/STM32G4xx_HAL_Driver/Src/stm32g4xx_hal.c.obj
LOAD CMakeFiles/TwisterDriver.elf.dir/Drivers/STM32G4xx_HAL_Driver/Src/stm32g4xx_hal_adc.c.obj
LOAD CMakeFiles/TwisterDriver.elf.dir/Drivers/STM32G4xx_HAL_Driver/Src/stm32g4xx_hal_adc_ex.c.obj
LOAD CMakeFiles/TwisterDriver.elf.dir/Drivers/STM32G4xx_HAL_Driver/Src/stm32g4xx_hal_cortex.c.obj
LOAD CMakeFiles/TwisterDriver.elf.dir/Drivers/STM32G4xx_HAL_Driver/Src/stm32g4xx_hal_dma.c.obj
LOAD CMakeFiles/TwisterDriver.elf.dir/Drivers/STM32G4xx_HAL_Driver/Src/stm32g4xx_hal_dma_ex.c.obj
LOAD CMakeFiles/TwisterDriver.elf.dir/Drivers/STM32G4xx_HAL_Driver/Src/stm32g4xx_hal_exti.c.obj
LOAD CMakeFiles/TwisterDriver.elf.dir/Drivers/STM32G4xx_HAL_Driver/Src/stm32g4xx_hal_fdcan.c.obj
LOAD CMakeFiles/TwisterDriver.elf.dir/Drivers/STM32G4xx_HAL_Driver/Src/stm32g4xx_hal_flash.c.obj
LOAD CMakeFiles/TwisterDriver.elf.dir/Drivers/STM32G4xx_HAL_Driver/Src/stm32g4xx_hal_flash_ex.c.obj
LOAD CMakeFiles/TwisterDriver.elf.dir/Drivers/STM32G4xx_HAL_Driver/Src/stm32g4xx_hal_flash_ramfunc.c.obj
LOAD CMakeFiles/TwisterDriver.elf.dir/Drivers/STM32G4xx_HAL_Driver/Src/stm32g4xx_hal_gpio.c.obj
LOAD CMakeFiles/TwisterDriver.elf.dir/Drivers/STM32G4xx_HAL_Driver/Src/stm32g4xx_hal_i2c.c.obj
LOAD CMakeFiles/TwisterDriver.elf.dir/Drivers/STM32G4xx_HAL_Driver/Src/stm32g4xx_hal_i2c_ex.c.obj
LOAD CMakeFiles/TwisterDriver.elf.dir/Drivers/STM32G4xx_HAL_Driver/Src/stm32g4xx_hal_pwr.c.obj
LOAD CMakeFiles/TwisterDriver.elf.dir/Drivers/STM32G4xx_HAL_Driver/Src/stm32g4xx_hal_pwr_ex.c.obj
LOAD CMakeFiles/TwisterDriver.elf.dir/Drivers/STM32G4xx_HAL_Driver/Src/stm32g4xx_hal_rcc.c.obj
LOAD CMakeFiles/TwisterDriver.elf.dir/Drivers/STM32G4xx_HAL_Driver/Src/stm32g4xx_hal_rcc_ex.c.obj
LOAD CMakeFiles/TwisterDriver.elf.dir/Drivers/STM32G4xx_HAL_Driver/Src/stm32g4xx_hal_spi.c.obj
LOAD CMakeFiles/TwisterDriver.elf.dir/Drivers/STM32G4xx_HAL_Driver/Src/stm32g4xx_hal_spi_ex.c.obj
LOAD CMakeFiles/TwisterDriver.elf.dir/Drivers/STM32G4xx_HAL_Driver/Src/stm32g4xx_hal_tim.c.obj
LOAD CMakeFiles/TwisterDriver.elf.dir/Drivers/STM32G4xx_HAL_Driver/Src/stm32g4xx_hal_tim_ex.c.obj
LOAD CMakeFiles/TwisterDriver.elf.dir/Drivers/STM32G4xx_HAL_Driver/Src/stm32g4xx_hal_uart.c.obj
LOAD CMakeFiles/TwisterDriver.elf.dir/Drivers/STM32G4xx_HAL_Driver/Src/stm32g4xx_hal_uart_ex.c.obj
LOAD CMakeFiles/TwisterDriver.elf.dir/Drivers/STM32G4xx_HAL_Driver/Src/stm32g4xx_ll_adc.c.obj
LOAD CMakeFiles/TwisterDriver.elf.dir/Middlewares/Third_Party/FreeRTOS/Source/CMSIS_RTOS/cmsis_os.c.obj
LOAD CMakeFiles/TwisterDriver.elf.dir/Middlewares/Third_Party/FreeRTOS/Source/croutine.c.obj
LOAD CMakeFiles/TwisterDriver.elf.dir/Middlewares/Third_Party/FreeRTOS/Source/event_groups.c.obj
LOAD CMakeFiles/TwisterDriver.elf.dir/Middlewares/Third_Party/FreeRTOS/Source/list.c.obj
LOAD CMakeFiles/TwisterDriver.elf.dir/Middlewares/Third_Party/FreeRTOS/Source/portable/GCC/ARM_CM4F/port.c.obj
LOAD CMakeFiles/TwisterDriver.elf.dir/Middlewares/Third_Party/FreeRTOS/Source/portable/MemMang/heap_4.c.obj
LOAD CMakeFiles/TwisterDriver.elf.dir/Middlewares/Third_Party/FreeRTOS/Source/queue.c.obj
LOAD CMakeFiles/TwisterDriver.elf.dir/Middlewares/Third_Party/FreeRTOS/Source/stream_buffer.c.obj
LOAD CMakeFiles/TwisterDriver.elf.dir/Middlewares/Third_Party/FreeRTOS/Source/tasks.c.obj
LOAD CMakeFiles/TwisterDriver.elf.dir/Middlewares/Third_Party/FreeRTOS/Source/timers.c.obj
LOAD CMakeFiles/TwisterDriver.elf.dir/UserApp/FOC/FOC.c.obj
LOAD CMakeFiles/TwisterDriver.elf.dir/UserApp/FOC/FOC_math.c.obj
LOAD CMakeFiles/TwisterDriver.elf.dir/UserApp/FOC/Filter.c.obj
LOAD CMakeFiles/TwisterDriver.elf.dir/UserApp/FOC/hardware_api.c.obj
LOAD CMakeFiles/TwisterDriver.elf.dir/UserApp/FOC/my_PID.c.obj
LOAD CMakeFiles/TwisterDriver.elf.dir/UserApp/LCD/fonts.c.obj
LOAD CMakeFiles/TwisterDriver.elf.dir/UserApp/LCD/gui.c.obj
LOAD CMakeFiles/TwisterDriver.elf.dir/UserApp/LCD/image.c.obj
LOAD CMakeFiles/TwisterDriver.elf.dir/UserApp/LCD/st7735.c.obj
LOAD CMakeFiles/TwisterDriver.elf.dir/UserApp/MT6701/MT6701.c.obj
LOAD CMakeFiles/TwisterDriver.elf.dir/UserApp/Servo/Servo.c.obj
LOAD CMakeFiles/TwisterDriver.elf.dir/UserApp/cJSON/cJSON.c.obj
LOAD CMakeFiles/TwisterDriver.elf.dir/UserApp/cJSON/cJSON_Utils.c.obj
LOAD CMakeFiles/TwisterDriver.elf.dir/UserApp/cJsonParse/cmd_Parse.c.obj
LOAD CMakeFiles/TwisterDriver.elf.dir/UserApp/multiBotton/multi_button.c.obj
LOAD CMakeFiles/TwisterDriver.elf.dir/UserApp/retarget/retarget.c.obj
START GROUP
LOAD e:/compiler/bin/../lib/gcc/arm-none-eabi/10.2.1/thumb/v7e-m+fp/hard\libgcc.a
LOAD e:/compiler/bin/../lib/gcc/arm-none-eabi/10.2.1/../../../../arm-none-eabi/lib/thumb/v7e-m+fp/hard\libg.a
LOAD e:/compiler/bin/../lib/gcc/arm-none-eabi/10.2.1/../../../../arm-none-eabi/lib/thumb/v7e-m+fp/hard\libc.a
END GROUP
LOAD e:/compiler/bin/../lib/gcc/arm-none-eabi/10.2.1/thumb/v7e-m+fp/hard/crtend.o
LOAD e:/compiler/bin/../lib/gcc/arm-none-eabi/10.2.1/thumb/v7e-m+fp/hard/crtn.o
                0x20008000                _estack = (ORIGIN (RAM) + LENGTH (RAM))
                0x00000200                _Min_Heap_Size = 0x200
                0x00000400                _Min_Stack_Size = 0x400

.isr_vector     0x08000000      0x1d8
                0x08000000                . = ALIGN (0x4)
 *(.isr_vector)
 .isr_vector    0x08000000      0x1d8 CMakeFiles/TwisterDriver.elf.dir/Core/Startup/startup_stm32g431rbtx.s.obj
                0x08000000                g_pfnVectors
                0x080001d8                . = ALIGN (0x4)

.text           0x08000200    0x16ff4
                0x08000200                . = ALIGN (0x4)
 *(.text)
 .text          0x08000200       0x40 e:/compiler/bin/../lib/gcc/arm-none-eabi/10.2.1/thumb/v7e-m+fp/hard/crtbegin.o
 .text          0x08000240      0x378 e:/compiler/bin/../lib/gcc/arm-none-eabi/10.2.1/thumb/v7e-m+fp/hard\libgcc.a(_arm_addsubdf3.o)
                0x08000240                __aeabi_drsub
                0x08000248                __aeabi_dsub
                0x08000248                __subdf3
                0x0800024c                __aeabi_dadd
                0x0800024c                __adddf3
                0x080004c4                __floatunsidf
                0x080004c4                __aeabi_ui2d
                0x080004e4                __floatsidf
                0x080004e4                __aeabi_i2d
                0x08000508                __aeabi_f2d
                0x08000508                __extendsfdf2
                0x0800054c                __floatundidf
                0x0800054c                __aeabi_ul2d
                0x0800055c                __floatdidf
                0x0800055c                __aeabi_l2d
 .text          0x080005b8      0x424 e:/compiler/bin/../lib/gcc/arm-none-eabi/10.2.1/thumb/v7e-m+fp/hard\libgcc.a(_arm_muldivdf3.o)
                0x080005b8                __aeabi_dmul
                0x080005b8                __muldf3
                0x0800080c                __divdf3
                0x0800080c                __aeabi_ddiv
 .text          0x080009dc      0x110 e:/compiler/bin/../lib/gcc/arm-none-eabi/10.2.1/thumb/v7e-m+fp/hard\libgcc.a(_arm_cmpdf2.o)
                0x080009dc                __gtdf2
                0x080009dc                __gedf2
                0x080009e4                __ltdf2
                0x080009e4                __ledf2
                0x080009ec                __nedf2
                0x080009ec                __eqdf2
                0x080009ec                __cmpdf2
                0x08000a68                __aeabi_cdrcmple
                0x08000a78                __aeabi_cdcmpeq
                0x08000a78                __aeabi_cdcmple
                0x08000a88                __aeabi_dcmpeq
                0x08000a9c                __aeabi_dcmplt
                0x08000ab0                __aeabi_dcmple
                0x08000ac4                __aeabi_dcmpge
                0x08000ad8                __aeabi_dcmpgt
 .text          0x08000aec       0x2c e:/compiler/bin/../lib/gcc/arm-none-eabi/10.2.1/thumb/v7e-m+fp/hard\libgcc.a(_arm_unorddf2.o)
                0x08000aec                __unorddf2
                0x08000aec                __aeabi_dcmpun
 .text          0x08000b18       0x50 e:/compiler/bin/../lib/gcc/arm-none-eabi/10.2.1/thumb/v7e-m+fp/hard\libgcc.a(_arm_fixdfsi.o)
                0x08000b18                __aeabi_d2iz
                0x08000b18                __fixdfsi
 .text          0x08000b68       0xa0 e:/compiler/bin/../lib/gcc/arm-none-eabi/10.2.1/thumb/v7e-m+fp/hard\libgcc.a(_arm_truncdfsf2.o)
                0x08000b68                __truncdfsf2
                0x08000b68                __aeabi_d2f
 .text          0x08000c08       0x30 e:/compiler/bin/../lib/gcc/arm-none-eabi/10.2.1/thumb/v7e-m+fp/hard\libgcc.a(_aeabi_uldivmod.o)
                0x08000c08                __aeabi_uldivmod
 .text          0x08000c38      0x2d0 e:/compiler/bin/../lib/gcc/arm-none-eabi/10.2.1/thumb/v7e-m+fp/hard\libgcc.a(_udivmoddi4.o)
                0x08000c38                __udivmoddi4
 .text          0x08000f08        0x4 e:/compiler/bin/../lib/gcc/arm-none-eabi/10.2.1/thumb/v7e-m+fp/hard\libgcc.a(_dvmd_tls.o)
                0x08000f08                __aeabi_idiv0
                0x08000f08                __aeabi_ldiv0
 .text          0x08000f0c      0x134 e:/compiler/bin/../lib/gcc/arm-none-eabi/10.2.1/../../../../arm-none-eabi/lib/thumb/v7e-m+fp/hard\libg.a(lib_a-memcpy.o)
                0x08000f0c                memcpy
 .text          0x08001040      0x2dc e:/compiler/bin/../lib/gcc/arm-none-eabi/10.2.1/../../../../arm-none-eabi/lib/thumb/v7e-m+fp/hard\libg.a(lib_a-strcmp.o)
                0x08001048                strcmp
 *fill*         0x0800131c       0x24 
 .text          0x08001340       0xdc e:/compiler/bin/../lib/gcc/arm-none-eabi/10.2.1/../../../../arm-none-eabi/lib/thumb/v7e-m+fp/hard\libg.a(lib_a-strlen.o)
                0x08001340                strlen
 *fill*         0x0800141c        0x4 
 .text          0x08001420       0xa0 e:/compiler/bin/../lib/gcc/arm-none-eabi/10.2.1/../../../../arm-none-eabi/lib/thumb/v7e-m+fp/hard\libg.a(lib_a-memchr.o)
                0x08001420                memchr
 .text          0x080014c0       0x40 e:/compiler/bin/../lib/gcc/arm-none-eabi/10.2.1/thumb/v7e-m+fp/hard\libgcc.a(_arm_fixunsdfsi.o)
                0x080014c0                __aeabi_d2uiz
                0x080014c0                __fixunsdfsi
 .text          0x08001500       0x30 e:/compiler/bin/../lib/gcc/arm-none-eabi/10.2.1/thumb/v7e-m+fp/hard\libgcc.a(_fixdfdi.o)
                0x08001500                __fixdfdi
                0x08001500                __aeabi_d2lz
 .text          0x08001530       0x3c e:/compiler/bin/../lib/gcc/arm-none-eabi/10.2.1/thumb/v7e-m+fp/hard\libgcc.a(_fixunsdfdi.o)
                0x08001530                __fixunsdfdi
                0x08001530                __aeabi_d2ulz
 *(.text*)
 .text.FOC_LeftTask
                0x0800156c       0x54 CMakeFiles/TwisterDriver.elf.dir/Core/Src/app_freertos.c.obj
                0x0800156c                FOC_LeftTask
 .text.FOC_RightTask
                0x080015c0       0x54 CMakeFiles/TwisterDriver.elf.dir/Core/Src/app_freertos.c.obj
                0x080015c0                FOC_RightTask
 .text.ServoTask
                0x08001614       0xa0 CMakeFiles/TwisterDriver.elf.dir/Core/Src/app_freertos.c.obj
                0x08001614                ServoTask
 .text.UARTTask
                0x080016b4       0x54 CMakeFiles/TwisterDriver.elf.dir/Core/Src/app_freertos.c.obj
                0x080016b4                UARTTask
 .text.ButtonTask
                0x08001708      0x104 CMakeFiles/TwisterDriver.elf.dir/Core/Src/app_freertos.c.obj
                0x08001708                ButtonTask
 .text.MX_GPIO_Init
                0x0800180c       0xcc CMakeFiles/TwisterDriver.elf.dir/Core/Src/main.c.obj
 .text.MX_DMA_Init
                0x080018d8       0x64 CMakeFiles/TwisterDriver.elf.dir/Core/Src/main.c.obj
 .text.StartDefaultTask
                0x0800193c       0xec CMakeFiles/TwisterDriver.elf.dir/Core/Src/main.c.obj
                0x0800193c                StartDefaultTask
 .text.HAL_UART_RxCpltCallback
                0x08001a28       0xb4 CMakeFiles/TwisterDriver.elf.dir/Core/Src/main.c.obj
                0x08001a28                HAL_UART_RxCpltCallback
 .text.Error_Handler
                0x08001adc        0x4 CMakeFiles/TwisterDriver.elf.dir/Core/Src/main.c.obj
                0x08001adc                Error_Handler
 .text.MX_ADC1_Init
                0x08001ae0       0xd0 CMakeFiles/TwisterDriver.elf.dir/Core/Src/main.c.obj
 .text.MX_ADC2_Init
                0x08001bb0       0xbc CMakeFiles/TwisterDriver.elf.dir/Core/Src/main.c.obj
 .text.MX_FDCAN1_Init
                0x08001c6c       0x48 CMakeFiles/TwisterDriver.elf.dir/Core/Src/main.c.obj
 .text.MX_I2C2_Init
                0x08001cb4       0x54 CMakeFiles/TwisterDriver.elf.dir/Core/Src/main.c.obj
 .text.MX_SPI1_Init
                0x08001d08       0x4c CMakeFiles/TwisterDriver.elf.dir/Core/Src/main.c.obj
 .text.MX_TIM1_Init
                0x08001d54       0xe8 CMakeFiles/TwisterDriver.elf.dir/Core/Src/main.c.obj
 .text.MX_TIM2_Init
                0x08001e3c       0x9c CMakeFiles/TwisterDriver.elf.dir/Core/Src/main.c.obj
 .text.MX_USART1_UART_Init
                0x08001ed8       0x60 CMakeFiles/TwisterDriver.elf.dir/Core/Src/main.c.obj
 .text.MX_TIM3_Init
                0x08001f38       0x60 CMakeFiles/TwisterDriver.elf.dir/Core/Src/main.c.obj
 .text.MX_I2C3_Init
                0x08001f98       0x54 CMakeFiles/TwisterDriver.elf.dir/Core/Src/main.c.obj
 .text.MX_TIM8_Init
                0x08001fec       0xd4 CMakeFiles/TwisterDriver.elf.dir/Core/Src/main.c.obj
 .text.MX_USART3_UART_Init
                0x080020c0       0x60 CMakeFiles/TwisterDriver.elf.dir/Core/Src/main.c.obj
 .text.SystemClock_Config
                0x08002120       0x6e CMakeFiles/TwisterDriver.elf.dir/Core/Src/main.c.obj
                0x08002120                SystemClock_Config
 *fill*         0x0800218e        0x2 
 .text.main     0x08002190       0xa8 CMakeFiles/TwisterDriver.elf.dir/Core/Src/main.c.obj
                0x08002190                main
 .text.HAL_MspInit
                0x08002238       0x44 CMakeFiles/TwisterDriver.elf.dir/Core/Src/stm32g4xx_hal_msp.c.obj
                0x08002238                HAL_MspInit
 .text.HAL_ADC_MspInit
                0x0800227c      0x16c CMakeFiles/TwisterDriver.elf.dir/Core/Src/stm32g4xx_hal_msp.c.obj
                0x0800227c                HAL_ADC_MspInit
 .text.HAL_FDCAN_MspInit
                0x080023e8       0x90 CMakeFiles/TwisterDriver.elf.dir/Core/Src/stm32g4xx_hal_msp.c.obj
                0x080023e8                HAL_FDCAN_MspInit
 .text.HAL_I2C_MspInit
                0x08002478      0x114 CMakeFiles/TwisterDriver.elf.dir/Core/Src/stm32g4xx_hal_msp.c.obj
                0x08002478                HAL_I2C_MspInit
 .text.HAL_SPI_MspInit
                0x0800258c       0xa0 CMakeFiles/TwisterDriver.elf.dir/Core/Src/stm32g4xx_hal_msp.c.obj
                0x0800258c                HAL_SPI_MspInit
 .text.HAL_TIM_PWM_MspInit
                0x0800262c       0x6c CMakeFiles/TwisterDriver.elf.dir/Core/Src/stm32g4xx_hal_msp.c.obj
                0x0800262c                HAL_TIM_PWM_MspInit
 .text.HAL_TIM_Encoder_MspInit
                0x08002698       0x68 CMakeFiles/TwisterDriver.elf.dir/Core/Src/stm32g4xx_hal_msp.c.obj
                0x08002698                HAL_TIM_Encoder_MspInit
 .text.HAL_TIM_MspPostInit
                0x08002700      0x118 CMakeFiles/TwisterDriver.elf.dir/Core/Src/stm32g4xx_hal_msp.c.obj
                0x08002700                HAL_TIM_MspPostInit
 .text.HAL_UART_MspInit
                0x08002818      0x140 CMakeFiles/TwisterDriver.elf.dir/Core/Src/stm32g4xx_hal_msp.c.obj
                0x08002818                HAL_UART_MspInit
 .text.NMI_Handler
                0x08002958        0x2 CMakeFiles/TwisterDriver.elf.dir/Core/Src/stm32g4xx_it.c.obj
                0x08002958                NMI_Handler
 .text.HardFault_Handler
                0x0800295a        0x2 CMakeFiles/TwisterDriver.elf.dir/Core/Src/stm32g4xx_it.c.obj
                0x0800295a                HardFault_Handler
 .text.MemManage_Handler
                0x0800295c        0x2 CMakeFiles/TwisterDriver.elf.dir/Core/Src/stm32g4xx_it.c.obj
                0x0800295c                MemManage_Handler
 .text.BusFault_Handler
                0x0800295e        0x2 CMakeFiles/TwisterDriver.elf.dir/Core/Src/stm32g4xx_it.c.obj
                0x0800295e                BusFault_Handler
 .text.UsageFault_Handler
                0x08002960        0x2 CMakeFiles/TwisterDriver.elf.dir/Core/Src/stm32g4xx_it.c.obj
                0x08002960                UsageFault_Handler
 .text.DebugMon_Handler
                0x08002962        0x2 CMakeFiles/TwisterDriver.elf.dir/Core/Src/stm32g4xx_it.c.obj
                0x08002962                DebugMon_Handler
 .text.SysTick_Handler
                0x08002964       0x16 CMakeFiles/TwisterDriver.elf.dir/Core/Src/stm32g4xx_it.c.obj
                0x08002964                SysTick_Handler
 *fill*         0x0800297a        0x2 
 .text.DMA1_Channel1_IRQHandler
                0x0800297c       0x10 CMakeFiles/TwisterDriver.elf.dir/Core/Src/stm32g4xx_it.c.obj
                0x0800297c                DMA1_Channel1_IRQHandler
 .text.DMA1_Channel2_IRQHandler
                0x0800298c       0x10 CMakeFiles/TwisterDriver.elf.dir/Core/Src/stm32g4xx_it.c.obj
                0x0800298c                DMA1_Channel2_IRQHandler
 .text.DMA1_Channel4_IRQHandler
                0x0800299c       0x10 CMakeFiles/TwisterDriver.elf.dir/Core/Src/stm32g4xx_it.c.obj
                0x0800299c                DMA1_Channel4_IRQHandler
 .text.USART1_IRQHandler
                0x080029ac       0x10 CMakeFiles/TwisterDriver.elf.dir/Core/Src/stm32g4xx_it.c.obj
                0x080029ac                USART1_IRQHandler
 .text.USART3_IRQHandler
                0x080029bc       0x10 CMakeFiles/TwisterDriver.elf.dir/Core/Src/stm32g4xx_it.c.obj
                0x080029bc                USART3_IRQHandler
 .text._getpid  0x080029cc        0x4 CMakeFiles/TwisterDriver.elf.dir/Core/Src/syscalls.c.obj
                0x080029cc                _getpid
 .text._kill    0x080029d0       0x10 CMakeFiles/TwisterDriver.elf.dir/Core/Src/syscalls.c.obj
                0x080029d0                _kill
 .text._exit    0x080029e0        0xc CMakeFiles/TwisterDriver.elf.dir/Core/Src/syscalls.c.obj
                0x080029e0                _exit
 .text._read    0x080029ec       0x20 CMakeFiles/TwisterDriver.elf.dir/Core/Src/syscalls.c.obj
                0x080029ec                _read
 .text._write   0x08002a0c       0x1c CMakeFiles/TwisterDriver.elf.dir/Core/Src/syscalls.c.obj
                0x08002a0c                _write
 .text._close   0x08002a28        0x6 CMakeFiles/TwisterDriver.elf.dir/Core/Src/syscalls.c.obj
                0x08002a28                _close
 .text._fstat   0x08002a2e        0xa CMakeFiles/TwisterDriver.elf.dir/Core/Src/syscalls.c.obj
                0x08002a2e                _fstat
 .text._isatty  0x08002a38        0x4 CMakeFiles/TwisterDriver.elf.dir/Core/Src/syscalls.c.obj
                0x08002a38                _isatty
 .text._lseek   0x08002a3c        0x4 CMakeFiles/TwisterDriver.elf.dir/Core/Src/syscalls.c.obj
                0x08002a3c                _lseek
 .text._sbrk    0x08002a40       0x48 CMakeFiles/TwisterDriver.elf.dir/Core/Src/sysmem.c.obj
                0x08002a40                _sbrk
 .text.SystemInit
                0x08002a88       0x14 CMakeFiles/TwisterDriver.elf.dir/Core/Src/system_stm32g4xx.c.obj
                0x08002a88                SystemInit
 .text.Reset_Handler
                0x08002a9c       0x50 CMakeFiles/TwisterDriver.elf.dir/Core/Startup/startup_stm32g431rbtx.s.obj
                0x08002a9c                Reset_Handler
 .text.Default_Handler
                0x08002aec        0x2 CMakeFiles/TwisterDriver.elf.dir/Core/Startup/startup_stm32g431rbtx.s.obj
                0x08002aec                RTC_Alarm_IRQHandler
                0x08002aec                EXTI2_IRQHandler
                0x08002aec                TIM8_TRG_COM_IRQHandler
                0x08002aec                TIM8_CC_IRQHandler
                0x08002aec                TIM1_CC_IRQHandler
                0x08002aec                USB_HP_IRQHandler
                0x08002aec                CORDIC_IRQHandler
                0x08002aec                EXTI3_IRQHandler
                0x08002aec                I2C3_ER_IRQHandler
                0x08002aec                EXTI0_IRQHandler
                0x08002aec                I2C2_EV_IRQHandler
                0x08002aec                FPU_IRQHandler
                0x08002aec                FDCAN1_IT1_IRQHandler
                0x08002aec                TIM1_UP_TIM16_IRQHandler
                0x08002aec                ADC1_2_IRQHandler
                0x08002aec                SPI1_IRQHandler
                0x08002aec                TIM6_DAC_IRQHandler
                0x08002aec                TIM8_UP_IRQHandler
                0x08002aec                DMA2_Channel2_IRQHandler
                0x08002aec                TIM4_IRQHandler
                0x08002aec                DMA2_Channel1_IRQHandler
                0x08002aec                I2C1_EV_IRQHandler
                0x08002aec                DMA1_Channel6_IRQHandler
                0x08002aec                UART4_IRQHandler
                0x08002aec                DMA2_Channel4_IRQHandler
                0x08002aec                TIM3_IRQHandler
                0x08002aec                RCC_IRQHandler
                0x08002aec                Default_Handler
                0x08002aec                RTC_TAMP_LSECSS_IRQHandler
                0x08002aec                FMAC_IRQHandler
                0x08002aec                EXTI15_10_IRQHandler
                0x08002aec                TIM7_IRQHandler
                0x08002aec                UCPD1_IRQHandler
                0x08002aec                I2C3_EV_IRQHandler
                0x08002aec                EXTI9_5_IRQHandler
                0x08002aec                RTC_WKUP_IRQHandler
                0x08002aec                PVD_PVM_IRQHandler
                0x08002aec                SPI2_IRQHandler
                0x08002aec                DMA2_Channel5_IRQHandler
                0x08002aec                CRS_IRQHandler
                0x08002aec                DMA1_Channel5_IRQHandler
                0x08002aec                USB_LP_IRQHandler
                0x08002aec                EXTI4_IRQHandler
                0x08002aec                RNG_IRQHandler
                0x08002aec                TIM1_TRG_COM_TIM17_IRQHandler
                0x08002aec                DMA1_Channel3_IRQHandler
                0x08002aec                WWDG_IRQHandler
                0x08002aec                LPUART1_IRQHandler
                0x08002aec                DMA2_Channel6_IRQHandler
                0x08002aec                FDCAN1_IT0_IRQHandler
                0x08002aec                TIM2_IRQHandler
                0x08002aec                COMP1_2_3_IRQHandler
                0x08002aec                EXTI1_IRQHandler
                0x08002aec                USART2_IRQHandler
                0x08002aec                I2C2_ER_IRQHandler
                0x08002aec                TIM8_BRK_IRQHandler
                0x08002aec                FLASH_IRQHandler
                0x08002aec                SPI3_IRQHandler
                0x08002aec                I2C1_ER_IRQHandler
                0x08002aec                LPTIM1_IRQHandler
                0x08002aec                DMAMUX_OVR_IRQHandler
                0x08002aec                USBWakeUp_IRQHandler
                0x08002aec                SAI1_IRQHandler
                0x08002aec                DMA2_Channel3_IRQHandler
                0x08002aec                COMP4_IRQHandler
                0x08002aec                TIM1_BRK_TIM15_IRQHandler
 *fill*         0x08002aee        0x2 
 .text.HAL_InitTick
                0x08002af0       0x50 CMakeFiles/TwisterDriver.elf.dir/Drivers/STM32G4xx_HAL_Driver/Src/stm32g4xx_hal.c.obj
                0x08002af0                HAL_InitTick
 .text.HAL_Init
                0x08002b40       0x1e CMakeFiles/TwisterDriver.elf.dir/Drivers/STM32G4xx_HAL_Driver/Src/stm32g4xx_hal.c.obj
                0x08002b40                HAL_Init
 *fill*         0x08002b5e        0x2 
 .text.HAL_IncTick
                0x08002b60       0x18 CMakeFiles/TwisterDriver.elf.dir/Drivers/STM32G4xx_HAL_Driver/Src/stm32g4xx_hal.c.obj
                0x08002b60                HAL_IncTick
 .text.HAL_GetTick
                0x08002b78        0xc CMakeFiles/TwisterDriver.elf.dir/Drivers/STM32G4xx_HAL_Driver/Src/stm32g4xx_hal.c.obj
                0x08002b78                HAL_GetTick
 .text.HAL_Delay
                0x08002b84       0x28 CMakeFiles/TwisterDriver.elf.dir/Drivers/STM32G4xx_HAL_Driver/Src/stm32g4xx_hal.c.obj
                0x08002b84                HAL_Delay
 .text.HAL_ADC_Init
                0x08002bac      0x240 CMakeFiles/TwisterDriver.elf.dir/Drivers/STM32G4xx_HAL_Driver/Src/stm32g4xx_hal_adc.c.obj
                0x08002bac                HAL_ADC_Init
 .text.HAL_ADC_PollForConversion
                0x08002dec      0x110 CMakeFiles/TwisterDriver.elf.dir/Drivers/STM32G4xx_HAL_Driver/Src/stm32g4xx_hal_adc.c.obj
                0x08002dec                HAL_ADC_PollForConversion
 .text.HAL_ADC_GetValue
                0x08002efc        0x6 CMakeFiles/TwisterDriver.elf.dir/Drivers/STM32G4xx_HAL_Driver/Src/stm32g4xx_hal_adc.c.obj
                0x08002efc                HAL_ADC_GetValue
 *fill*         0x08002f02        0x2 
 .text.HAL_ADC_ConfigChannel
                0x08002f04      0x4e4 CMakeFiles/TwisterDriver.elf.dir/Drivers/STM32G4xx_HAL_Driver/Src/stm32g4xx_hal_adc.c.obj
                0x08002f04                HAL_ADC_ConfigChannel
 .text.ADC_ConversionStop
                0x080033e8      0x100 CMakeFiles/TwisterDriver.elf.dir/Drivers/STM32G4xx_HAL_Driver/Src/stm32g4xx_hal_adc.c.obj
                0x080033e8                ADC_ConversionStop
 .text.ADC_Enable
                0x080034e8       0x98 CMakeFiles/TwisterDriver.elf.dir/Drivers/STM32G4xx_HAL_Driver/Src/stm32g4xx_hal_adc.c.obj
                0x080034e8                ADC_Enable
 .text.HAL_ADC_Start
                0x08003580       0xf4 CMakeFiles/TwisterDriver.elf.dir/Drivers/STM32G4xx_HAL_Driver/Src/stm32g4xx_hal_adc.c.obj
                0x08003580                HAL_ADC_Start
 .text.ADC_Disable
                0x08003674       0x94 CMakeFiles/TwisterDriver.elf.dir/Drivers/STM32G4xx_HAL_Driver/Src/stm32g4xx_hal_adc.c.obj
                0x08003674                ADC_Disable
 .text.HAL_ADC_Stop
                0x08003708       0x42 CMakeFiles/TwisterDriver.elf.dir/Drivers/STM32G4xx_HAL_Driver/Src/stm32g4xx_hal_adc.c.obj
                0x08003708                HAL_ADC_Stop
 *fill*         0x0800374a        0x2 
 .text.HAL_ADCEx_Calibration_Start
                0x0800374c       0x9c CMakeFiles/TwisterDriver.elf.dir/Drivers/STM32G4xx_HAL_Driver/Src/stm32g4xx_hal_adc_ex.c.obj
                0x0800374c                HAL_ADCEx_Calibration_Start
 .text.HAL_ADCEx_MultiModeConfigChannel
                0x080037e8      0x114 CMakeFiles/TwisterDriver.elf.dir/Drivers/STM32G4xx_HAL_Driver/Src/stm32g4xx_hal_adc_ex.c.obj
                0x080037e8                HAL_ADCEx_MultiModeConfigChannel
 .text.HAL_NVIC_SetPriorityGrouping
                0x080038fc       0x24 CMakeFiles/TwisterDriver.elf.dir/Drivers/STM32G4xx_HAL_Driver/Src/stm32g4xx_hal_cortex.c.obj
                0x080038fc                HAL_NVIC_SetPriorityGrouping
 .text.HAL_NVIC_SetPriority
                0x08003920       0x70 CMakeFiles/TwisterDriver.elf.dir/Drivers/STM32G4xx_HAL_Driver/Src/stm32g4xx_hal_cortex.c.obj
                0x08003920                HAL_NVIC_SetPriority
 .text.HAL_NVIC_EnableIRQ
                0x08003990       0x1c CMakeFiles/TwisterDriver.elf.dir/Drivers/STM32G4xx_HAL_Driver/Src/stm32g4xx_hal_cortex.c.obj
                0x08003990                HAL_NVIC_EnableIRQ
 .text.HAL_SYSTICK_Config
                0x080039ac       0x28 CMakeFiles/TwisterDriver.elf.dir/Drivers/STM32G4xx_HAL_Driver/Src/stm32g4xx_hal_cortex.c.obj
                0x080039ac                HAL_SYSTICK_Config
 .text.DMA_CalcDMAMUXChannelBaseAndMask
                0x080039d4       0x48 CMakeFiles/TwisterDriver.elf.dir/Drivers/STM32G4xx_HAL_Driver/Src/stm32g4xx_hal_dma.c.obj
 .text.DMA_CalcDMAMUXRequestGenBaseAndMask
                0x08003a1c       0x28 CMakeFiles/TwisterDriver.elf.dir/Drivers/STM32G4xx_HAL_Driver/Src/stm32g4xx_hal_dma.c.obj
 .text.HAL_DMA_Init
                0x08003a44       0xd8 CMakeFiles/TwisterDriver.elf.dir/Drivers/STM32G4xx_HAL_Driver/Src/stm32g4xx_hal_dma.c.obj
                0x08003a44                HAL_DMA_Init
 .text.HAL_DMA_Abort
                0x08003b1c       0x6c CMakeFiles/TwisterDriver.elf.dir/Drivers/STM32G4xx_HAL_Driver/Src/stm32g4xx_hal_dma.c.obj
                0x08003b1c                HAL_DMA_Abort
 .text.HAL_DMA_Abort_IT
                0x08003b88       0x7e CMakeFiles/TwisterDriver.elf.dir/Drivers/STM32G4xx_HAL_Driver/Src/stm32g4xx_hal_dma.c.obj
                0x08003b88                HAL_DMA_Abort_IT
 .text.HAL_DMA_IRQHandler
                0x08003c06       0xc4 CMakeFiles/TwisterDriver.elf.dir/Drivers/STM32G4xx_HAL_Driver/Src/stm32g4xx_hal_dma.c.obj
                0x08003c06                HAL_DMA_IRQHandler
 *fill*         0x08003cca        0x2 
 .text.FDCAN_CalcultateRamBlockAddresses
                0x08003ccc       0x68 CMakeFiles/TwisterDriver.elf.dir/Drivers/STM32G4xx_HAL_Driver/Src/stm32g4xx_hal_fdcan.c.obj
 .text.HAL_FDCAN_Init
                0x08003d34      0x1d4 CMakeFiles/TwisterDriver.elf.dir/Drivers/STM32G4xx_HAL_Driver/Src/stm32g4xx_hal_fdcan.c.obj
                0x08003d34                HAL_FDCAN_Init
 .text.HAL_GPIO_Init
                0x08003f08      0x1d4 CMakeFiles/TwisterDriver.elf.dir/Drivers/STM32G4xx_HAL_Driver/Src/stm32g4xx_hal_gpio.c.obj
                0x08003f08                HAL_GPIO_Init
 .text.HAL_GPIO_ReadPin
                0x080040dc        0xe CMakeFiles/TwisterDriver.elf.dir/Drivers/STM32G4xx_HAL_Driver/Src/stm32g4xx_hal_gpio.c.obj
                0x080040dc                HAL_GPIO_ReadPin
 .text.HAL_GPIO_WritePin
                0x080040ea        0xa CMakeFiles/TwisterDriver.elf.dir/Drivers/STM32G4xx_HAL_Driver/Src/stm32g4xx_hal_gpio.c.obj
                0x080040ea                HAL_GPIO_WritePin
 .text.HAL_GPIO_TogglePin
                0x080040f4       0x12 CMakeFiles/TwisterDriver.elf.dir/Drivers/STM32G4xx_HAL_Driver/Src/stm32g4xx_hal_gpio.c.obj
                0x080040f4                HAL_GPIO_TogglePin
 .text.I2C_Flush_TXDR
                0x08004106       0x22 CMakeFiles/TwisterDriver.elf.dir/Drivers/STM32G4xx_HAL_Driver/Src/stm32g4xx_hal_i2c.c.obj
 .text.I2C_TransferConfig
                0x08004128       0x3c CMakeFiles/TwisterDriver.elf.dir/Drivers/STM32G4xx_HAL_Driver/Src/stm32g4xx_hal_i2c.c.obj
 .text.I2C_IsErrorOccurred
                0x08004164      0x12c CMakeFiles/TwisterDriver.elf.dir/Drivers/STM32G4xx_HAL_Driver/Src/stm32g4xx_hal_i2c.c.obj
 .text.I2C_WaitOnTXISFlagUntilTimeout
                0x08004290       0x56 CMakeFiles/TwisterDriver.elf.dir/Drivers/STM32G4xx_HAL_Driver/Src/stm32g4xx_hal_i2c.c.obj
 .text.I2C_WaitOnFlagUntilTimeout
                0x080042e6       0x5a CMakeFiles/TwisterDriver.elf.dir/Drivers/STM32G4xx_HAL_Driver/Src/stm32g4xx_hal_i2c.c.obj
 .text.I2C_RequestMemoryRead
                0x08004340       0x78 CMakeFiles/TwisterDriver.elf.dir/Drivers/STM32G4xx_HAL_Driver/Src/stm32g4xx_hal_i2c.c.obj
 .text.I2C_WaitOnSTOPFlagUntilTimeout
                0x080043b8       0x50 CMakeFiles/TwisterDriver.elf.dir/Drivers/STM32G4xx_HAL_Driver/Src/stm32g4xx_hal_i2c.c.obj
 .text.HAL_I2C_Init
                0x08004408       0xbc CMakeFiles/TwisterDriver.elf.dir/Drivers/STM32G4xx_HAL_Driver/Src/stm32g4xx_hal_i2c.c.obj
                0x08004408                HAL_I2C_Init
 .text.HAL_I2C_Mem_Read
                0x080044c4      0x1b0 CMakeFiles/TwisterDriver.elf.dir/Drivers/STM32G4xx_HAL_Driver/Src/stm32g4xx_hal_i2c.c.obj
                0x080044c4                HAL_I2C_Mem_Read
 .text.HAL_I2CEx_ConfigAnalogFilter
                0x08004674       0x5c CMakeFiles/TwisterDriver.elf.dir/Drivers/STM32G4xx_HAL_Driver/Src/stm32g4xx_hal_i2c_ex.c.obj
                0x08004674                HAL_I2CEx_ConfigAnalogFilter
 .text.HAL_I2CEx_ConfigDigitalFilter
                0x080046d0       0x58 CMakeFiles/TwisterDriver.elf.dir/Drivers/STM32G4xx_HAL_Driver/Src/stm32g4xx_hal_i2c_ex.c.obj
                0x080046d0                HAL_I2CEx_ConfigDigitalFilter
 .text.HAL_PWREx_ControlVoltageScaling
                0x08004728      0x10c CMakeFiles/TwisterDriver.elf.dir/Drivers/STM32G4xx_HAL_Driver/Src/stm32g4xx_hal_pwr_ex.c.obj
                0x08004728                HAL_PWREx_ControlVoltageScaling
 .text.HAL_PWREx_DisableUCPDDeadBattery
                0x08004834       0x10 CMakeFiles/TwisterDriver.elf.dir/Drivers/STM32G4xx_HAL_Driver/Src/stm32g4xx_hal_pwr_ex.c.obj
                0x08004834                HAL_PWREx_DisableUCPDDeadBattery
 .text.RCC_GetSysClockFreqFromPLLSource
                0x08004844       0x58 CMakeFiles/TwisterDriver.elf.dir/Drivers/STM32G4xx_HAL_Driver/Src/stm32g4xx_hal_rcc.c.obj
 .text.HAL_RCC_OscConfig
                0x0800489c      0x4e8 CMakeFiles/TwisterDriver.elf.dir/Drivers/STM32G4xx_HAL_Driver/Src/stm32g4xx_hal_rcc.c.obj
                0x0800489c                HAL_RCC_OscConfig
 .text.HAL_RCC_GetSysClockFreq
                0x08004d84       0x88 CMakeFiles/TwisterDriver.elf.dir/Drivers/STM32G4xx_HAL_Driver/Src/stm32g4xx_hal_rcc.c.obj
                0x08004d84                HAL_RCC_GetSysClockFreq
 .text.HAL_RCC_ClockConfig
                0x08004e0c      0x1f8 CMakeFiles/TwisterDriver.elf.dir/Drivers/STM32G4xx_HAL_Driver/Src/stm32g4xx_hal_rcc.c.obj
                0x08004e0c                HAL_RCC_ClockConfig
 .text.HAL_RCC_GetHCLKFreq
                0x08005004        0xc CMakeFiles/TwisterDriver.elf.dir/Drivers/STM32G4xx_HAL_Driver/Src/stm32g4xx_hal_rcc.c.obj
                0x08005004                HAL_RCC_GetHCLKFreq
 .text.HAL_RCC_GetPCLK1Freq
                0x08005010       0x24 CMakeFiles/TwisterDriver.elf.dir/Drivers/STM32G4xx_HAL_Driver/Src/stm32g4xx_hal_rcc.c.obj
                0x08005010                HAL_RCC_GetPCLK1Freq
 .text.HAL_RCC_GetPCLK2Freq
                0x08005034       0x24 CMakeFiles/TwisterDriver.elf.dir/Drivers/STM32G4xx_HAL_Driver/Src/stm32g4xx_hal_rcc.c.obj
                0x08005034                HAL_RCC_GetPCLK2Freq
 .text.HAL_RCCEx_PeriphCLKConfig
                0x08005058      0x2e4 CMakeFiles/TwisterDriver.elf.dir/Drivers/STM32G4xx_HAL_Driver/Src/stm32g4xx_hal_rcc_ex.c.obj
                0x08005058                HAL_RCCEx_PeriphCLKConfig
 .text.HAL_SPI_Init
                0x0800533c       0xe8 CMakeFiles/TwisterDriver.elf.dir/Drivers/STM32G4xx_HAL_Driver/Src/stm32g4xx_hal_spi.c.obj
                0x0800533c                HAL_SPI_Init
 .text.TIM_OC1_SetConfig
                0x08005424       0xa0 CMakeFiles/TwisterDriver.elf.dir/Drivers/STM32G4xx_HAL_Driver/Src/stm32g4xx_hal_tim.c.obj
 .text.TIM_OC3_SetConfig
                0x080054c4       0x8c CMakeFiles/TwisterDriver.elf.dir/Drivers/STM32G4xx_HAL_Driver/Src/stm32g4xx_hal_tim.c.obj
 .text.TIM_OC4_SetConfig
                0x08005550       0x8c CMakeFiles/TwisterDriver.elf.dir/Drivers/STM32G4xx_HAL_Driver/Src/stm32g4xx_hal_tim.c.obj
 .text.TIM_OC5_SetConfig
                0x080055dc       0x68 CMakeFiles/TwisterDriver.elf.dir/Drivers/STM32G4xx_HAL_Driver/Src/stm32g4xx_hal_tim.c.obj
 .text.TIM_OC6_SetConfig
                0x08005644       0x6c CMakeFiles/TwisterDriver.elf.dir/Drivers/STM32G4xx_HAL_Driver/Src/stm32g4xx_hal_tim.c.obj
 .text.TIM_Base_SetConfig
                0x080056b0       0xb8 CMakeFiles/TwisterDriver.elf.dir/Drivers/STM32G4xx_HAL_Driver/Src/stm32g4xx_hal_tim.c.obj
                0x080056b0                TIM_Base_SetConfig
 .text.HAL_TIM_PWM_Init
                0x08005768       0x60 CMakeFiles/TwisterDriver.elf.dir/Drivers/STM32G4xx_HAL_Driver/Src/stm32g4xx_hal_tim.c.obj
                0x08005768                HAL_TIM_PWM_Init
 .text.HAL_TIM_Encoder_Init
                0x080057c8       0xb6 CMakeFiles/TwisterDriver.elf.dir/Drivers/STM32G4xx_HAL_Driver/Src/stm32g4xx_hal_tim.c.obj
                0x080057c8                HAL_TIM_Encoder_Init
 *fill*         0x0800587e        0x2 
 .text.TIM_OC2_SetConfig
                0x08005880       0x8c CMakeFiles/TwisterDriver.elf.dir/Drivers/STM32G4xx_HAL_Driver/Src/stm32g4xx_hal_tim.c.obj
                0x08005880                TIM_OC2_SetConfig
 .text.HAL_TIM_PWM_ConfigChannel
                0x0800590c      0x13a CMakeFiles/TwisterDriver.elf.dir/Drivers/STM32G4xx_HAL_Driver/Src/stm32g4xx_hal_tim.c.obj
                0x0800590c                HAL_TIM_PWM_ConfigChannel
 .text.TIM_CCxChannelCmd
                0x08005a46       0x1e CMakeFiles/TwisterDriver.elf.dir/Drivers/STM32G4xx_HAL_Driver/Src/stm32g4xx_hal_tim.c.obj
                0x08005a46                TIM_CCxChannelCmd
 .text.HAL_TIM_PWM_Start
                0x08005a64      0x158 CMakeFiles/TwisterDriver.elf.dir/Drivers/STM32G4xx_HAL_Driver/Src/stm32g4xx_hal_tim.c.obj
                0x08005a64                HAL_TIM_PWM_Start
 .text.HAL_TIMEx_MasterConfigSynchronization
                0x08005bbc       0x94 CMakeFiles/TwisterDriver.elf.dir/Drivers/STM32G4xx_HAL_Driver/Src/stm32g4xx_hal_tim_ex.c.obj
                0x08005bbc                HAL_TIMEx_MasterConfigSynchronization
 .text.HAL_TIMEx_ConfigBreakDeadTime
                0x08005c50       0xbc CMakeFiles/TwisterDriver.elf.dir/Drivers/STM32G4xx_HAL_Driver/Src/stm32g4xx_hal_tim_ex.c.obj
                0x08005c50                HAL_TIMEx_ConfigBreakDeadTime
 .text.UART_EndRxTransfer
                0x08005d0c       0x56 CMakeFiles/TwisterDriver.elf.dir/Drivers/STM32G4xx_HAL_Driver/Src/stm32g4xx_hal_uart.c.obj
 .text.HAL_UART_TxCpltCallback
                0x08005d62        0x2 CMakeFiles/TwisterDriver.elf.dir/Drivers/STM32G4xx_HAL_Driver/Src/stm32g4xx_hal_uart.c.obj
                0x08005d62                HAL_UART_TxCpltCallback
 .text.UART_EndTransmit_IT
                0x08005d64       0x24 CMakeFiles/TwisterDriver.elf.dir/Drivers/STM32G4xx_HAL_Driver/Src/stm32g4xx_hal_uart.c.obj
 .text.HAL_UART_ErrorCallback
                0x08005d88        0x2 CMakeFiles/TwisterDriver.elf.dir/Drivers/STM32G4xx_HAL_Driver/Src/stm32g4xx_hal_uart.c.obj
                0x08005d88                HAL_UART_ErrorCallback
 .text.UART_DMAAbortOnError
                0x08005d8a       0x14 CMakeFiles/TwisterDriver.elf.dir/Drivers/STM32G4xx_HAL_Driver/Src/stm32g4xx_hal_uart.c.obj
 .text.HAL_UARTEx_RxEventCallback
                0x08005d9e        0x2 CMakeFiles/TwisterDriver.elf.dir/Drivers/STM32G4xx_HAL_Driver/Src/stm32g4xx_hal_uart.c.obj
                0x08005d9e                HAL_UARTEx_RxEventCallback
 .text.HAL_UART_IRQHandler
                0x08005da0      0x334 CMakeFiles/TwisterDriver.elf.dir/Drivers/STM32G4xx_HAL_Driver/Src/stm32g4xx_hal_uart.c.obj
                0x08005da0                HAL_UART_IRQHandler
 .text.UART_RxISR_8BIT
                0x080060d4       0xb2 CMakeFiles/TwisterDriver.elf.dir/Drivers/STM32G4xx_HAL_Driver/Src/stm32g4xx_hal_uart.c.obj
 .text.UART_RxISR_16BIT
                0x08006186       0xb0 CMakeFiles/TwisterDriver.elf.dir/Drivers/STM32G4xx_HAL_Driver/Src/stm32g4xx_hal_uart.c.obj
 *fill*         0x08006236        0x2 
 .text.UART_RxISR_8BIT_FIFOEN
                0x08006238      0x1a0 CMakeFiles/TwisterDriver.elf.dir/Drivers/STM32G4xx_HAL_Driver/Src/stm32g4xx_hal_uart.c.obj
 .text.UART_RxISR_16BIT_FIFOEN
                0x080063d8      0x1a0 CMakeFiles/TwisterDriver.elf.dir/Drivers/STM32G4xx_HAL_Driver/Src/stm32g4xx_hal_uart.c.obj
 .text.UART_SetConfig
                0x08006578      0x344 CMakeFiles/TwisterDriver.elf.dir/Drivers/STM32G4xx_HAL_Driver/Src/stm32g4xx_hal_uart.c.obj
                0x08006578                UART_SetConfig
 .text.UART_AdvFeatureConfig
                0x080068bc       0xca CMakeFiles/TwisterDriver.elf.dir/Drivers/STM32G4xx_HAL_Driver/Src/stm32g4xx_hal_uart.c.obj
                0x080068bc                UART_AdvFeatureConfig
 .text.UART_WaitOnFlagUntilTimeout
                0x08006986       0xdc CMakeFiles/TwisterDriver.elf.dir/Drivers/STM32G4xx_HAL_Driver/Src/stm32g4xx_hal_uart.c.obj
                0x08006986                UART_WaitOnFlagUntilTimeout
 .text.HAL_UART_Transmit
                0x08006a62       0xde CMakeFiles/TwisterDriver.elf.dir/Drivers/STM32G4xx_HAL_Driver/Src/stm32g4xx_hal_uart.c.obj
                0x08006a62                HAL_UART_Transmit
 .text.UART_CheckIdleState
                0x08006b40       0x74 CMakeFiles/TwisterDriver.elf.dir/Drivers/STM32G4xx_HAL_Driver/Src/stm32g4xx_hal_uart.c.obj
                0x08006b40                UART_CheckIdleState
 .text.HAL_UART_Init
                0x08006bb4       0x66 CMakeFiles/TwisterDriver.elf.dir/Drivers/STM32G4xx_HAL_Driver/Src/stm32g4xx_hal_uart.c.obj
                0x08006bb4                HAL_UART_Init
 *fill*         0x08006c1a        0x2 
 .text.UART_Start_Receive_IT
                0x08006c1c      0x148 CMakeFiles/TwisterDriver.elf.dir/Drivers/STM32G4xx_HAL_Driver/Src/stm32g4xx_hal_uart.c.obj
                0x08006c1c                UART_Start_Receive_IT
 .text.HAL_UART_Receive_IT
                0x08006d64       0x5c CMakeFiles/TwisterDriver.elf.dir/Drivers/STM32G4xx_HAL_Driver/Src/stm32g4xx_hal_uart.c.obj
                0x08006d64                HAL_UART_Receive_IT
 .text.UARTEx_SetNbDataToProcess
                0x08006dc0       0x4c CMakeFiles/TwisterDriver.elf.dir/Drivers/STM32G4xx_HAL_Driver/Src/stm32g4xx_hal_uart_ex.c.obj
 .text.HAL_UARTEx_WakeupCallback
                0x08006e0c        0x2 CMakeFiles/TwisterDriver.elf.dir/Drivers/STM32G4xx_HAL_Driver/Src/stm32g4xx_hal_uart_ex.c.obj
                0x08006e0c                HAL_UARTEx_WakeupCallback
 .text.HAL_UARTEx_RxFifoFullCallback
                0x08006e0e        0x2 CMakeFiles/TwisterDriver.elf.dir/Drivers/STM32G4xx_HAL_Driver/Src/stm32g4xx_hal_uart_ex.c.obj
                0x08006e0e                HAL_UARTEx_RxFifoFullCallback
 .text.HAL_UARTEx_TxFifoEmptyCallback
                0x08006e10        0x2 CMakeFiles/TwisterDriver.elf.dir/Drivers/STM32G4xx_HAL_Driver/Src/stm32g4xx_hal_uart_ex.c.obj
                0x08006e10                HAL_UARTEx_TxFifoEmptyCallback
 .text.HAL_UARTEx_DisableFifoMode
                0x08006e12       0x3e CMakeFiles/TwisterDriver.elf.dir/Drivers/STM32G4xx_HAL_Driver/Src/stm32g4xx_hal_uart_ex.c.obj
                0x08006e12                HAL_UARTEx_DisableFifoMode
 .text.HAL_UARTEx_SetTxFifoThreshold
                0x08006e50       0x4a CMakeFiles/TwisterDriver.elf.dir/Drivers/STM32G4xx_HAL_Driver/Src/stm32g4xx_hal_uart_ex.c.obj
                0x08006e50                HAL_UARTEx_SetTxFifoThreshold
 .text.HAL_UARTEx_SetRxFifoThreshold
                0x08006e9a       0x4a CMakeFiles/TwisterDriver.elf.dir/Drivers/STM32G4xx_HAL_Driver/Src/stm32g4xx_hal_uart_ex.c.obj
                0x08006e9a                HAL_UARTEx_SetRxFifoThreshold
 .text.makeFreeRtosPriority
                0x08006ee4        0xc CMakeFiles/TwisterDriver.elf.dir/Middlewares/Third_Party/FreeRTOS/Source/CMSIS_RTOS/cmsis_os.c.obj
 .text.inHandlerMode
                0x08006ef0        0xc CMakeFiles/TwisterDriver.elf.dir/Middlewares/Third_Party/FreeRTOS/Source/CMSIS_RTOS/cmsis_os.c.obj
 .text.osKernelStart
                0x08006efc        0xa CMakeFiles/TwisterDriver.elf.dir/Middlewares/Third_Party/FreeRTOS/Source/CMSIS_RTOS/cmsis_os.c.obj
                0x08006efc                osKernelStart
 .text.osThreadCreate
                0x08006f06       0x34 CMakeFiles/TwisterDriver.elf.dir/Middlewares/Third_Party/FreeRTOS/Source/CMSIS_RTOS/cmsis_os.c.obj
                0x08006f06                osThreadCreate
 .text.osDelay  0x08006f3a        0xe CMakeFiles/TwisterDriver.elf.dir/Middlewares/Third_Party/FreeRTOS/Source/CMSIS_RTOS/cmsis_os.c.obj
                0x08006f3a                osDelay
 .text.osMutexCreate
                0x08006f48        0xa CMakeFiles/TwisterDriver.elf.dir/Middlewares/Third_Party/FreeRTOS/Source/CMSIS_RTOS/cmsis_os.c.obj
                0x08006f48                osMutexCreate
 .text.osMutexWait
                0x08006f52       0x60 CMakeFiles/TwisterDriver.elf.dir/Middlewares/Third_Party/FreeRTOS/Source/CMSIS_RTOS/cmsis_os.c.obj
                0x08006f52                osMutexWait
 .text.osMutexRelease
                0x08006fb2       0x5a CMakeFiles/TwisterDriver.elf.dir/Middlewares/Third_Party/FreeRTOS/Source/CMSIS_RTOS/cmsis_os.c.obj
                0x08006fb2                osMutexRelease
 .text.osPoolCreate
                0x0800700c       0x6c CMakeFiles/TwisterDriver.elf.dir/Middlewares/Third_Party/FreeRTOS/Source/CMSIS_RTOS/cmsis_os.c.obj
                0x0800700c                osPoolCreate
 .text.osPoolAlloc
                0x08007078       0x6e CMakeFiles/TwisterDriver.elf.dir/Middlewares/Third_Party/FreeRTOS/Source/CMSIS_RTOS/cmsis_os.c.obj
                0x08007078                osPoolAlloc
 .text.osPoolFree
                0x080070e6       0x40 CMakeFiles/TwisterDriver.elf.dir/Middlewares/Third_Party/FreeRTOS/Source/CMSIS_RTOS/cmsis_os.c.obj
                0x080070e6                osPoolFree
 .text.osMessageCreate
                0x08007126        0xe CMakeFiles/TwisterDriver.elf.dir/Middlewares/Third_Party/FreeRTOS/Source/CMSIS_RTOS/cmsis_os.c.obj
                0x08007126                osMessageCreate
 .text.osMessagePut
                0x08007134       0x66 CMakeFiles/TwisterDriver.elf.dir/Middlewares/Third_Party/FreeRTOS/Source/CMSIS_RTOS/cmsis_os.c.obj
                0x08007134                osMessagePut
 .text.osMessageGet
                0x0800719a       0x88 CMakeFiles/TwisterDriver.elf.dir/Middlewares/Third_Party/FreeRTOS/Source/CMSIS_RTOS/cmsis_os.c.obj
                0x0800719a                osMessageGet
 .text.vListInitialise
                0x08007222       0x16 CMakeFiles/TwisterDriver.elf.dir/Middlewares/Third_Party/FreeRTOS/Source/list.c.obj
                0x08007222                vListInitialise
 .text.vListInitialiseItem
                0x08007238        0x6 CMakeFiles/TwisterDriver.elf.dir/Middlewares/Third_Party/FreeRTOS/Source/list.c.obj
                0x08007238                vListInitialiseItem
 .text.vListInsertEnd
                0x0800723e       0x16 CMakeFiles/TwisterDriver.elf.dir/Middlewares/Third_Party/FreeRTOS/Source/list.c.obj
                0x0800723e                vListInsertEnd
 .text.vListInsert
                0x08007254       0x32 CMakeFiles/TwisterDriver.elf.dir/Middlewares/Third_Party/FreeRTOS/Source/list.c.obj
                0x08007254                vListInsert
 .text.uxListRemove
                0x08007286       0x26 CMakeFiles/TwisterDriver.elf.dir/Middlewares/Third_Party/FreeRTOS/Source/list.c.obj
                0x08007286                uxListRemove
 .text.prvTaskExitError
                0x080072ac       0x40 CMakeFiles/TwisterDriver.elf.dir/Middlewares/Third_Party/FreeRTOS/Source/portable/GCC/ARM_CM4F/port.c.obj
 .text.prvPortStartFirstTask
                0x080072ec       0x28 CMakeFiles/TwisterDriver.elf.dir/Middlewares/Third_Party/FreeRTOS/Source/portable/GCC/ARM_CM4F/port.c.obj
 .text.vPortEnableVFP
                0x08007314       0x14 CMakeFiles/TwisterDriver.elf.dir/Middlewares/Third_Party/FreeRTOS/Source/portable/GCC/ARM_CM4F/port.c.obj
 .text.pxPortInitialiseStack
                0x08007328       0x2c CMakeFiles/TwisterDriver.elf.dir/Middlewares/Third_Party/FreeRTOS/Source/portable/GCC/ARM_CM4F/port.c.obj
                0x08007328                pxPortInitialiseStack
 *fill*         0x08007354        0xc 
 .text.SVC_Handler
                0x08007360       0x24 CMakeFiles/TwisterDriver.elf.dir/Middlewares/Third_Party/FreeRTOS/Source/portable/GCC/ARM_CM4F/port.c.obj
                0x08007360                SVC_Handler
 .text.vPortEnterCritical
                0x08007384       0x44 CMakeFiles/TwisterDriver.elf.dir/Middlewares/Third_Party/FreeRTOS/Source/portable/GCC/ARM_CM4F/port.c.obj
                0x08007384                vPortEnterCritical
 .text.vPortExitCritical
                0x080073c8       0x2c CMakeFiles/TwisterDriver.elf.dir/Middlewares/Third_Party/FreeRTOS/Source/portable/GCC/ARM_CM4F/port.c.obj
                0x080073c8                vPortExitCritical
 *fill*         0x080073f4        0xc 
 .text.PendSV_Handler
                0x08007400       0x64 CMakeFiles/TwisterDriver.elf.dir/Middlewares/Third_Party/FreeRTOS/Source/portable/GCC/ARM_CM4F/port.c.obj
                0x08007400                PendSV_Handler
 .text.xPortSysTickHandler
                0x08007464       0x2c CMakeFiles/TwisterDriver.elf.dir/Middlewares/Third_Party/FreeRTOS/Source/portable/GCC/ARM_CM4F/port.c.obj
                0x08007464                xPortSysTickHandler
 .text.vPortSetupTimerInterrupt
                0x08007490       0x28 CMakeFiles/TwisterDriver.elf.dir/Middlewares/Third_Party/FreeRTOS/Source/portable/GCC/ARM_CM4F/port.c.obj
                0x08007490                vPortSetupTimerInterrupt
 .text.xPortStartScheduler
                0x080074b8      0x118 CMakeFiles/TwisterDriver.elf.dir/Middlewares/Third_Party/FreeRTOS/Source/portable/GCC/ARM_CM4F/port.c.obj
                0x080074b8                xPortStartScheduler
 .text.vPortValidateInterruptPriority
                0x080075d0       0x5c CMakeFiles/TwisterDriver.elf.dir/Middlewares/Third_Party/FreeRTOS/Source/portable/GCC/ARM_CM4F/port.c.obj
                0x080075d0                vPortValidateInterruptPriority
 .text.prvHeapInit
                0x0800762c       0x64 CMakeFiles/TwisterDriver.elf.dir/Middlewares/Third_Party/FreeRTOS/Source/portable/MemMang/heap_4.c.obj
 .text.prvInsertBlockIntoFreeList
                0x08007690       0x64 CMakeFiles/TwisterDriver.elf.dir/Middlewares/Third_Party/FreeRTOS/Source/portable/MemMang/heap_4.c.obj
 .text.pvPortMalloc
                0x080076f4       0xfc CMakeFiles/TwisterDriver.elf.dir/Middlewares/Third_Party/FreeRTOS/Source/portable/MemMang/heap_4.c.obj
                0x080076f4                pvPortMalloc
 .text.vPortFree
                0x080077f0       0x7c CMakeFiles/TwisterDriver.elf.dir/Middlewares/Third_Party/FreeRTOS/Source/portable/MemMang/heap_4.c.obj
                0x080077f0                vPortFree
 .text.prvGetDisinheritPriorityAfterTimeout
                0x0800786c       0x10 CMakeFiles/TwisterDriver.elf.dir/Middlewares/Third_Party/FreeRTOS/Source/queue.c.obj
 .text.prvIsQueueFull
                0x0800787c       0x1e CMakeFiles/TwisterDriver.elf.dir/Middlewares/Third_Party/FreeRTOS/Source/queue.c.obj
 .text.prvIsQueueEmpty
                0x0800789a       0x1a CMakeFiles/TwisterDriver.elf.dir/Middlewares/Third_Party/FreeRTOS/Source/queue.c.obj
 .text.prvCopyDataToQueue
                0x080078b4       0x76 CMakeFiles/TwisterDriver.elf.dir/Middlewares/Third_Party/FreeRTOS/Source/queue.c.obj
 .text.prvCopyDataFromQueue
                0x0800792a       0x24 CMakeFiles/TwisterDriver.elf.dir/Middlewares/Third_Party/FreeRTOS/Source/queue.c.obj
 .text.prvUnlockQueue
                0x0800794e       0x6e CMakeFiles/TwisterDriver.elf.dir/Middlewares/Third_Party/FreeRTOS/Source/queue.c.obj
 .text.xQueueGenericReset
                0x080079bc       0x84 CMakeFiles/TwisterDriver.elf.dir/Middlewares/Third_Party/FreeRTOS/Source/queue.c.obj
                0x080079bc                xQueueGenericReset
 .text.prvInitialiseNewQueue
                0x08007a40       0x1c CMakeFiles/TwisterDriver.elf.dir/Middlewares/Third_Party/FreeRTOS/Source/queue.c.obj
 .text.xQueueGenericCreate
                0x08007a5c       0x42 CMakeFiles/TwisterDriver.elf.dir/Middlewares/Third_Party/FreeRTOS/Source/queue.c.obj
                0x08007a5c                xQueueGenericCreate
 .text.xQueueGenericSend
                0x08007a9e      0x188 CMakeFiles/TwisterDriver.elf.dir/Middlewares/Third_Party/FreeRTOS/Source/queue.c.obj
                0x08007a9e                xQueueGenericSend
 .text.prvInitialiseMutex
                0x08007c26       0x18 CMakeFiles/TwisterDriver.elf.dir/Middlewares/Third_Party/FreeRTOS/Source/queue.c.obj
 .text.xQueueCreateMutex
                0x08007c3e       0x16 CMakeFiles/TwisterDriver.elf.dir/Middlewares/Third_Party/FreeRTOS/Source/queue.c.obj
                0x08007c3e                xQueueCreateMutex
 .text.xQueueGenericSendFromISR
                0x08007c54       0xce CMakeFiles/TwisterDriver.elf.dir/Middlewares/Third_Party/FreeRTOS/Source/queue.c.obj
                0x08007c54                xQueueGenericSendFromISR
 .text.xQueueGiveFromISR
                0x08007d22       0xb2 CMakeFiles/TwisterDriver.elf.dir/Middlewares/Third_Party/FreeRTOS/Source/queue.c.obj
                0x08007d22                xQueueGiveFromISR
 .text.xQueueReceive
                0x08007dd4      0x15e CMakeFiles/TwisterDriver.elf.dir/Middlewares/Third_Party/FreeRTOS/Source/queue.c.obj
                0x08007dd4                xQueueReceive
 .text.xQueueSemaphoreTake
                0x08007f32      0x1a6 CMakeFiles/TwisterDriver.elf.dir/Middlewares/Third_Party/FreeRTOS/Source/queue.c.obj
                0x08007f32                xQueueSemaphoreTake
 .text.xQueueReceiveFromISR
                0x080080d8       0xa8 CMakeFiles/TwisterDriver.elf.dir/Middlewares/Third_Party/FreeRTOS/Source/queue.c.obj
                0x080080d8                xQueueReceiveFromISR
 .text.prvResetNextTaskUnblockTime
                0x08008180       0x2c CMakeFiles/TwisterDriver.elf.dir/Middlewares/Third_Party/FreeRTOS/Source/tasks.c.obj
 .text.prvDeleteTCB
                0x080081ac       0x12 CMakeFiles/TwisterDriver.elf.dir/Middlewares/Third_Party/FreeRTOS/Source/tasks.c.obj
 .text.prvInitialiseNewTask
                0x080081be       0xa2 CMakeFiles/TwisterDriver.elf.dir/Middlewares/Third_Party/FreeRTOS/Source/tasks.c.obj
 .text.prvInitialiseTaskLists
                0x08008260       0x68 CMakeFiles/TwisterDriver.elf.dir/Middlewares/Third_Party/FreeRTOS/Source/tasks.c.obj
 .text.prvAddNewTaskToReadyList
                0x080082c8       0xa8 CMakeFiles/TwisterDriver.elf.dir/Middlewares/Third_Party/FreeRTOS/Source/tasks.c.obj
 .text.prvCheckTasksWaitingTermination
                0x08008370       0x4c CMakeFiles/TwisterDriver.elf.dir/Middlewares/Third_Party/FreeRTOS/Source/tasks.c.obj
 .text.prvIdleTask
                0x080083bc       0x28 CMakeFiles/TwisterDriver.elf.dir/Middlewares/Third_Party/FreeRTOS/Source/tasks.c.obj
 .text.prvAddCurrentTaskToDelayedList
                0x080083e4       0x98 CMakeFiles/TwisterDriver.elf.dir/Middlewares/Third_Party/FreeRTOS/Source/tasks.c.obj
 .text.xTaskCreate
                0x0800847c       0x64 CMakeFiles/TwisterDriver.elf.dir/Middlewares/Third_Party/FreeRTOS/Source/tasks.c.obj
                0x0800847c                xTaskCreate
 .text.vTaskStartScheduler
                0x080084e0       0x7c CMakeFiles/TwisterDriver.elf.dir/Middlewares/Third_Party/FreeRTOS/Source/tasks.c.obj
                0x080084e0                vTaskStartScheduler
 .text.vTaskSuspendAll
                0x0800855c       0x10 CMakeFiles/TwisterDriver.elf.dir/Middlewares/Third_Party/FreeRTOS/Source/tasks.c.obj
                0x0800855c                vTaskSuspendAll
 .text.xTaskIncrementTick
                0x0800856c      0x118 CMakeFiles/TwisterDriver.elf.dir/Middlewares/Third_Party/FreeRTOS/Source/tasks.c.obj
                0x0800856c                xTaskIncrementTick
 .text.xTaskResumeAll
                0x08008684       0xf8 CMakeFiles/TwisterDriver.elf.dir/Middlewares/Third_Party/FreeRTOS/Source/tasks.c.obj
                0x08008684                xTaskResumeAll
 .text.vTaskDelay
                0x0800877c       0x4c CMakeFiles/TwisterDriver.elf.dir/Middlewares/Third_Party/FreeRTOS/Source/tasks.c.obj
                0x0800877c                vTaskDelay
 .text.vTaskSwitchContext
                0x080087c8       0x98 CMakeFiles/TwisterDriver.elf.dir/Middlewares/Third_Party/FreeRTOS/Source/tasks.c.obj
                0x080087c8                vTaskSwitchContext
 .text.vTaskPlaceOnEventList
                0x08008860       0x30 CMakeFiles/TwisterDriver.elf.dir/Middlewares/Third_Party/FreeRTOS/Source/tasks.c.obj
                0x08008860                vTaskPlaceOnEventList
 .text.xTaskRemoveFromEventList
                0x08008890       0x8c CMakeFiles/TwisterDriver.elf.dir/Middlewares/Third_Party/FreeRTOS/Source/tasks.c.obj
                0x08008890                xTaskRemoveFromEventList
 .text.vTaskInternalSetTimeOutState
                0x0800891c       0x18 CMakeFiles/TwisterDriver.elf.dir/Middlewares/Third_Party/FreeRTOS/Source/tasks.c.obj
                0x0800891c                vTaskInternalSetTimeOutState
 .text.xTaskCheckForTimeOut
                0x08008934       0x84 CMakeFiles/TwisterDriver.elf.dir/Middlewares/Third_Party/FreeRTOS/Source/tasks.c.obj
                0x08008934                xTaskCheckForTimeOut
 .text.vTaskMissedYield
                0x080089b8        0xc CMakeFiles/TwisterDriver.elf.dir/Middlewares/Third_Party/FreeRTOS/Source/tasks.c.obj
                0x080089b8                vTaskMissedYield
 .text.xTaskGetSchedulerState
                0x080089c4       0x20 CMakeFiles/TwisterDriver.elf.dir/Middlewares/Third_Party/FreeRTOS/Source/tasks.c.obj
                0x080089c4                xTaskGetSchedulerState
 .text.xTaskPriorityInherit
                0x080089e4       0xac CMakeFiles/TwisterDriver.elf.dir/Middlewares/Third_Party/FreeRTOS/Source/tasks.c.obj
                0x080089e4                xTaskPriorityInherit
 .text.xTaskPriorityDisinherit
                0x08008a90       0xb4 CMakeFiles/TwisterDriver.elf.dir/Middlewares/Third_Party/FreeRTOS/Source/tasks.c.obj
                0x08008a90                xTaskPriorityDisinherit
 .text.vTaskPriorityDisinheritAfterTimeout
                0x08008b44       0xb4 CMakeFiles/TwisterDriver.elf.dir/Middlewares/Third_Party/FreeRTOS/Source/tasks.c.obj
                0x08008b44                vTaskPriorityDisinheritAfterTimeout
 .text.pvTaskIncrementMutexHeldCount
                0x08008bf8       0x1c CMakeFiles/TwisterDriver.elf.dir/Middlewares/Third_Party/FreeRTOS/Source/tasks.c.obj
                0x08008bf8                pvTaskIncrementMutexHeldCount
 .text.FOC_Vbus
                0x08008c14       0x18 CMakeFiles/TwisterDriver.elf.dir/UserApp/FOC/FOC.c.obj
                0x08008c14                FOC_Vbus
 *fill*         0x08008c2c        0x4 
 .text._normalizeAngle
                0x08008c30       0x44 CMakeFiles/TwisterDriver.elf.dir/UserApp/FOC/FOC.c.obj
                0x08008c30                _normalizeAngle
 .text._electricalAngle
                0x08008c74       0x24 CMakeFiles/TwisterDriver.elf.dir/UserApp/FOC/FOC.c.obj
                0x08008c74                _electricalAngle
 .text.setPWM   0x08008c98       0xf8 CMakeFiles/TwisterDriver.elf.dir/UserApp/FOC/FOC.c.obj
                0x08008c98                setPWM
 .text.setTorque
                0x08008d90       0xd0 CMakeFiles/TwisterDriver.elf.dir/UserApp/FOC/FOC.c.obj
                0x08008d90                setTorque
 .text.FOC_alignSensor
                0x08008e60       0x74 CMakeFiles/TwisterDriver.elf.dir/UserApp/FOC/FOC.c.obj
                0x08008e60                FOC_alignSensor
 .text.FOC_VEL_PID
                0x08008ed4       0x10 CMakeFiles/TwisterDriver.elf.dir/UserApp/FOC/FOC.c.obj
                0x08008ed4                FOC_VEL_PID
 *fill*         0x08008ee4        0x4 
 .text.FOC_getVelocity
                0x08008ee8       0xbc CMakeFiles/TwisterDriver.elf.dir/UserApp/FOC/FOC.c.obj
                0x08008ee8                FOC_getVelocity
 *fill*         0x08008fa4        0x4 
 .text.FOC_SVPWM
                0x08008fa8      0x218 CMakeFiles/TwisterDriver.elf.dir/UserApp/FOC/FOC.c.obj
                0x08008fa8                FOC_SVPWM
 .text.FOC_setVelocity
                0x080091c0       0xa8 CMakeFiles/TwisterDriver.elf.dir/UserApp/FOC/FOC.c.obj
                0x080091c0                FOC_setVelocity
 .text.Low_Pass_Filter
                0x08009268       0x74 CMakeFiles/TwisterDriver.elf.dir/UserApp/FOC/Filter.c.obj
                0x08009268                Low_Pass_Filter
 .text._init3PWM
                0x080092dc       0x40 CMakeFiles/TwisterDriver.elf.dir/UserApp/FOC/hardware_api.c.obj
                0x080092dc                _init3PWM
 .text._writeDutyCycle3PWM_1
                0x0800931c       0x38 CMakeFiles/TwisterDriver.elf.dir/UserApp/FOC/hardware_api.c.obj
                0x0800931c                _writeDutyCycle3PWM_1
 .text._writeDutyCycle3PWM_2
                0x08009354       0x38 CMakeFiles/TwisterDriver.elf.dir/UserApp/FOC/hardware_api.c.obj
                0x08009354                _writeDutyCycle3PWM_2
 .text._initCurrentSample
                0x0800938c       0x1c CMakeFiles/TwisterDriver.elf.dir/UserApp/FOC/hardware_api.c.obj
                0x0800938c                _initCurrentSample
 .text._currentGetValue
                0x080093a8       0x68 CMakeFiles/TwisterDriver.elf.dir/UserApp/FOC/hardware_api.c.obj
                0x080093a8                _currentGetValue
 .text._currentGetValue2
                0x08009410       0x68 CMakeFiles/TwisterDriver.elf.dir/UserApp/FOC/hardware_api.c.obj
                0x08009410                _currentGetValue2
 .text.Pid_Init
                0x08009478        0xe CMakeFiles/TwisterDriver.elf.dir/UserApp/FOC/my_PID.c.obj
                0x08009478                Pid_Init
 *fill*         0x08009486        0x2 
 .text.Pid_Value_Init
                0x08009488       0xc4 CMakeFiles/TwisterDriver.elf.dir/UserApp/FOC/my_PID.c.obj
                0x08009488                Pid_Value_Init
 .text.Position_Pid_Calculate
                0x0800954c       0xea CMakeFiles/TwisterDriver.elf.dir/UserApp/FOC/my_PID.c.obj
                0x0800954c                Position_Pid_Calculate
 *fill*         0x08009636        0x2 
 .text.mt6701_read_reg
                0x08009638       0x24 CMakeFiles/TwisterDriver.elf.dir/UserApp/MT6701/MT6701.c.obj
                0x08009638                mt6701_read_reg
 .text.mt6701_read_reg_2
                0x0800965c       0x24 CMakeFiles/TwisterDriver.elf.dir/UserApp/MT6701/MT6701.c.obj
                0x0800965c                mt6701_read_reg_2
 .text.i2c_mt6701_get_angle
                0x08009680       0x60 CMakeFiles/TwisterDriver.elf.dir/UserApp/MT6701/MT6701.c.obj
                0x08009680                i2c_mt6701_get_angle
 .text.i2c2_mt6701_get_angle
                0x080096e0       0x60 CMakeFiles/TwisterDriver.elf.dir/UserApp/MT6701/MT6701.c.obj
                0x080096e0                i2c2_mt6701_get_angle
 .text.getAngle2Pulse
                0x08009740        0x6 CMakeFiles/TwisterDriver.elf.dir/UserApp/Servo/Servo.c.obj
                0x08009740                getAngle2Pulse
 .text.move2TargetAngle
                0x08009746       0x80 CMakeFiles/TwisterDriver.elf.dir/UserApp/Servo/Servo.c.obj
                0x08009746                move2TargetAngle
 *fill*         0x080097c6        0x2 
 .text.setAngle_180
                0x080097c8       0x98 CMakeFiles/TwisterDriver.elf.dir/UserApp/Servo/Servo.c.obj
                0x080097c8                setAngle_180
 .text.setAngle_270
                0x08009860       0x98 CMakeFiles/TwisterDriver.elf.dir/UserApp/Servo/Servo.c.obj
                0x08009860                setAngle_270
 .text.Servo_Create
                0x080098f8       0x40 CMakeFiles/TwisterDriver.elf.dir/UserApp/Servo/Servo.c.obj
                0x080098f8                Servo_Create
 .text.Servo_init
                0x08009938       0x94 CMakeFiles/TwisterDriver.elf.dir/UserApp/Servo/Servo.c.obj
                0x08009938                Servo_init
 .text.case_insensitive_strcmp
                0x080099cc       0x60 CMakeFiles/TwisterDriver.elf.dir/UserApp/cJSON/cJSON.c.obj
 .text.get_decimal_point
                0x08009a2c        0x4 CMakeFiles/TwisterDriver.elf.dir/UserApp/cJSON/cJSON.c.obj
 .text.compare_double
                0x08009a30       0x60 CMakeFiles/TwisterDriver.elf.dir/UserApp/cJSON/cJSON.c.obj
 .text.parse_hex4
                0x08009a90       0x4c CMakeFiles/TwisterDriver.elf.dir/UserApp/cJSON/cJSON.c.obj
 .text.utf16_literal_to_utf8
                0x08009adc       0xec CMakeFiles/TwisterDriver.elf.dir/UserApp/cJSON/cJSON.c.obj
 .text.parse_string
                0x08009bc8      0x15c CMakeFiles/TwisterDriver.elf.dir/UserApp/cJSON/cJSON.c.obj
 .text.buffer_skip_whitespace
                0x08009d24       0x3e CMakeFiles/TwisterDriver.elf.dir/UserApp/cJSON/cJSON.c.obj
 .text.suffix_object
                0x08009d62        0x6 CMakeFiles/TwisterDriver.elf.dir/UserApp/cJSON/cJSON.c.obj
 .text.add_item_to_array
                0x08009d68       0x3c CMakeFiles/TwisterDriver.elf.dir/UserApp/cJSON/cJSON.c.obj
 .text.cast_away_const
                0x08009da4        0x2 CMakeFiles/TwisterDriver.elf.dir/UserApp/cJSON/cJSON.c.obj
 .text.update_offset
                0x08009da6       0x1a CMakeFiles/TwisterDriver.elf.dir/UserApp/cJSON/cJSON.c.obj
 .text.cJSON_strdup
                0x08009dc0       0x28 CMakeFiles/TwisterDriver.elf.dir/UserApp/cJSON/cJSON.c.obj
 .text.add_item_to_object
                0x08009de8       0x72 CMakeFiles/TwisterDriver.elf.dir/UserApp/cJSON/cJSON.c.obj
 .text.ensure   0x08009e5a       0xa6 CMakeFiles/TwisterDriver.elf.dir/UserApp/cJSON/cJSON.c.obj
 .text.cJSON_New_Item
                0x08009f00       0x18 CMakeFiles/TwisterDriver.elf.dir/UserApp/cJSON/cJSON.c.obj
 .text.skip_utf8_bom
                0x08009f18       0x38 CMakeFiles/TwisterDriver.elf.dir/UserApp/cJSON/cJSON.c.obj
 .text.parse_number
                0x08009f50      0x164 CMakeFiles/TwisterDriver.elf.dir/UserApp/cJSON/cJSON.c.obj
 .text.print_string_ptr
                0x0800a0b4      0x14c CMakeFiles/TwisterDriver.elf.dir/UserApp/cJSON/cJSON.c.obj
 .text.print_string
                0x0800a200        0xa CMakeFiles/TwisterDriver.elf.dir/UserApp/cJSON/cJSON.c.obj
 *fill*         0x0800a20a        0x2 
 .text.print_number
                0x0800a20c      0x13c CMakeFiles/TwisterDriver.elf.dir/UserApp/cJSON/cJSON.c.obj
 .text.print_value
                0x0800a348      0x114 CMakeFiles/TwisterDriver.elf.dir/UserApp/cJSON/cJSON.c.obj
 .text.print    0x0800a45c       0xa4 CMakeFiles/TwisterDriver.elf.dir/UserApp/cJSON/cJSON.c.obj
 .text.print_array
                0x0800a500       0xa8 CMakeFiles/TwisterDriver.elf.dir/UserApp/cJSON/cJSON.c.obj
 .text.print_object
                0x0800a5a8      0x16a CMakeFiles/TwisterDriver.elf.dir/UserApp/cJSON/cJSON.c.obj
 .text.get_object_item
                0x0800a712       0x4a CMakeFiles/TwisterDriver.elf.dir/UserApp/cJSON/cJSON.c.obj
 .text.cJSON_GetErrorPtr
                0x0800a75c       0x10 CMakeFiles/TwisterDriver.elf.dir/UserApp/cJSON/cJSON.c.obj
                0x0800a75c                cJSON_GetErrorPtr
 .text.cJSON_Delete
                0x0800a76c       0x54 CMakeFiles/TwisterDriver.elf.dir/UserApp/cJSON/cJSON.c.obj
                0x0800a76c                cJSON_Delete
 .text.parse_object
                0x0800a7c0      0x130 CMakeFiles/TwisterDriver.elf.dir/UserApp/cJSON/cJSON.c.obj
 .text.parse_value
                0x0800a8f0      0x108 CMakeFiles/TwisterDriver.elf.dir/UserApp/cJSON/cJSON.c.obj
 .text.parse_array
                0x0800a9f8       0xec CMakeFiles/TwisterDriver.elf.dir/UserApp/cJSON/cJSON.c.obj
 .text.cJSON_ParseWithLengthOpts
                0x0800aae4       0xcc CMakeFiles/TwisterDriver.elf.dir/UserApp/cJSON/cJSON.c.obj
                0x0800aae4                cJSON_ParseWithLengthOpts
 .text.cJSON_ParseWithOpts
                0x0800abb0       0x1c CMakeFiles/TwisterDriver.elf.dir/UserApp/cJSON/cJSON.c.obj
                0x0800abb0                cJSON_ParseWithOpts
 .text.cJSON_Parse
                0x0800abcc        0xc CMakeFiles/TwisterDriver.elf.dir/UserApp/cJSON/cJSON.c.obj
                0x0800abcc                cJSON_Parse
 .text.cJSON_Print
                0x0800abd8       0x10 CMakeFiles/TwisterDriver.elf.dir/UserApp/cJSON/cJSON.c.obj
                0x0800abd8                cJSON_Print
 .text.cJSON_GetObjectItem
                0x0800abe8        0xa CMakeFiles/TwisterDriver.elf.dir/UserApp/cJSON/cJSON.c.obj
                0x0800abe8                cJSON_GetObjectItem
 *fill*         0x0800abf2        0x2 
 .text.cJSON_AddItemToObject
                0x0800abf4       0x18 CMakeFiles/TwisterDriver.elf.dir/UserApp/cJSON/cJSON.c.obj
                0x0800abf4                cJSON_AddItemToObject
 *fill*         0x0800ac0c        0x4 
 .text.cJSON_CreateNumber
                0x0800ac10       0x68 CMakeFiles/TwisterDriver.elf.dir/UserApp/cJSON/cJSON.c.obj
                0x0800ac10                cJSON_CreateNumber
 .text.cJSON_CreateString
                0x0800ac78       0x34 CMakeFiles/TwisterDriver.elf.dir/UserApp/cJSON/cJSON.c.obj
                0x0800ac78                cJSON_CreateString
 .text.cJSON_CreateObject
                0x0800acac       0x14 CMakeFiles/TwisterDriver.elf.dir/UserApp/cJSON/cJSON.c.obj
                0x0800acac                cJSON_CreateObject
 .text.res_sendHeartBeat
                0x0800acc0       0x90 CMakeFiles/TwisterDriver.elf.dir/UserApp/cJsonParse/cmd_Parse.c.obj
                0x0800acc0                res_sendHeartBeat
 .text.cmd_setAngularDeviation
                0x0800ad50       0x7c CMakeFiles/TwisterDriver.elf.dir/UserApp/cJsonParse/cmd_Parse.c.obj
                0x0800ad50                cmd_setAngularDeviation
 *fill*         0x0800adcc        0x4 
 .text.cmd_setMotorAngle
                0x0800add0       0xc4 CMakeFiles/TwisterDriver.elf.dir/UserApp/cJsonParse/cmd_Parse.c.obj
                0x0800add0                cmd_setMotorAngle
 *fill*         0x0800ae94        0x4 
 .text.cmd_setServoAngle
                0x0800ae98       0xe4 CMakeFiles/TwisterDriver.elf.dir/UserApp/cJsonParse/cmd_Parse.c.obj
                0x0800ae98                cmd_setServoAngle
 *fill*         0x0800af7c        0x4 
 .text.cmd_getMotorSpeed
                0x0800af80       0x6c CMakeFiles/TwisterDriver.elf.dir/UserApp/cJsonParse/cmd_Parse.c.obj
                0x0800af80                cmd_getMotorSpeed
 *fill*         0x0800afec        0x4 
 .text.cmd_getMotorAngle
                0x0800aff0       0x6c CMakeFiles/TwisterDriver.elf.dir/UserApp/cJsonParse/cmd_Parse.c.obj
                0x0800aff0                cmd_getMotorAngle
 *fill*         0x0800b05c        0x4 
 .text.cmd_getMotorCurrent
                0x0800b060       0x6c CMakeFiles/TwisterDriver.elf.dir/UserApp/cJsonParse/cmd_Parse.c.obj
                0x0800b060                cmd_getMotorCurrent
 *fill*         0x0800b0cc        0x4 
 .text.cmd_getSystemMode
                0x0800b0d0       0x6c CMakeFiles/TwisterDriver.elf.dir/UserApp/cJsonParse/cmd_Parse.c.obj
                0x0800b0d0                cmd_getSystemMode
 *fill*         0x0800b13c        0x4 
 .text.cmd_setHeartBeat
                0x0800b140       0x84 CMakeFiles/TwisterDriver.elf.dir/UserApp/cJsonParse/cmd_Parse.c.obj
                0x0800b140                cmd_setHeartBeat
 *fill*         0x0800b1c4        0x4 
 .text.cmd_setFOCMode
                0x0800b1c8       0x70 CMakeFiles/TwisterDriver.elf.dir/UserApp/cJsonParse/cmd_Parse.c.obj
                0x0800b1c8                cmd_setFOCMode
 .text.cmd_startParse
                0x0800b238       0x8c CMakeFiles/TwisterDriver.elf.dir/UserApp/cJsonParse/cmd_Parse.c.obj
                0x0800b238                cmd_startParse
 .text.speedReduce
                0x0800b2c4       0x30 CMakeFiles/TwisterDriver.elf.dir/UserApp/multiBotton/multi_button.c.obj
 .text.speedIncrease
                0x0800b2f4       0x30 CMakeFiles/TwisterDriver.elf.dir/UserApp/multiBotton/multi_button.c.obj
 .text.speedClean
                0x0800b324       0x14 CMakeFiles/TwisterDriver.elf.dir/UserApp/multiBotton/multi_button.c.obj
 .text.speedReverse
                0x0800b338       0x28 CMakeFiles/TwisterDriver.elf.dir/UserApp/multiBotton/multi_button.c.obj
 .text.angleReduce
                0x0800b360       0x5c CMakeFiles/TwisterDriver.elf.dir/UserApp/multiBotton/multi_button.c.obj
 .text.angleIncrease
                0x0800b3bc       0x40 CMakeFiles/TwisterDriver.elf.dir/UserApp/multiBotton/multi_button.c.obj
 .text.button_init
                0x0800b3fc       0x30 CMakeFiles/TwisterDriver.elf.dir/UserApp/multiBotton/multi_button.c.obj
                0x0800b3fc                button_init
 .text.button_attach
                0x0800b42c        0x8 CMakeFiles/TwisterDriver.elf.dir/UserApp/multiBotton/multi_button.c.obj
                0x0800b42c                button_attach
 .text.button_handler
                0x0800b434      0x210 CMakeFiles/TwisterDriver.elf.dir/UserApp/multiBotton/multi_button.c.obj
                0x0800b434                button_handler
 .text.button_start
                0x0800b644       0x24 CMakeFiles/TwisterDriver.elf.dir/UserApp/multiBotton/multi_button.c.obj
                0x0800b644                button_start
 .text.button_ticks
                0x0800b668       0x1c CMakeFiles/TwisterDriver.elf.dir/UserApp/multiBotton/multi_button.c.obj
                0x0800b668                button_ticks
 .text.read_KEY1_GPIO
                0x0800b684       0x14 CMakeFiles/TwisterDriver.elf.dir/UserApp/multiBotton/multi_button.c.obj
                0x0800b684                read_KEY1_GPIO
 .text.read_KEY2_GPIO
                0x0800b698       0x14 CMakeFiles/TwisterDriver.elf.dir/UserApp/multiBotton/multi_button.c.obj
                0x0800b698                read_KEY2_GPIO
 .text.read_KEY3_GPIO
                0x0800b6ac       0x14 CMakeFiles/TwisterDriver.elf.dir/UserApp/multiBotton/multi_button.c.obj
                0x0800b6ac                read_KEY3_GPIO
 .text.read_KEY4_GPIO
                0x0800b6c0       0x14 CMakeFiles/TwisterDriver.elf.dir/UserApp/multiBotton/multi_button.c.obj
                0x0800b6c0                read_KEY4_GPIO
 .text.read_KEY5_GPIO
                0x0800b6d4       0x14 CMakeFiles/TwisterDriver.elf.dir/UserApp/multiBotton/multi_button.c.obj
                0x0800b6d4                read_KEY5_GPIO
 .text.read_KEY6_GPIO
                0x0800b6e8       0x10 CMakeFiles/TwisterDriver.elf.dir/UserApp/multiBotton/multi_button.c.obj
                0x0800b6e8                read_KEY6_GPIO
 .text.KEY1_PRESS_DOWN_Handler
                0x0800b6f8        0x8 CMakeFiles/TwisterDriver.elf.dir/UserApp/multiBotton/multi_button.c.obj
                0x0800b6f8                KEY1_PRESS_DOWN_Handler
 .text.KEY2_PRESS_DOWN_Handler
                0x0800b700        0x8 CMakeFiles/TwisterDriver.elf.dir/UserApp/multiBotton/multi_button.c.obj
                0x0800b700                KEY2_PRESS_DOWN_Handler
 .text.KEY3_PRESS_DOWN_Handler
                0x0800b708        0x8 CMakeFiles/TwisterDriver.elf.dir/UserApp/multiBotton/multi_button.c.obj
                0x0800b708                KEY3_PRESS_DOWN_Handler
 .text.KEY4_PRESS_DOWN_Handler
                0x0800b710        0x8 CMakeFiles/TwisterDriver.elf.dir/UserApp/multiBotton/multi_button.c.obj
                0x0800b710                KEY4_PRESS_DOWN_Handler
 .text.KEY5_PRESS_DOWN_Handler
                0x0800b718        0x8 CMakeFiles/TwisterDriver.elf.dir/UserApp/multiBotton/multi_button.c.obj
                0x0800b718                KEY5_PRESS_DOWN_Handler
 .text.KEY6_PRESS_DOWN_Handler
                0x0800b720        0x8 CMakeFiles/TwisterDriver.elf.dir/UserApp/multiBotton/multi_button.c.obj
                0x0800b720                KEY6_PRESS_DOWN_Handler
 .text.uart_printf
                0x0800b728       0x48 CMakeFiles/TwisterDriver.elf.dir/UserApp/retarget/retarget.c.obj
                0x0800b728                uart_printf
 .text.uart3_printf
                0x0800b770       0x64 CMakeFiles/TwisterDriver.elf.dir/UserApp/retarget/retarget.c.obj
                0x0800b770                uart3_printf
 .text.__errno  0x0800b7d4        0xc e:/compiler/bin/../lib/gcc/arm-none-eabi/10.2.1/../../../../arm-none-eabi/lib/thumb/v7e-m+fp/hard\libg.a(lib_a-errno.o)
                0x0800b7d4                __errno
 .text.__libc_init_array
                0x0800b7e0       0x48 e:/compiler/bin/../lib/gcc/arm-none-eabi/10.2.1/../../../../arm-none-eabi/lib/thumb/v7e-m+fp/hard\libg.a(lib_a-init.o)
                0x0800b7e0                __libc_init_array
 .text.malloc   0x0800b828       0x10 e:/compiler/bin/../lib/gcc/arm-none-eabi/10.2.1/../../../../arm-none-eabi/lib/thumb/v7e-m+fp/hard\libg.a(lib_a-malloc.o)
                0x0800b828                malloc
 .text.free     0x0800b838       0x10 e:/compiler/bin/../lib/gcc/arm-none-eabi/10.2.1/../../../../arm-none-eabi/lib/thumb/v7e-m+fp/hard\libg.a(lib_a-malloc.o)
                0x0800b838                free
 .text._malloc_r
                0x0800b848      0x560 e:/compiler/bin/../lib/gcc/arm-none-eabi/10.2.1/../../../../arm-none-eabi/lib/thumb/v7e-m+fp/hard\libg.a(lib_a-mallocr.o)
                0x0800b848                _malloc_r
 .text.memset   0x0800bda8       0xa4 e:/compiler/bin/../lib/gcc/arm-none-eabi/10.2.1/../../../../arm-none-eabi/lib/thumb/v7e-m+fp/hard\libg.a(lib_a-memset.o)
                0x0800bda8                memset
 .text.__malloc_lock
                0x0800be4c        0xc e:/compiler/bin/../lib/gcc/arm-none-eabi/10.2.1/../../../../arm-none-eabi/lib/thumb/v7e-m+fp/hard\libg.a(lib_a-mlock.o)
                0x0800be4c                __malloc_lock
 .text.__malloc_unlock
                0x0800be58        0xc e:/compiler/bin/../lib/gcc/arm-none-eabi/10.2.1/../../../../arm-none-eabi/lib/thumb/v7e-m+fp/hard\libg.a(lib_a-mlock.o)
                0x0800be58                __malloc_unlock
 .text.realloc  0x0800be64       0x18 e:/compiler/bin/../lib/gcc/arm-none-eabi/10.2.1/../../../../arm-none-eabi/lib/thumb/v7e-m+fp/hard\libg.a(lib_a-realloc.o)
                0x0800be64                realloc
 .text._realloc_r
                0x0800be7c      0x3d8 e:/compiler/bin/../lib/gcc/arm-none-eabi/10.2.1/../../../../arm-none-eabi/lib/thumb/v7e-m+fp/hard\libg.a(lib_a-reallocr.o)
                0x0800be7c                _realloc_r
 .text._sbrk_r  0x0800c254       0x24 e:/compiler/bin/../lib/gcc/arm-none-eabi/10.2.1/../../../../arm-none-eabi/lib/thumb/v7e-m+fp/hard\libg.a(lib_a-sbrkr.o)
                0x0800c254                _sbrk_r
 .text.sprintf  0x0800c278       0x40 e:/compiler/bin/../lib/gcc/arm-none-eabi/10.2.1/../../../../arm-none-eabi/lib/thumb/v7e-m+fp/hard\libg.a(lib_a-sprintf.o)
                0x0800c278                sprintf
 .text.sscanf   0x0800c2b8       0x58 e:/compiler/bin/../lib/gcc/arm-none-eabi/10.2.1/../../../../arm-none-eabi/lib/thumb/v7e-m+fp/hard\libg.a(lib_a-sscanf.o)
                0x0800c2b8                sscanf
 .text.__sread  0x0800c310       0x24 e:/compiler/bin/../lib/gcc/arm-none-eabi/10.2.1/../../../../arm-none-eabi/lib/thumb/v7e-m+fp/hard\libg.a(lib_a-stdio.o)
                0x0800c310                __sread
 .text.__seofread
                0x0800c334        0x4 e:/compiler/bin/../lib/gcc/arm-none-eabi/10.2.1/../../../../arm-none-eabi/lib/thumb/v7e-m+fp/hard\libg.a(lib_a-stdio.o)
                0x0800c334                __seofread
 .text.__swrite
                0x0800c338       0x40 e:/compiler/bin/../lib/gcc/arm-none-eabi/10.2.1/../../../../arm-none-eabi/lib/thumb/v7e-m+fp/hard\libg.a(lib_a-stdio.o)
                0x0800c338                __swrite
 .text.__sseek  0x0800c378       0x20 e:/compiler/bin/../lib/gcc/arm-none-eabi/10.2.1/../../../../arm-none-eabi/lib/thumb/v7e-m+fp/hard\libg.a(lib_a-stdio.o)
                0x0800c378                __sseek
 .text.__sclose
                0x0800c398        0x8 e:/compiler/bin/../lib/gcc/arm-none-eabi/10.2.1/../../../../arm-none-eabi/lib/thumb/v7e-m+fp/hard\libg.a(lib_a-stdio.o)
                0x0800c398                __sclose
 .text.strncmp  0x0800c3a0       0x80 e:/compiler/bin/../lib/gcc/arm-none-eabi/10.2.1/../../../../arm-none-eabi/lib/thumb/v7e-m+fp/hard\libg.a(lib_a-strncmp.o)
                0x0800c3a0                strncmp
 .text.strncpy  0x0800c420       0x64 e:/compiler/bin/../lib/gcc/arm-none-eabi/10.2.1/../../../../arm-none-eabi/lib/thumb/v7e-m+fp/hard\libg.a(lib_a-strncpy.o)
                0x0800c420                strncpy
 *fill*         0x0800c484        0x4 
 .text._strtod_l
                0x0800c488      0xf50 e:/compiler/bin/../lib/gcc/arm-none-eabi/10.2.1/../../../../arm-none-eabi/lib/thumb/v7e-m+fp/hard\libg.a(lib_a-strtod.o)
                0x0800c488                _strtod_l
 .text._strtod_r
                0x0800d3d8        0xc e:/compiler/bin/../lib/gcc/arm-none-eabi/10.2.1/../../../../arm-none-eabi/lib/thumb/v7e-m+fp/hard\libg.a(lib_a-strtod.o)
                0x0800d3d8                _strtod_r
 .text.strtod   0x0800d3e4       0x20 e:/compiler/bin/../lib/gcc/arm-none-eabi/10.2.1/../../../../arm-none-eabi/lib/thumb/v7e-m+fp/hard\libg.a(lib_a-strtod.o)
                0x0800d3e4                strtod
 *fill*         0x0800d404        0x4 
 .text._svfprintf_r
                0x0800d408     0x1adc e:/compiler/bin/../lib/gcc/arm-none-eabi/10.2.1/../../../../arm-none-eabi/lib/thumb/v7e-m+fp/hard\libg.a(lib_a-svfprintf.o)
                0x0800d408                _svfprintf_r
 .text.__ssvfscanf_r
                0x0800eee4     0x16dc e:/compiler/bin/../lib/gcc/arm-none-eabi/10.2.1/../../../../arm-none-eabi/lib/thumb/v7e-m+fp/hard\libg.a(lib_a-svfscanf.o)
                0x0800eee4                __ssvfscanf_r
 .text.vsnprintf
                0x080105c0       0x70 e:/compiler/bin/../lib/gcc/arm-none-eabi/10.2.1/../../../../arm-none-eabi/lib/thumb/v7e-m+fp/hard\libg.a(lib_a-vsnprintf.o)
                0x080105c0                vsnprintf
 .text._write_r
                0x08010630       0x2c e:/compiler/bin/../lib/gcc/arm-none-eabi/10.2.1/../../../../arm-none-eabi/lib/thumb/v7e-m+fp/hard\libg.a(lib_a-writer.o)
                0x08010630                _write_r
 .text.startup.register_fini
                0x0801065c       0x14 e:/compiler/bin/../lib/gcc/arm-none-eabi/10.2.1/../../../../arm-none-eabi/lib/thumb/v7e-m+fp/hard\libg.a(lib_a-__call_atexit.o)
 .text.atexit   0x08010670        0xc e:/compiler/bin/../lib/gcc/arm-none-eabi/10.2.1/../../../../arm-none-eabi/lib/thumb/v7e-m+fp/hard\libg.a(lib_a-atexit.o)
                0x08010670                atexit
 .text._close_r
                0x0801067c       0x24 e:/compiler/bin/../lib/gcc/arm-none-eabi/10.2.1/../../../../arm-none-eabi/lib/thumb/v7e-m+fp/hard\libg.a(lib_a-closer.o)
                0x0801067c                _close_r
 .text.quorem   0x080106a0      0x128 e:/compiler/bin/../lib/gcc/arm-none-eabi/10.2.1/../../../../arm-none-eabi/lib/thumb/v7e-m+fp/hard\libg.a(lib_a-dtoa.o)
 .text._dtoa_r  0x080107c8      0xf40 e:/compiler/bin/../lib/gcc/arm-none-eabi/10.2.1/../../../../arm-none-eabi/lib/thumb/v7e-m+fp/hard\libg.a(lib_a-dtoa.o)
                0x080107c8                _dtoa_r
 .text.__libc_fini_array
                0x08011708       0x2c e:/compiler/bin/../lib/gcc/arm-none-eabi/10.2.1/../../../../arm-none-eabi/lib/thumb/v7e-m+fp/hard\libg.a(lib_a-fini.o)
                0x08011708                __libc_fini_array
 .text._malloc_trim_r
                0x08011734       0xa0 e:/compiler/bin/../lib/gcc/arm-none-eabi/10.2.1/../../../../arm-none-eabi/lib/thumb/v7e-m+fp/hard\libg.a(lib_a-freer.o)
                0x08011734                _malloc_trim_r
 .text._free_r  0x080117d4      0x20c e:/compiler/bin/../lib/gcc/arm-none-eabi/10.2.1/../../../../arm-none-eabi/lib/thumb/v7e-m+fp/hard\libg.a(lib_a-freer.o)
                0x080117d4                _free_r
 .text.rshift   0x080119e0       0xa4 e:/compiler/bin/../lib/gcc/arm-none-eabi/10.2.1/../../../../arm-none-eabi/lib/thumb/v7e-m+fp/hard\libg.a(lib_a-gdtoa-gethex.o)
 .text.__gethex
                0x08011a84      0x5dc e:/compiler/bin/../lib/gcc/arm-none-eabi/10.2.1/../../../../arm-none-eabi/lib/thumb/v7e-m+fp/hard\libg.a(lib_a-gdtoa-gethex.o)
                0x08011a84                __gethex
 .text.__match  0x08012060       0x38 e:/compiler/bin/../lib/gcc/arm-none-eabi/10.2.1/../../../../arm-none-eabi/lib/thumb/v7e-m+fp/hard\libg.a(lib_a-gdtoa-hexnan.o)
                0x08012060                __match
 .text.__hexnan
                0x08012098      0x1ac e:/compiler/bin/../lib/gcc/arm-none-eabi/10.2.1/../../../../arm-none-eabi/lib/thumb/v7e-m+fp/hard\libg.a(lib_a-gdtoa-hexnan.o)
                0x08012098                __hexnan
 .text.iswspace
                0x08012244        0x8 e:/compiler/bin/../lib/gcc/arm-none-eabi/10.2.1/../../../../arm-none-eabi/lib/thumb/v7e-m+fp/hard\libg.a(lib_a-iswspace.o)
                0x08012244                iswspace
 .text.iswspace_l
                0x0801224c       0x14 e:/compiler/bin/../lib/gcc/arm-none-eabi/10.2.1/../../../../arm-none-eabi/lib/thumb/v7e-m+fp/hard\libg.a(lib_a-iswspace_l.o)
                0x0801224c                iswspace_l
 .text.__locale_mb_cur_max
                0x08012260        0xc e:/compiler/bin/../lib/gcc/arm-none-eabi/10.2.1/../../../../arm-none-eabi/lib/thumb/v7e-m+fp/hard\libg.a(lib_a-locale.o)
                0x08012260                __locale_mb_cur_max
 .text._localeconv_r
                0x0801226c        0x8 e:/compiler/bin/../lib/gcc/arm-none-eabi/10.2.1/../../../../arm-none-eabi/lib/thumb/v7e-m+fp/hard\libg.a(lib_a-localeconv.o)
                0x0801226c                _localeconv_r
 .text.__retarget_lock_init_recursive
                0x08012274        0x4 e:/compiler/bin/../lib/gcc/arm-none-eabi/10.2.1/../../../../arm-none-eabi/lib/thumb/v7e-m+fp/hard\libg.a(lib_a-lock.o)
                0x08012274                __retarget_lock_init_recursive
 .text.__retarget_lock_close_recursive
                0x08012278        0x4 e:/compiler/bin/../lib/gcc/arm-none-eabi/10.2.1/../../../../arm-none-eabi/lib/thumb/v7e-m+fp/hard\libg.a(lib_a-lock.o)
                0x08012278                __retarget_lock_close_recursive
 .text.__retarget_lock_acquire_recursive
                0x0801227c        0x4 e:/compiler/bin/../lib/gcc/arm-none-eabi/10.2.1/../../../../arm-none-eabi/lib/thumb/v7e-m+fp/hard\libg.a(lib_a-lock.o)
                0x0801227c                __retarget_lock_acquire_recursive
 .text.__retarget_lock_release_recursive
                0x08012280        0x4 e:/compiler/bin/../lib/gcc/arm-none-eabi/10.2.1/../../../../arm-none-eabi/lib/thumb/v7e-m+fp/hard\libg.a(lib_a-lock.o)
                0x08012280                __retarget_lock_release_recursive
 .text._lseek_r
                0x08012284       0x2c e:/compiler/bin/../lib/gcc/arm-none-eabi/10.2.1/../../../../arm-none-eabi/lib/thumb/v7e-m+fp/hard\libg.a(lib_a-lseekr.o)
                0x08012284                _lseek_r
 .text._mbrtowc_r
                0x080122b0       0x44 e:/compiler/bin/../lib/gcc/arm-none-eabi/10.2.1/../../../../arm-none-eabi/lib/thumb/v7e-m+fp/hard\libg.a(lib_a-mbrtowc.o)
                0x080122b0                _mbrtowc_r
 .text.__ascii_mbtowc
                0x080122f4       0x2c e:/compiler/bin/../lib/gcc/arm-none-eabi/10.2.1/../../../../arm-none-eabi/lib/thumb/v7e-m+fp/hard\libg.a(lib_a-mbtowc_r.o)
                0x080122f4                __ascii_mbtowc
 .text.memmove  0x08012320       0xf8 e:/compiler/bin/../lib/gcc/arm-none-eabi/10.2.1/../../../../arm-none-eabi/lib/thumb/v7e-m+fp/hard\libg.a(lib_a-memmove.o)
                0x08012320                memmove
 .text._Balloc  0x08012418       0x4c e:/compiler/bin/../lib/gcc/arm-none-eabi/10.2.1/../../../../arm-none-eabi/lib/thumb/v7e-m+fp/hard\libg.a(lib_a-mprec.o)
                0x08012418                _Balloc
 .text._Bfree   0x08012464       0x14 e:/compiler/bin/../lib/gcc/arm-none-eabi/10.2.1/../../../../arm-none-eabi/lib/thumb/v7e-m+fp/hard\libg.a(lib_a-mprec.o)
                0x08012464                _Bfree
 .text.__multadd
                0x08012478       0xa8 e:/compiler/bin/../lib/gcc/arm-none-eabi/10.2.1/../../../../arm-none-eabi/lib/thumb/v7e-m+fp/hard\libg.a(lib_a-mprec.o)
                0x08012478                __multadd
 .text.__s2b    0x08012520       0xb4 e:/compiler/bin/../lib/gcc/arm-none-eabi/10.2.1/../../../../arm-none-eabi/lib/thumb/v7e-m+fp/hard\libg.a(lib_a-mprec.o)
                0x08012520                __s2b
 .text.__hi0bits
                0x080125d4       0x40 e:/compiler/bin/../lib/gcc/arm-none-eabi/10.2.1/../../../../arm-none-eabi/lib/thumb/v7e-m+fp/hard\libg.a(lib_a-mprec.o)
                0x080125d4                __hi0bits
 .text.__lo0bits
                0x08012614       0x60 e:/compiler/bin/../lib/gcc/arm-none-eabi/10.2.1/../../../../arm-none-eabi/lib/thumb/v7e-m+fp/hard\libg.a(lib_a-mprec.o)
                0x08012614                __lo0bits
 .text.__i2b    0x08012674       0x5c e:/compiler/bin/../lib/gcc/arm-none-eabi/10.2.1/../../../../arm-none-eabi/lib/thumb/v7e-m+fp/hard\libg.a(lib_a-mprec.o)
                0x08012674                __i2b
 .text.__multiply
                0x080126d0      0x158 e:/compiler/bin/../lib/gcc/arm-none-eabi/10.2.1/../../../../arm-none-eabi/lib/thumb/v7e-m+fp/hard\libg.a(lib_a-mprec.o)
                0x080126d0                __multiply
 .text.__pow5mult
                0x08012828       0xc0 e:/compiler/bin/../lib/gcc/arm-none-eabi/10.2.1/../../../../arm-none-eabi/lib/thumb/v7e-m+fp/hard\libg.a(lib_a-mprec.o)
                0x08012828                __pow5mult
 .text.__lshift
                0x080128e8       0xf0 e:/compiler/bin/../lib/gcc/arm-none-eabi/10.2.1/../../../../arm-none-eabi/lib/thumb/v7e-m+fp/hard\libg.a(lib_a-mprec.o)
                0x080128e8                __lshift
 .text.__mcmp   0x080129d8       0x44 e:/compiler/bin/../lib/gcc/arm-none-eabi/10.2.1/../../../../arm-none-eabi/lib/thumb/v7e-m+fp/hard\libg.a(lib_a-mprec.o)
                0x080129d8                __mcmp
 .text.__mdiff  0x08012a1c      0x14c e:/compiler/bin/../lib/gcc/arm-none-eabi/10.2.1/../../../../arm-none-eabi/lib/thumb/v7e-m+fp/hard\libg.a(lib_a-mprec.o)
                0x08012a1c                __mdiff
 .text.__ulp    0x08012b68       0x60 e:/compiler/bin/../lib/gcc/arm-none-eabi/10.2.1/../../../../arm-none-eabi/lib/thumb/v7e-m+fp/hard\libg.a(lib_a-mprec.o)
                0x08012b68                __ulp
 .text.__b2d    0x08012bc8       0xc0 e:/compiler/bin/../lib/gcc/arm-none-eabi/10.2.1/../../../../arm-none-eabi/lib/thumb/v7e-m+fp/hard\libg.a(lib_a-mprec.o)
                0x08012bc8                __b2d
 .text.__d2b    0x08012c88       0xd0 e:/compiler/bin/../lib/gcc/arm-none-eabi/10.2.1/../../../../arm-none-eabi/lib/thumb/v7e-m+fp/hard\libg.a(lib_a-mprec.o)
                0x08012c88                __d2b
 .text.__ratio  0x08012d58       0x5c e:/compiler/bin/../lib/gcc/arm-none-eabi/10.2.1/../../../../arm-none-eabi/lib/thumb/v7e-m+fp/hard\libg.a(lib_a-mprec.o)
                0x08012d58                __ratio
 .text.__copybits
                0x08012db4       0x5c e:/compiler/bin/../lib/gcc/arm-none-eabi/10.2.1/../../../../arm-none-eabi/lib/thumb/v7e-m+fp/hard\libg.a(lib_a-mprec.o)
                0x08012db4                __copybits
 .text.__any_on
                0x08012e10       0x64 e:/compiler/bin/../lib/gcc/arm-none-eabi/10.2.1/../../../../arm-none-eabi/lib/thumb/v7e-m+fp/hard\libg.a(lib_a-mprec.o)
                0x08012e10                __any_on
 .text._read_r  0x08012e74       0x2c e:/compiler/bin/../lib/gcc/arm-none-eabi/10.2.1/../../../../arm-none-eabi/lib/thumb/v7e-m+fp/hard\libg.a(lib_a-readr.o)
                0x08012e74                _read_r
 .text.frexp    0x08012ea0       0x6c e:/compiler/bin/../lib/gcc/arm-none-eabi/10.2.1/../../../../arm-none-eabi/lib/thumb/v7e-m+fp/hard\libg.a(lib_a-s_frexp.o)
                0x08012ea0                frexp
 *fill*         0x08012f0c        0x4 
 .text.nan      0x08012f10       0x10 e:/compiler/bin/../lib/gcc/arm-none-eabi/10.2.1/../../../../arm-none-eabi/lib/thumb/v7e-m+fp/hard\libg.a(lib_a-s_nan.o)
                0x08012f10                nan
 .text.__sccl   0x08012f20       0x8c e:/compiler/bin/../lib/gcc/arm-none-eabi/10.2.1/../../../../arm-none-eabi/lib/thumb/v7e-m+fp/hard\libg.a(lib_a-sccl.o)
                0x08012f20                __sccl
 .text.nanf     0x08012fac        0xc e:/compiler/bin/../lib/gcc/arm-none-eabi/10.2.1/../../../../arm-none-eabi/lib/thumb/v7e-m+fp/hard\libg.a(lib_a-sf_nan.o)
                0x08012fac                nanf
 .text._strtol_l.part.0
                0x08012fb8      0x120 e:/compiler/bin/../lib/gcc/arm-none-eabi/10.2.1/../../../../arm-none-eabi/lib/thumb/v7e-m+fp/hard\libg.a(lib_a-strtol.o)
 .text._strtol_r
                0x080130d8       0x1c e:/compiler/bin/../lib/gcc/arm-none-eabi/10.2.1/../../../../arm-none-eabi/lib/thumb/v7e-m+fp/hard\libg.a(lib_a-strtol.o)
                0x080130d8                _strtol_r
 .text._strtoll_l.constprop.0
                0x080130f4      0x170 e:/compiler/bin/../lib/gcc/arm-none-eabi/10.2.1/../../../../arm-none-eabi/lib/thumb/v7e-m+fp/hard\libg.a(lib_a-strtoll.o)
 .text._strtoll_r